Component: ARM Compiler 5.06 update 7 (build 960) Tool: armlink [4d3601]

==============================================================================

Section Cross References

    timer.o(i._Z11NearestTimev) refers to timer.o(.bss) for timers
    timer.o(i._Z7TuneTIMN5Timer4TypeE) refers to timer.o(i._ZNK5Timer4TypecvhEv) for Timer::Type::operator unsigned char() const
    timer.o(i._Z7TuneTIMN5Timer4TypeE) refers to timer.o(i._Z11NearestTimev) for NearestTime()
    timer.o(i._Z7TuneTIMN5Timer4TypeE) refers to hal_tim.o(i._ZN7HAL_TIM6TimeMSEv) for HAL_TIM::TimeMS()
    timer.o(i._Z7TuneTIMN5Timer4TypeE) refers to timer.o(i._Z8StartTIMj) for StartTIM(unsigned)
    timer.o(i._Z7TuneTIMN5Timer4TypeE) refers to timer.o(.bss) for timers
    timer.o(i._Z8StartTIMj) refers to timer.o(i._Z7StopTIMv) for StopTIM()
    timer.o(i._Z8StartTIMj) refers to hal_tim.o(i._ZN7HAL_TIM6TimeMSEv) for HAL_TIM::TimeMS()
    timer.o(i._ZN5Timer10LogPointMSEPc) refers to hal_tim2.o(i._ZN8HAL_TIM28GetTicksEv) for HAL_TIM2::GetTicks()
    timer.o(i._ZN5Timer10LogPointMSEPc) refers to timer.o(.data) for timePrevPoint
    timer.o(i._ZN5Timer10LogPointUSEPc) refers to hal_tim2.o(i._ZN8HAL_TIM28GetTicksEv) for HAL_TIM2::GetTicks()
    timer.o(i._ZN5Timer10LogPointUSEPc) refers to timer.o(.data) for timePrevPoint
    timer.o(i._ZN5Timer12PauseOnTicksEj) refers to hal_tim2.o(i._ZN8HAL_TIM28GetTicksEv) for HAL_TIM2::GetTicks()
    timer.o(i._ZN5Timer12SetAndEnableENS_4TypeEPFvvEj) refers to timer.o(i._ZN5Timer3SetENS_4TypeEPFvvEj) for Timer::Set(Timer::Type, void(*)(), unsigned)
    timer.o(i._ZN5Timer12SetAndEnableENS_4TypeEPFvvEj) refers to timer.o(i._ZN5Timer6EnableENS_4TypeE) for Timer::Enable(Timer::Type)
    timer.o(i._ZN5Timer12StartLoggingEv) refers to hal_tim2.o(i._ZN8HAL_TIM28GetTicksEv) for HAL_TIM2::GetTicks()
    timer.o(i._ZN5Timer12StartLoggingEv) refers to timer.o(.data) for timeStartLogging
    timer.o(i._ZN5Timer15ElapsedCallbackEv) refers to hal_tim.o(i._ZN7HAL_TIM6TimeMSEv) for HAL_TIM::TimeMS()
    timer.o(i._ZN5Timer15ElapsedCallbackEv) refers to timer.o(i._Z11NearestTimev) for NearestTime()
    timer.o(i._ZN5Timer15ElapsedCallbackEv) refers to timer.o(i._Z7StopTIMv) for StopTIM()
    timer.o(i._ZN5Timer15ElapsedCallbackEv) refers to timer.o(i._Z8StartTIMj) for StartTIM(unsigned)
    timer.o(i._ZN5Timer15ElapsedCallbackEv) refers to timer.o(.bss) for timers
    timer.o(i._ZN5Timer15SetAndStartOnceENS_4TypeEPFvvEj) refers to timer.o(i._ZN5Timer3SetENS_4TypeEPFvvEj) for Timer::Set(Timer::Type, void(*)(), unsigned)
    timer.o(i._ZN5Timer15SetAndStartOnceENS_4TypeEPFvvEj) refers to timer.o(i._ZN5Timer9StartOnceENS_4TypeE) for Timer::StartOnce(Timer::Type)
    timer.o(i._ZN5Timer3SetENS_4TypeEPFvvEj) refers to timer.o(i._ZNK5Timer4TypecvhEv) for Timer::Type::operator unsigned char() const
    timer.o(i._ZN5Timer3SetENS_4TypeEPFvvEj) refers to timer.o(.bss) for timers
    timer.o(i._ZN5Timer4InitEv) refers to timer.o(.bss) for timers
    timer.o(i._ZN5Timer5IsRunENS_4TypeE) refers to timer.o(i._ZNK5Timer4TypecvhEv) for Timer::Type::operator unsigned char() const
    timer.o(i._ZN5Timer5IsRunENS_4TypeE) refers to timer.o(.bss) for timers
    timer.o(i._ZN5Timer6EnableENS_4TypeE) refers to timer.o(i._ZNK5Timer4TypecvhEv) for Timer::Type::operator unsigned char() const
    timer.o(i._ZN5Timer6EnableENS_4TypeE) refers to timer.o(i._Z7TuneTIMN5Timer4TypeE) for TuneTIM(Timer::Type)
    timer.o(i._ZN5Timer6EnableENS_4TypeE) refers to timer.o(.bss) for timers
    timer.o(i._ZN5Timer7DisableENS_4TypeE) refers to timer.o(i._ZNK5Timer4TypecvhEv) for Timer::Type::operator unsigned char() const
    timer.o(i._ZN5Timer7DisableENS_4TypeE) refers to timer.o(.bss) for timers
    timer.o(i._ZN5Timer9StartOnceENS_4TypeE) refers to timer.o(i._ZNK5Timer4TypecvhEv) for Timer::Type::operator unsigned char() const
    timer.o(i._ZN5Timer9StartOnceENS_4TypeE) refers to timer.o(i._Z7TuneTIMN5Timer4TypeE) for TuneTIM(Timer::Type)
    timer.o(i._ZN5Timer9StartOnceENS_4TypeE) refers to timer.o(.bss) for timers
    timer.o(.ARM.exidx) refers to timer.o(i._Z7StopTIMv) for i._Z7StopTIMv
    timer.o(.ARM.exidx) refers to timer.o(i._Z8StartTIMj) for i._Z8StartTIMj
    timer.o(.ARM.exidx) refers to timer.o(i._Z11NearestTimev) for i._Z11NearestTimev
    timer.o(.ARM.exidx) refers to timer.o(i._Z7TuneTIMN5Timer4TypeE) for i._Z7TuneTIMN5Timer4TypeE
    timer.o(.ARM.exidx) refers to timer.o(i._ZN5Timer5IsRunENS_4TypeE) for i._ZN5Timer5IsRunENS_4TypeE
    timer.o(.ARM.exidx) refers to timer.o(i._ZN5Timer4InitEv) for i._ZN5Timer4InitEv
    timer.o(.ARM.exidx) refers to timer.o(i._ZN5Timer15ElapsedCallbackEv) for i._ZN5Timer15ElapsedCallbackEv
    timer.o(.ARM.exidx) refers to timer.o(i._ZN5Timer3SetENS_4TypeEPFvvEj) for i._ZN5Timer3SetENS_4TypeEPFvvEj
    timer.o(.ARM.exidx) refers to timer.o(i._ZN5Timer9StartOnceENS_4TypeE) for i._ZN5Timer9StartOnceENS_4TypeE
    timer.o(.ARM.exidx) refers to timer.o(i._ZN5Timer15SetAndStartOnceENS_4TypeEPFvvEj) for i._ZN5Timer15SetAndStartOnceENS_4TypeEPFvvEj
    timer.o(.ARM.exidx) refers to timer.o(i._ZN5Timer6EnableENS_4TypeE) for i._ZN5Timer6EnableENS_4TypeE
    timer.o(.ARM.exidx) refers to timer.o(i._ZN5Timer12SetAndEnableENS_4TypeEPFvvEj) for i._ZN5Timer12SetAndEnableENS_4TypeEPFvvEj
    timer.o(.ARM.exidx) refers to timer.o(i._ZN5Timer7DisableENS_4TypeE) for i._ZN5Timer7DisableENS_4TypeE
    timer.o(.ARM.exidx) refers to timer.o(i._ZN5Timer12PauseOnTicksEj) for i._ZN5Timer12PauseOnTicksEj
    timer.o(.ARM.exidx) refers to timer.o(i._ZN5Timer12StartLoggingEv) for i._ZN5Timer12StartLoggingEv
    timer.o(.ARM.exidx) refers to timer.o(i._ZN5Timer10LogPointUSEPc) for i._ZN5Timer10LogPointUSEPc
    timer.o(.ARM.exidx) refers to timer.o(i._ZN5Timer10LogPointMSEPc) for i._ZN5Timer10LogPointMSEPc
    startup_stm32f407xx.o(STACK) refers (Special) to heapauxi.o(.text) for __use_two_region_memory
    startup_stm32f407xx.o(HEAP) refers (Special) to heapauxi.o(.text) for __use_two_region_memory
    startup_stm32f407xx.o(RESET) refers (Special) to heapauxi.o(.text) for __use_two_region_memory
    startup_stm32f407xx.o(RESET) refers to startup_stm32f407xx.o(STACK) for __initial_sp
    startup_stm32f407xx.o(RESET) refers to startup_stm32f407xx.o(.text) for Reset_Handler
    startup_stm32f407xx.o(RESET) refers to hal_it.o(i.NMI_Handler) for NMI_Handler
    startup_stm32f407xx.o(RESET) refers to hal_it.o(i.HardFault_Handler) for HardFault_Handler
    startup_stm32f407xx.o(RESET) refers to hal_it.o(i.MemManage_Handler) for MemManage_Handler
    startup_stm32f407xx.o(RESET) refers to hal_it.o(i.BusFault_Handler) for BusFault_Handler
    startup_stm32f407xx.o(RESET) refers to hal_it.o(i.UsageFault_Handler) for UsageFault_Handler
    startup_stm32f407xx.o(RESET) refers to hal_it.o(i.SVC_Handler) for SVC_Handler
    startup_stm32f407xx.o(RESET) refers to hal_it.o(i.DebugMon_Handler) for DebugMon_Handler
    startup_stm32f407xx.o(RESET) refers to hal_it.o(i.PendSV_Handler) for PendSV_Handler
    startup_stm32f407xx.o(RESET) refers to hal_it.o(i.SysTick_Handler) for SysTick_Handler
    startup_stm32f407xx.o(RESET) refers to hal_it.o(i.TIM3_IRQHandler) for TIM3_IRQHandler
    startup_stm32f407xx.o(RESET) refers to hal_it.o(i.OTG_FS_IRQHandler) for OTG_FS_IRQHandler
    startup_stm32f407xx.o(RESET) refers to hal_it.o(i.OTG_HS_IRQHandler) for OTG_HS_IRQHandler
    startup_stm32f407xx.o(.text) refers (Special) to heapauxi.o(.text) for __use_two_region_memory
    startup_stm32f407xx.o(.text) refers to system_stm32f4xx.o(i.SystemInit) for SystemInit
    startup_stm32f407xx.o(.text) refers to __main.o(!!!main) for __main
    startup_stm32f407xx.o(.text) refers to startup_stm32f407xx.o(HEAP) for Heap_Mem
    startup_stm32f407xx.o(.text) refers to startup_stm32f407xx.o(STACK) for Stack_Mem
    system_stm32f4xx.o(i.SystemCoreClockUpdate) refers to system_stm32f4xx.o(.data) for SystemCoreClock
    system_stm32f4xx.o(i.SystemCoreClockUpdate) refers to system_stm32f4xx.o(.constdata) for AHBPrescTable
    system_stm32f4xx.o(.ARM.exidx) refers to system_stm32f4xx.o(i.SystemInit) for i.SystemInit
    system_stm32f4xx.o(.ARM.exidx) refers to system_stm32f4xx.o(i.SystemCoreClockUpdate) for i.SystemCoreClockUpdate
    hal.o(i._ZN3HAL17SystemClockConfigEv) refers to hal.o(i._ZN3HAL12ErrorHandlerEv) for HAL::ErrorHandler()
    hal.o(i._ZN3HAL4InitEv) refers to hal.o(i._ZN3HAL17SystemClockConfigEv) for HAL::SystemClockConfig()
    hal.o(i._ZN3HAL4InitEv) refers to hal.o(i._ZN3HAL15EnablePeripheryEv) for HAL::EnablePeriphery()
    hal.o(i._ZN3HAL4InitEv) refers to hal_pio.o(i._ZN7HAL_PIO4InitEv) for HAL_PIO::Init()
    hal.o(.ARM.exidx) refers to hal.o(i.HAL_MspInit) for i.HAL_MspInit
    hal.o(.ARM.exidx) refers to hal.o(i._ZN3HAL15EnablePeripheryEv) for i._ZN3HAL15EnablePeripheryEv
    hal.o(.ARM.exidx) refers to hal.o(i._ZN3HAL12ErrorHandlerEv) for i._ZN3HAL12ErrorHandlerEv
    hal.o(.ARM.exidx) refers to hal.o(i._ZN3HAL17SystemClockConfigEv) for i._ZN3HAL17SystemClockConfigEv
    hal.o(.ARM.exidx) refers to hal.o(i._ZN3HAL4InitEv) for i._ZN3HAL4InitEv
    hal_it.o(i.TIM3_IRQHandler) refers to timer.o(i._ZN5Timer15ElapsedCallbackEv) for Timer::ElapsedCallback()
    hal_it.o(.ARM.exidx) refers to hal_it.o(i.SysTick_Handler) for i.SysTick_Handler
    hal_it.o(.ARM.exidx) refers to hal_it.o(i.OTG_FS_IRQHandler) for i.OTG_FS_IRQHandler
    hal_it.o(.ARM.exidx) refers to hal_it.o(i.OTG_HS_IRQHandler) for i.OTG_HS_IRQHandler
    hal_it.o(.ARM.exidx) refers to hal_it.o(i.MemManage_Handler) for i.MemManage_Handler
    hal_it.o(.ARM.exidx) refers to hal_it.o(i.UsageFault_Handler) for i.UsageFault_Handler
    hal_it.o(.ARM.exidx) refers to hal_it.o(i.HardFault_Handler) for i.HardFault_Handler
    hal_it.o(.ARM.exidx) refers to hal_it.o(i.BusFault_Handler) for i.BusFault_Handler
    hal_it.o(.ARM.exidx) refers to hal_it.o(i.PendSV_Handler) for i.PendSV_Handler
    hal_it.o(.ARM.exidx) refers to hal_it.o(i.NMI_Handler) for i.NMI_Handler
    hal_it.o(.ARM.exidx) refers to hal_it.o(i.SVC_Handler) for i.SVC_Handler
    hal_it.o(.ARM.exidx) refers to hal_it.o(i.DebugMon_Handler) for i.DebugMon_Handler
    hal_it.o(.ARM.exidx) refers to hal_it.o(i.TIM3_IRQHandler) for i.TIM3_IRQHandler
    hal_pio.o(i._ZN7HAL_PIO3SetEN5HPort1EEt) refers to hal_pio.o(.constdata) for ports
    hal_pio.o(i._ZN7HAL_PIO3SetERK9StructPIN) refers to hal_pio.o(.constdata) for ports
    hal_pio.o(i._ZN7HAL_PIO4InitEN5HPort1EEjN5HMode1EEN5HPull1EEN6HSpeed1EEN10HAlternate1EE) refers to hal_pio.o(.constdata) for modes
    hal_pio.o(i._ZN7HAL_PIO4InitEv) refers to rt_memcpy_w.o(.text) for __aeabi_memcpy4
    hal_pio.o(i._ZN7HAL_PIO4InitEv) refers to hal_pio.o(i._ZN7HAL_PIO4InitEN5HPort1EEjN5HMode1EEN5HPull1EEN6HSpeed1EEN10HAlternate1EE) for HAL_PIO::Init(HPort::E, unsigned, HMode::E, HPull::E, HSpeed::E, HAlternate::E)
    hal_pio.o(i._ZN7HAL_PIO4InitEv) refers to hal_pio.o(i._ZN7HAL_PIO5ResetEN5HPort1EEt) for HAL_PIO::Reset(HPort::E, unsigned short)
    hal_pio.o(i._ZN7HAL_PIO4InitEv) refers to hal_pio.o(.constdata) for .constdata
    hal_pio.o(i._ZN7HAL_PIO4ReadEN5HPort1EEt) refers to hal_pio.o(.constdata) for ports
    hal_pio.o(i._ZN7HAL_PIO5ResetEN5HPort1EEt) refers to hal_pio.o(.constdata) for ports
    hal_pio.o(i._ZN7HAL_PIO5ResetERK9StructPIN) refers to hal_pio.o(.constdata) for ports
    hal_pio.o(i._ZN7HAL_PIO5WriteEN5HPort1EEtN6HState1EE) refers to hal_pio.o(.constdata) for ports
    hal_pio.o(i._ZN7HAL_PIO5WriteEN5HPort1EEtb) refers to hal_pio.o(.constdata) for ports
    hal_pio.o(.ARM.exidx) refers to hal_pio.o(i._ZN7HAL_PIO4InitEN5HPort1EEjN5HMode1EEN5HPull1EEN6HSpeed1EEN10HAlternate1EE) for i._ZN7HAL_PIO4InitEN5HPort1EEjN5HMode1EEN5HPull1EEN6HSpeed1EEN10HAlternate1EE
    hal_pio.o(.ARM.exidx) refers to hal_pio.o(i._ZN7HAL_PIO3SetEN5HPort1EEt) for i._ZN7HAL_PIO3SetEN5HPort1EEt
    hal_pio.o(.ARM.exidx) refers to hal_pio.o(i._ZN7HAL_PIO3SetERK9StructPIN) for i._ZN7HAL_PIO3SetERK9StructPIN
    hal_pio.o(.ARM.exidx) refers to hal_pio.o(i._ZN7HAL_PIO5ResetEN5HPort1EEt) for i._ZN7HAL_PIO5ResetEN5HPort1EEt
    hal_pio.o(.ARM.exidx) refers to hal_pio.o(i._ZN7HAL_PIO5ResetERK9StructPIN) for i._ZN7HAL_PIO5ResetERK9StructPIN
    hal_pio.o(.ARM.exidx) refers to hal_pio.o(i._ZN7HAL_PIO5WriteEN5HPort1EEtN6HState1EE) for i._ZN7HAL_PIO5WriteEN5HPort1EEtN6HState1EE
    hal_pio.o(.ARM.exidx) refers to hal_pio.o(i._ZN7HAL_PIO5WriteEN5HPort1EEtb) for i._ZN7HAL_PIO5WriteEN5HPort1EEtb
    hal_pio.o(.ARM.exidx) refers to hal_pio.o(i._ZN7HAL_PIO4ReadEN5HPort1EEt) for i._ZN7HAL_PIO4ReadEN5HPort1EEt
    hal_pio.o(.ARM.exidx) refers to hal_pio.o(i._ZN7HAL_PIO4InitEv) for i._ZN7HAL_PIO4InitEv
    hal_pio.o(.ARM.exidx) refers to hal_pio.o(i._ZN7HAL_PIO9WriteFPGAEh) for i._ZN7HAL_PIO9WriteFPGAEh
    hal_tim.o(.ARM.exidx) refers to hal_tim.o(i._ZN7HAL_TIM6TimeMSEv) for i._ZN7HAL_TIM6TimeMSEv
    hal_tim.o(.ARM.exidx) refers to hal_tim.o(i._ZN7HAL_TIM5DelayEj) for i._ZN7HAL_TIM5DelayEj
    hal_tim2.o(i._ZN8HAL_TIM24InitEv) refers to hal_tim2.o(.bss) for handler
    hal_tim2.o(.ARM.exidx) refers to hal_tim2.o(i._ZN8HAL_TIM24InitEv) for i._ZN8HAL_TIM24InitEv
    hal_tim2.o(.ARM.exidx) refers to hal_tim2.o(i._ZN8HAL_TIM28GetTicksEv) for i._ZN8HAL_TIM28GetTicksEv
    hal_tim2.o(.ARM.exidx) refers to hal_tim2.o(i._ZN8HAL_TIM221StartMultiMeasurementEv) for i._ZN8HAL_TIM221StartMultiMeasurementEv
    hal_tim2.o(.ARM.exidx) refers to hal_tim2.o(i._ZN8HAL_TIM26TimeUSEv) for i._ZN8HAL_TIM26TimeUSEv
    main.o(i.main) refers to hal.o(i._ZN3HAL4InitEv) for HAL::Init()
    main.o(.ARM.exidx) refers to main.o(i.main) for i.main
    __main.o(!!!main) refers to __rtentry.o(.ARM.Collect$$rtentry$$00000000) for __rt_entry
    __rtentry.o(.ARM.Collect$$rtentry$$00000000) refers (Special) to __rtentry2.o(.ARM.Collect$$rtentry$$0000000A) for __rt_entry_li
    __rtentry.o(.ARM.Collect$$rtentry$$00000000) refers (Special) to __rtentry2.o(.ARM.Collect$$rtentry$$0000000D) for __rt_entry_main
    __rtentry.o(.ARM.Collect$$rtentry$$00000000) refers (Special) to __rtentry2.o(.ARM.Collect$$rtentry$$0000000C) for __rt_entry_postli_1
    __rtentry.o(.ARM.Collect$$rtentry$$00000000) refers (Special) to __rtentry2.o(.ARM.Collect$$rtentry$$00000009) for __rt_entry_postsh_1
    __rtentry.o(.ARM.Collect$$rtentry$$00000000) refers (Special) to __rtentry2.o(.ARM.Collect$$rtentry$$00000002) for __rt_entry_presh_1
    __rtentry.o(.ARM.Collect$$rtentry$$00000000) refers (Special) to __rtentry4.o(.ARM.Collect$$rtentry$$00000004) for __rt_entry_sh
    __rtentry2.o(.ARM.Collect$$rtentry$$00000008) refers to boardinit2.o(.text) for _platform_post_stackheap_init
    __rtentry2.o(.ARM.Collect$$rtentry$$0000000A) refers to libinit.o(.ARM.Collect$$libinit$$00000000) for __rt_lib_init
    __rtentry2.o(.ARM.Collect$$rtentry$$0000000B) refers to boardinit3.o(.text) for _platform_post_lib_init
    __rtentry2.o(.ARM.Collect$$rtentry$$0000000D) refers to main.o(i.main) for main
    __rtentry2.o(.ARM.Collect$$rtentry$$0000000D) refers to exit.o(.text) for exit
    __rtentry2.o(.ARM.exidx) refers to __rtentry2.o(.ARM.Collect$$rtentry$$00000001) for .ARM.Collect$$rtentry$$00000001
    __rtentry2.o(.ARM.exidx) refers to __rtentry2.o(.ARM.Collect$$rtentry$$00000008) for .ARM.Collect$$rtentry$$00000008
    __rtentry2.o(.ARM.exidx) refers to __rtentry2.o(.ARM.Collect$$rtentry$$0000000A) for .ARM.Collect$$rtentry$$0000000A
    __rtentry2.o(.ARM.exidx) refers to __rtentry2.o(.ARM.Collect$$rtentry$$0000000B) for .ARM.Collect$$rtentry$$0000000B
    __rtentry2.o(.ARM.exidx) refers to __rtentry2.o(.ARM.Collect$$rtentry$$0000000D) for .ARM.Collect$$rtentry$$0000000D
    __rtentry4.o(.ARM.Collect$$rtentry$$00000004) refers to sys_stackheap_outer.o(.text) for __user_setup_stackheap
    __rtentry4.o(.ARM.exidx) refers to __rtentry4.o(.ARM.Collect$$rtentry$$00000004) for .ARM.Collect$$rtentry$$00000004
    sys_stackheap_outer.o(.text) refers to libspace.o(.text) for __user_perproc_libspace
    sys_stackheap_outer.o(.text) refers to startup_stm32f407xx.o(.text) for __user_initial_stackheap
    exit.o(.text) refers to rtexit.o(.ARM.Collect$$rtexit$$00000000) for __rt_exit
    libinit.o(.ARM.Collect$$libinit$$00000000) refers (Special) to libinit2.o(.ARM.Collect$$libinit$$0000002E) for __rt_lib_init_alloca_1
    libinit.o(.ARM.Collect$$libinit$$00000000) refers (Special) to libinit2.o(.ARM.Collect$$libinit$$0000002C) for __rt_lib_init_argv_1
    libinit.o(.ARM.Collect$$libinit$$00000000) refers (Special) to libinit2.o(.ARM.Collect$$libinit$$0000001B) for __rt_lib_init_atexit_1
    libinit.o(.ARM.Collect$$libinit$$00000000) refers (Special) to libinit2.o(.ARM.Collect$$libinit$$00000021) for __rt_lib_init_clock_1
    libinit.o(.ARM.Collect$$libinit$$00000000) refers (Special) to libinit2.o(.ARM.Collect$$libinit$$00000032) for __rt_lib_init_cpp_1
    libinit.o(.ARM.Collect$$libinit$$00000000) refers (Special) to libinit2.o(.ARM.Collect$$libinit$$00000030) for __rt_lib_init_exceptions_1
    libinit.o(.ARM.Collect$$libinit$$00000000) refers (Special) to libinit2.o(.ARM.Collect$$libinit$$00000001) for __rt_lib_init_fp_1
    libinit.o(.ARM.Collect$$libinit$$00000000) refers (Special) to libinit2.o(.ARM.Collect$$libinit$$0000001F) for __rt_lib_init_fp_trap_1
    libinit.o(.ARM.Collect$$libinit$$00000000) refers (Special) to libinit2.o(.ARM.Collect$$libinit$$00000023) for __rt_lib_init_getenv_1
    libinit.o(.ARM.Collect$$libinit$$00000000) refers (Special) to libinit2.o(.ARM.Collect$$libinit$$0000000A) for __rt_lib_init_heap_1
    libinit.o(.ARM.Collect$$libinit$$00000000) refers (Special) to libinit2.o(.ARM.Collect$$libinit$$00000011) for __rt_lib_init_lc_collate_1
    libinit.o(.ARM.Collect$$libinit$$00000000) refers (Special) to libinit2.o(.ARM.Collect$$libinit$$00000013) for __rt_lib_init_lc_ctype_1
    libinit.o(.ARM.Collect$$libinit$$00000000) refers (Special) to libinit2.o(.ARM.Collect$$libinit$$00000015) for __rt_lib_init_lc_monetary_1
    libinit.o(.ARM.Collect$$libinit$$00000000) refers (Special) to libinit2.o(.ARM.Collect$$libinit$$00000017) for __rt_lib_init_lc_numeric_1
    libinit.o(.ARM.Collect$$libinit$$00000000) refers (Special) to libinit2.o(.ARM.Collect$$libinit$$00000019) for __rt_lib_init_lc_time_1
    libinit.o(.ARM.Collect$$libinit$$00000000) refers (Special) to libinit2.o(.ARM.Collect$$libinit$$00000004) for __rt_lib_init_preinit_1
    libinit.o(.ARM.Collect$$libinit$$00000000) refers (Special) to libinit2.o(.ARM.Collect$$libinit$$0000000E) for __rt_lib_init_rand_1
    libinit.o(.ARM.Collect$$libinit$$00000000) refers (Special) to libinit2.o(.ARM.Collect$$libinit$$00000033) for __rt_lib_init_return
    libinit.o(.ARM.Collect$$libinit$$00000000) refers (Special) to libinit2.o(.ARM.Collect$$libinit$$0000001D) for __rt_lib_init_signal_1
    libinit.o(.ARM.Collect$$libinit$$00000000) refers (Special) to libinit2.o(.ARM.Collect$$libinit$$00000025) for __rt_lib_init_stdio_1
    libinit.o(.ARM.Collect$$libinit$$00000000) refers (Special) to libinit2.o(.ARM.Collect$$libinit$$0000000C) for __rt_lib_init_user_alloc_1
    libspace.o(.text) refers to libspace.o(.bss) for __libspace_start
    rtexit.o(.ARM.Collect$$rtexit$$00000000) refers (Special) to rtexit2.o(.ARM.Collect$$rtexit$$00000004) for __rt_exit_exit
    rtexit.o(.ARM.Collect$$rtexit$$00000000) refers (Special) to rtexit2.o(.ARM.Collect$$rtexit$$00000003) for __rt_exit_ls
    rtexit.o(.ARM.Collect$$rtexit$$00000000) refers (Special) to rtexit2.o(.ARM.Collect$$rtexit$$00000002) for __rt_exit_prels_1
    rtexit.o(.ARM.exidx) refers (Special) to rtexit2.o(.ARM.Collect$$rtexit$$00000004) for __rt_exit_exit
    rtexit.o(.ARM.exidx) refers (Special) to rtexit2.o(.ARM.Collect$$rtexit$$00000003) for __rt_exit_ls
    rtexit.o(.ARM.exidx) refers (Special) to rtexit2.o(.ARM.Collect$$rtexit$$00000002) for __rt_exit_prels_1
    rtexit.o(.ARM.exidx) refers to rtexit.o(.ARM.Collect$$rtexit$$00000000) for .ARM.Collect$$rtexit$$00000000
    libinit2.o(.ARM.Collect$$libinit$$00000001) refers to fpinit.o(x$fpl$fpinit) for _fp_init
    libinit2.o(.ARM.Collect$$libinit$$00000010) refers to libinit2.o(.ARM.Collect$$libinit$$0000000F) for .ARM.Collect$$libinit$$0000000F
    libinit2.o(.ARM.Collect$$libinit$$00000012) refers to libinit2.o(.ARM.Collect$$libinit$$0000000F) for .ARM.Collect$$libinit$$0000000F
    libinit2.o(.ARM.Collect$$libinit$$00000014) refers to libinit2.o(.ARM.Collect$$libinit$$0000000F) for .ARM.Collect$$libinit$$0000000F
    libinit2.o(.ARM.Collect$$libinit$$00000016) refers to libinit2.o(.ARM.Collect$$libinit$$0000000F) for .ARM.Collect$$libinit$$0000000F
    libinit2.o(.ARM.Collect$$libinit$$00000018) refers to libinit2.o(.ARM.Collect$$libinit$$0000000F) for .ARM.Collect$$libinit$$0000000F
    libinit2.o(.ARM.Collect$$libinit$$00000026) refers to argv_veneer.o(.emb_text) for __ARM_argv_veneer
    libinit2.o(.ARM.Collect$$libinit$$00000027) refers to argv_veneer.o(.emb_text) for __ARM_argv_veneer
    rtexit2.o(.ARM.Collect$$rtexit$$00000003) refers to libshutdown.o(.ARM.Collect$$libshutdown$$00000000) for __rt_lib_shutdown
    rtexit2.o(.ARM.Collect$$rtexit$$00000004) refers to sys_exit.o(.text) for _sys_exit
    rtexit2.o(.ARM.exidx) refers to rtexit2.o(.ARM.Collect$$rtexit$$00000001) for .ARM.Collect$$rtexit$$00000001
    rtexit2.o(.ARM.exidx) refers to rtexit2.o(.ARM.Collect$$rtexit$$00000003) for .ARM.Collect$$rtexit$$00000003
    rtexit2.o(.ARM.exidx) refers to rtexit2.o(.ARM.Collect$$rtexit$$00000004) for .ARM.Collect$$rtexit$$00000004
    argv_veneer.o(.emb_text) refers to no_argv.o(.text) for __ARM_get_argv
    sys_exit.o(.text) refers (Special) to use_no_semi.o(.text) for __I$use$semihosting
    sys_exit.o(.text) refers (Special) to indicate_semi.o(.text) for __semihosting_library_function
    _get_argv_nomalloc.o(.text) refers (Special) to hrguard.o(.text) for __heap_region$guard
    _get_argv_nomalloc.o(.text) refers to defsig_rtmem_outer.o(.text) for __rt_SIGRTMEM
    _get_argv_nomalloc.o(.text) refers to sys_command.o(.text) for _sys_command_string
    libshutdown.o(.ARM.Collect$$libshutdown$$00000000) refers (Special) to libshutdown2.o(.ARM.Collect$$libshutdown$$00000004) for __rt_lib_shutdown_cpp_1
    libshutdown.o(.ARM.Collect$$libshutdown$$00000000) refers (Special) to libshutdown2.o(.ARM.Collect$$libshutdown$$00000002) for __rt_lib_shutdown_fini_1
    libshutdown.o(.ARM.Collect$$libshutdown$$00000000) refers (Special) to libshutdown2.o(.ARM.Collect$$libshutdown$$00000009) for __rt_lib_shutdown_fp_trap_1
    libshutdown.o(.ARM.Collect$$libshutdown$$00000000) refers (Special) to libshutdown2.o(.ARM.Collect$$libshutdown$$00000011) for __rt_lib_shutdown_heap_1
    libshutdown.o(.ARM.Collect$$libshutdown$$00000000) refers (Special) to libshutdown2.o(.ARM.Collect$$libshutdown$$00000012) for __rt_lib_shutdown_return
    libshutdown.o(.ARM.Collect$$libshutdown$$00000000) refers (Special) to libshutdown2.o(.ARM.Collect$$libshutdown$$0000000C) for __rt_lib_shutdown_signal_1
    libshutdown.o(.ARM.Collect$$libshutdown$$00000000) refers (Special) to libshutdown2.o(.ARM.Collect$$libshutdown$$00000006) for __rt_lib_shutdown_stdio_1
    libshutdown.o(.ARM.Collect$$libshutdown$$00000000) refers (Special) to libshutdown2.o(.ARM.Collect$$libshutdown$$0000000E) for __rt_lib_shutdown_user_alloc_1
    sys_command.o(.text) refers (Special) to use_no_semi.o(.text) for __I$use$semihosting
    sys_command.o(.text) refers (Special) to indicate_semi.o(.text) for __semihosting_library_function
    defsig_rtmem_outer.o(.text) refers to defsig_rtmem_inner.o(.text) for __rt_SIGRTMEM_inner
    defsig_rtmem_outer.o(.text) refers to defsig_exit.o(.text) for __sig_exit
    defsig_rtmem_formal.o(.text) refers to rt_raise.o(.text) for __rt_raise
    rt_raise.o(.text) refers to __raise.o(.text) for __raise
    rt_raise.o(.text) refers to sys_exit.o(.text) for _sys_exit
    defsig_exit.o(.text) refers to sys_exit.o(.text) for _sys_exit
    defsig_rtmem_inner.o(.text) refers to defsig_general.o(.text) for __default_signal_display
    __raise.o(.text) refers to defsig.o(CL$$defsig) for __default_signal_handler
    defsig_general.o(.text) refers to sys_wrch.o(.text) for _ttywrch
    sys_wrch.o(.text) refers (Special) to use_no_semi.o(.text) for __I$use$semihosting
    sys_wrch.o(.text) refers (Special) to indicate_semi.o(.text) for __semihosting_library_function
    defsig.o(CL$$defsig) refers to defsig_rtmem_inner.o(.text) for __rt_SIGRTMEM_inner
    defsig_abrt_inner.o(.text) refers to defsig_general.o(.text) for __default_signal_display
    defsig_fpe_inner.o(.text) refers to defsig_general.o(.text) for __default_signal_display
    defsig_rtred_inner.o(.text) refers to defsig_general.o(.text) for __default_signal_display
    defsig_stak_inner.o(.text) refers to defsig_general.o(.text) for __default_signal_display
    defsig_pvfn_inner.o(.text) refers to defsig_general.o(.text) for __default_signal_display
    defsig_cppl_inner.o(.text) refers to defsig_general.o(.text) for __default_signal_display
    defsig_segv_inner.o(.text) refers to defsig_general.o(.text) for __default_signal_display
    defsig_other.o(.text) refers to defsig_general.o(.text) for __default_signal_display
    timer.o(.ARM.exidx) refers to timer.o(i._ZNK5Timer4TypecvhEv) for i._ZNK5Timer4TypecvhEv


==============================================================================

Removing Unused input sections from the image.

    Removing timer.o(.rev16_text), (4 bytes).
    Removing timer.o(.revsh_text), (4 bytes).
    Removing timer.o(.rrx_text), (6 bytes).
    Removing timer.o(i._Z7TuneTIMN5Timer4TypeE), (48 bytes).
    Removing timer.o(i._ZN5Timer10LogPointMSEPc), (32 bytes).
    Removing timer.o(i._ZN5Timer10LogPointUSEPc), (32 bytes).
    Removing timer.o(i._ZN5Timer12PauseOnTicksEj), (26 bytes).
    Removing timer.o(i._ZN5Timer12SetAndEnableENS_4TypeEPFvvEj), (24 bytes).
    Removing timer.o(i._ZN5Timer12StartLoggingEv), (28 bytes).
    Removing timer.o(i._ZN5Timer15SetAndStartOnceENS_4TypeEPFvvEj), (24 bytes).
    Removing timer.o(i._ZN5Timer3SetENS_4TypeEPFvvEj), (28 bytes).
    Removing timer.o(i._ZN5Timer4InitEv), (36 bytes).
    Removing timer.o(i._ZN5Timer5IsRunENS_4TypeE), (32 bytes).
    Removing timer.o(i._ZN5Timer6EnableENS_4TypeE), (32 bytes).
    Removing timer.o(i._ZN5Timer7DisableENS_4TypeE), (44 bytes).
    Removing timer.o(i._ZN5Timer9StartOnceENS_4TypeE), (32 bytes).
    Removing timer.o(.ARM.exidx), (8 bytes).
    Removing timer.o(.ARM.exidx), (8 bytes).
    Removing timer.o(.ARM.exidx), (8 bytes).
    Removing timer.o(.ARM.exidx), (8 bytes).
    Removing timer.o(.ARM.exidx), (8 bytes).
    Removing timer.o(.ARM.exidx), (8 bytes).
    Removing timer.o(.ARM.exidx), (8 bytes).
    Removing timer.o(.ARM.exidx), (8 bytes).
    Removing timer.o(.ARM.exidx), (8 bytes).
    Removing timer.o(.ARM.exidx), (8 bytes).
    Removing timer.o(.ARM.exidx), (8 bytes).
    Removing timer.o(.ARM.exidx), (8 bytes).
    Removing timer.o(.ARM.exidx), (8 bytes).
    Removing timer.o(.ARM.exidx), (8 bytes).
    Removing timer.o(.ARM.exidx), (8 bytes).
    Removing timer.o(.ARM.exidx), (8 bytes).
    Removing timer.o(.ARM.exidx), (8 bytes).
    Removing timer.o(.data), (8 bytes).
    Removing system_stm32f4xx.o(.rev16_text), (4 bytes).
    Removing system_stm32f4xx.o(.revsh_text), (4 bytes).
    Removing system_stm32f4xx.o(.rrx_text), (6 bytes).
    Removing system_stm32f4xx.o(i.SystemCoreClockUpdate), (192 bytes).
    Removing system_stm32f4xx.o(.ARM.exidx), (8 bytes).
    Removing system_stm32f4xx.o(.ARM.exidx), (8 bytes).
    Removing system_stm32f4xx.o(.constdata), (24 bytes).
    Removing system_stm32f4xx.o(.data), (4 bytes).
    Removing hal.o(.rev16_text), (4 bytes).
    Removing hal.o(.revsh_text), (4 bytes).
    Removing hal.o(.rrx_text), (6 bytes).
    Removing hal.o(i.HAL_MspInit), (86 bytes).
    Removing hal.o(.ARM.exidx), (8 bytes).
    Removing hal.o(.ARM.exidx), (8 bytes).
    Removing hal.o(.ARM.exidx), (8 bytes).
    Removing hal.o(.ARM.exidx), (8 bytes).
    Removing hal.o(.ARM.exidx), (8 bytes).
    Removing hal_it.o(.rev16_text), (4 bytes).
    Removing hal_it.o(.revsh_text), (4 bytes).
    Removing hal_it.o(.rrx_text), (6 bytes).
    Removing hal_it.o(.ARM.exidx), (8 bytes).
    Removing hal_it.o(.ARM.exidx), (8 bytes).
    Removing hal_it.o(.ARM.exidx), (8 bytes).
    Removing hal_it.o(.ARM.exidx), (8 bytes).
    Removing hal_it.o(.ARM.exidx), (8 bytes).
    Removing hal_it.o(.ARM.exidx), (8 bytes).
    Removing hal_it.o(.ARM.exidx), (8 bytes).
    Removing hal_it.o(.ARM.exidx), (8 bytes).
    Removing hal_it.o(.ARM.exidx), (8 bytes).
    Removing hal_it.o(.ARM.exidx), (8 bytes).
    Removing hal_it.o(.ARM.exidx), (8 bytes).
    Removing hal_it.o(.ARM.exidx), (8 bytes).
    Removing hal_pio.o(.rev16_text), (4 bytes).
    Removing hal_pio.o(.revsh_text), (4 bytes).
    Removing hal_pio.o(.rrx_text), (6 bytes).
    Removing hal_pio.o(i._ZN7HAL_PIO3SetEN5HPort1EEt), (28 bytes).
    Removing hal_pio.o(i._ZN7HAL_PIO3SetERK9StructPIN), (28 bytes).
    Removing hal_pio.o(i._ZN7HAL_PIO4ReadEN5HPort1EEt), (24 bytes).
    Removing hal_pio.o(i._ZN7HAL_PIO5ResetERK9StructPIN), (28 bytes).
    Removing hal_pio.o(i._ZN7HAL_PIO5WriteEN5HPort1EEtN6HState1EE), (40 bytes).
    Removing hal_pio.o(i._ZN7HAL_PIO5WriteEN5HPort1EEtb), (28 bytes).
    Removing hal_pio.o(i._ZN7HAL_PIO9WriteFPGAEh), (60 bytes).
    Removing hal_pio.o(.ARM.exidx), (8 bytes).
    Removing hal_pio.o(.ARM.exidx), (8 bytes).
    Removing hal_pio.o(.ARM.exidx), (8 bytes).
    Removing hal_pio.o(.ARM.exidx), (8 bytes).
    Removing hal_pio.o(.ARM.exidx), (8 bytes).
    Removing hal_pio.o(.ARM.exidx), (8 bytes).
    Removing hal_pio.o(.ARM.exidx), (8 bytes).
    Removing hal_pio.o(.ARM.exidx), (8 bytes).
    Removing hal_pio.o(.ARM.exidx), (8 bytes).
    Removing hal_pio.o(.ARM.exidx), (8 bytes).
    Removing hal_tim.o(.rev16_text), (4 bytes).
    Removing hal_tim.o(.revsh_text), (4 bytes).
    Removing hal_tim.o(.rrx_text), (6 bytes).
    Removing hal_tim.o(i._ZN7HAL_TIM5DelayEj), (12 bytes).
    Removing hal_tim.o(.ARM.exidx), (8 bytes).
    Removing hal_tim.o(.ARM.exidx), (8 bytes).
    Removing hal_tim2.o(.rev16_text), (4 bytes).
    Removing hal_tim2.o(.revsh_text), (4 bytes).
    Removing hal_tim2.o(.rrx_text), (6 bytes).
    Removing hal_tim2.o(i._ZN8HAL_TIM221StartMultiMeasurementEv), (32 bytes).
    Removing hal_tim2.o(i._ZN8HAL_TIM24InitEv), (76 bytes).
    Removing hal_tim2.o(i._ZN8HAL_TIM26TimeUSEv), (14 bytes).
    Removing hal_tim2.o(i._ZN8HAL_TIM28GetTicksEv), (8 bytes).
    Removing hal_tim2.o(.ARM.exidx), (8 bytes).
    Removing hal_tim2.o(.ARM.exidx), (8 bytes).
    Removing hal_tim2.o(.ARM.exidx), (8 bytes).
    Removing hal_tim2.o(.ARM.exidx), (8 bytes).
    Removing hal_tim2.o(.bss), (72 bytes).
    Removing main.o(.ARM.exidx), (8 bytes).
    Removing timer.o(i._ZNK5Timer4TypecvhEv), (6 bytes).
    Removing timer.o(.ARM.exidx), (8 bytes).

107 unused section(s) (total 1718 bytes) removed from the image.
