Component: ARM Compiler 5.06 update 7 (build 960) Tool: armlink [4d3601]

==============================================================================

Section Cross References

    stm32f4xx_hal.o(i.HAL_DeInit) refers to stm32f4xx_hal.o(i.HAL_MspDeInit) for HAL_MspDeInit
    stm32f4xx_hal.o(i.HAL_Delay) refers to stm32f4xx_hal.o(i.HAL_GetTick) for HAL_GetTick
    stm32f4xx_hal.o(i.HAL_Delay) refers to stm32f4xx_hal.o(.data) for .data
    stm32f4xx_hal.o(i.HAL_GetTick) refers to stm32f4xx_hal.o(.data) for .data
    stm32f4xx_hal.o(i.HAL_GetTickFreq) refers to stm32f4xx_hal.o(.data) for .data
    stm32f4xx_hal.o(i.HAL_GetTickPrio) refers to stm32f4xx_hal.o(.data) for .data
    stm32f4xx_hal.o(i.HAL_IncTick) refers to stm32f4xx_hal.o(.data) for .data
    stm32f4xx_hal.o(i.HAL_Init) refers to stm32f4xx_hal_cortex.o(i.HAL_NVIC_SetPriorityGrouping) for HAL_NVIC_SetPriorityGrouping
    stm32f4xx_hal.o(i.HAL_Init) refers to stm32f4xx_hal.o(i.HAL_InitTick) for HAL_InitTick
    stm32f4xx_hal.o(i.HAL_Init) refers to hal.o(i.HAL_MspInit) for HAL_MspInit
    stm32f4xx_hal.o(i.HAL_InitTick) refers to stm32f4xx_hal_cortex.o(i.HAL_SYSTICK_Config) for HAL_SYSTICK_Config
    stm32f4xx_hal.o(i.HAL_InitTick) refers to stm32f4xx_hal_cortex.o(i.HAL_NVIC_SetPriority) for HAL_NVIC_SetPriority
    stm32f4xx_hal.o(i.HAL_InitTick) refers to stm32f4xx_hal.o(.data) for .data
    stm32f4xx_hal.o(i.HAL_InitTick) refers to system_stm32f4xx.o(.data) for SystemCoreClock
    stm32f4xx_hal.o(i.HAL_SetTickFreq) refers to hal.o(i.assert_failed) for assert_failed
    stm32f4xx_hal.o(i.HAL_SetTickFreq) refers to stm32f4xx_hal.o(i.HAL_InitTick) for HAL_InitTick
    stm32f4xx_hal.o(i.HAL_SetTickFreq) refers to stm32f4xx_hal.o(.conststring) for .conststring
    stm32f4xx_hal.o(i.HAL_SetTickFreq) refers to stm32f4xx_hal.o(.data) for .data
    stm32f4xx_hal.o(.ARM.exidx) refers to stm32f4xx_hal.o(i.HAL_MspInit) for i.HAL_MspInit
    stm32f4xx_hal.o(.ARM.exidx) refers to stm32f4xx_hal.o(i.HAL_InitTick) for i.HAL_InitTick
    stm32f4xx_hal.o(.ARM.exidx) refers to stm32f4xx_hal.o(i.HAL_Init) for i.HAL_Init
    stm32f4xx_hal.o(.ARM.exidx) refers to stm32f4xx_hal.o(i.HAL_MspDeInit) for i.HAL_MspDeInit
    stm32f4xx_hal.o(.ARM.exidx) refers to stm32f4xx_hal.o(i.HAL_DeInit) for i.HAL_DeInit
    stm32f4xx_hal.o(.ARM.exidx) refers to stm32f4xx_hal.o(i.HAL_IncTick) for i.HAL_IncTick
    stm32f4xx_hal.o(.ARM.exidx) refers to stm32f4xx_hal.o(i.HAL_GetTick) for i.HAL_GetTick
    stm32f4xx_hal.o(.ARM.exidx) refers to stm32f4xx_hal.o(i.HAL_GetTickPrio) for i.HAL_GetTickPrio
    stm32f4xx_hal.o(.ARM.exidx) refers to stm32f4xx_hal.o(i.HAL_SetTickFreq) for i.HAL_SetTickFreq
    stm32f4xx_hal.o(.ARM.exidx) refers to stm32f4xx_hal.o(i.HAL_GetTickFreq) for i.HAL_GetTickFreq
    stm32f4xx_hal.o(.ARM.exidx) refers to stm32f4xx_hal.o(i.HAL_Delay) for i.HAL_Delay
    stm32f4xx_hal.o(.ARM.exidx) refers to stm32f4xx_hal.o(i.HAL_SuspendTick) for i.HAL_SuspendTick
    stm32f4xx_hal.o(.ARM.exidx) refers to stm32f4xx_hal.o(i.HAL_ResumeTick) for i.HAL_ResumeTick
    stm32f4xx_hal.o(.ARM.exidx) refers to stm32f4xx_hal.o(i.HAL_GetHalVersion) for i.HAL_GetHalVersion
    stm32f4xx_hal.o(.ARM.exidx) refers to stm32f4xx_hal.o(i.HAL_GetREVID) for i.HAL_GetREVID
    stm32f4xx_hal.o(.ARM.exidx) refers to stm32f4xx_hal.o(i.HAL_GetDEVID) for i.HAL_GetDEVID
    stm32f4xx_hal.o(.ARM.exidx) refers to stm32f4xx_hal.o(i.HAL_DBGMCU_EnableDBGSleepMode) for i.HAL_DBGMCU_EnableDBGSleepMode
    stm32f4xx_hal.o(.ARM.exidx) refers to stm32f4xx_hal.o(i.HAL_DBGMCU_DisableDBGSleepMode) for i.HAL_DBGMCU_DisableDBGSleepMode
    stm32f4xx_hal.o(.ARM.exidx) refers to stm32f4xx_hal.o(i.HAL_DBGMCU_EnableDBGStopMode) for i.HAL_DBGMCU_EnableDBGStopMode
    stm32f4xx_hal.o(.ARM.exidx) refers to stm32f4xx_hal.o(i.HAL_DBGMCU_DisableDBGStopMode) for i.HAL_DBGMCU_DisableDBGStopMode
    stm32f4xx_hal.o(.ARM.exidx) refers to stm32f4xx_hal.o(i.HAL_DBGMCU_EnableDBGStandbyMode) for i.HAL_DBGMCU_EnableDBGStandbyMode
    stm32f4xx_hal.o(.ARM.exidx) refers to stm32f4xx_hal.o(i.HAL_DBGMCU_DisableDBGStandbyMode) for i.HAL_DBGMCU_DisableDBGStandbyMode
    stm32f4xx_hal.o(.ARM.exidx) refers to stm32f4xx_hal.o(i.HAL_EnableCompensationCell) for i.HAL_EnableCompensationCell
    stm32f4xx_hal.o(.ARM.exidx) refers to stm32f4xx_hal.o(i.HAL_DisableCompensationCell) for i.HAL_DisableCompensationCell
    stm32f4xx_hal.o(.ARM.exidx) refers to stm32f4xx_hal.o(i.HAL_GetUIDw0) for i.HAL_GetUIDw0
    stm32f4xx_hal.o(.ARM.exidx) refers to stm32f4xx_hal.o(i.HAL_GetUIDw1) for i.HAL_GetUIDw1
    stm32f4xx_hal.o(.ARM.exidx) refers to stm32f4xx_hal.o(i.HAL_GetUIDw2) for i.HAL_GetUIDw2
    stm32f4xx_hal_cortex.o(i.HAL_MPU_ConfigRegion) refers to hal.o(i.assert_failed) for assert_failed
    stm32f4xx_hal_cortex.o(i.HAL_MPU_ConfigRegion) refers to stm32f4xx_hal_cortex.o(.conststring) for .conststring
    stm32f4xx_hal_cortex.o(i.HAL_NVIC_ClearPendingIRQ) refers to hal.o(i.assert_failed) for assert_failed
[...]
    Removing stm32f4xx_hal_tim.o(i.HAL_TIM_DMABurstState), (84 bytes).
    Removing stm32f4xx_hal_tim.o(i.HAL_TIM_DMABurst_MultiReadStart), (728 bytes).
    Removing stm32f4xx_hal_tim.o(i.HAL_TIM_DMABurst_MultiWriteStart), (728 bytes).
    Removing stm32f4xx_hal_tim.o(i.HAL_TIM_DMABurst_ReadStart), (26 bytes).
    Removing stm32f4xx_hal_tim.o(i.HAL_TIM_DMABurst_ReadStop), (136 bytes).
    Removing stm32f4xx_hal_tim.o(i.HAL_TIM_DMABurst_WriteStart), (26 bytes).
    Removing stm32f4xx_hal_tim.o(i.HAL_TIM_DMABurst_WriteStop), (136 bytes).
    Removing stm32f4xx_hal_tim.o(i.HAL_TIM_Encoder_DeInit), (228 bytes).
    Removing stm32f4xx_hal_tim.o(i.HAL_TIM_Encoder_GetState), (6 bytes).
    Removing stm32f4xx_hal_tim.o(i.HAL_TIM_Encoder_Init), (560 bytes).
    Removing stm32f4xx_hal_tim.o(i.HAL_TIM_Encoder_MspDeInit), (2 bytes).
    Removing stm32f4xx_hal_tim.o(i.HAL_TIM_Encoder_MspInit), (2 bytes).
    Removing stm32f4xx_hal_tim.o(i.HAL_TIM_Encoder_Start), (276 bytes).
    Removing stm32f4xx_hal_tim.o(i.HAL_TIM_Encoder_Start_DMA), (588 bytes).
    Removing stm32f4xx_hal_tim.o(i.HAL_TIM_Encoder_Start_IT), (320 bytes).
    Removing stm32f4xx_hal_tim.o(i.HAL_TIM_Encoder_Stop), (216 bytes).
    Removing stm32f4xx_hal_tim.o(i.HAL_TIM_Encoder_Stop_DMA), (280 bytes).
    Removing stm32f4xx_hal_tim.o(i.HAL_TIM_Encoder_Stop_IT), (256 bytes).
    Removing stm32f4xx_hal_tim.o(i.HAL_TIM_ErrorCallback), (2 bytes).
    Removing stm32f4xx_hal_tim.o(i.HAL_TIM_GenerateEvent), (212 bytes).
    Removing stm32f4xx_hal_tim.o(i.HAL_TIM_GetActiveChannel), (4 bytes).
    Removing stm32f4xx_hal_tim.o(i.HAL_TIM_GetChannelState), (304 bytes).
    Removing stm32f4xx_hal_tim.o(i.HAL_TIM_IC_CaptureCallback), (2 bytes).
    Removing stm32f4xx_hal_tim.o(i.HAL_TIM_IC_CaptureHalfCpltCallback), (2 bytes).
    Removing stm32f4xx_hal_tim.o(i.HAL_TIM_IC_ConfigChannel), (828 bytes).
    Removing stm32f4xx_hal_tim.o(i.HAL_TIM_IC_DeInit), (244 bytes).
    Removing stm32f4xx_hal_tim.o(i.HAL_TIM_IC_GetState), (6 bytes).
    Removing stm32f4xx_hal_tim.o(i.HAL_TIM_IC_Init), (320 bytes).
    Removing stm32f4xx_hal_tim.o(i.HAL_TIM_IC_MspDeInit), (2 bytes).
    Removing stm32f4xx_hal_tim.o(i.HAL_TIM_IC_MspInit), (2 bytes).
    Removing stm32f4xx_hal_tim.o(i.HAL_TIM_IC_Start), (856 bytes).
    Removing stm32f4xx_hal_tim.o(i.HAL_TIM_IC_Start_DMA), (788 bytes).
    Removing stm32f4xx_hal_tim.o(i.HAL_TIM_IC_Start_IT), (912 bytes).
    Removing stm32f4xx_hal_tim.o(i.HAL_TIM_IC_Stop), (412 bytes).
    Removing stm32f4xx_hal_tim.o(i.HAL_TIM_IC_Stop_DMA), (504 bytes).
    Removing stm32f4xx_hal_tim.o(i.HAL_TIM_IC_Stop_IT), (424 bytes).
    Removing stm32f4xx_hal_tim.o(i.HAL_TIM_IRQHandler), (364 bytes).
    Removing stm32f4xx_hal_tim.o(i.HAL_TIM_OC_ConfigChannel), (724 bytes).
    Removing stm32f4xx_hal_tim.o(i.HAL_TIM_OC_DeInit), (244 bytes).
    Removing stm32f4xx_hal_tim.o(i.HAL_TIM_OC_DelayElapsedCallback), (2 bytes).
    Removing stm32f4xx_hal_tim.o(i.HAL_TIM_OC_GetState), (6 bytes).
    Removing stm32f4xx_hal_tim.o(i.HAL_TIM_OC_Init), (320 bytes).
    Removing stm32f4xx_hal_tim.o(i.HAL_TIM_OC_MspDeInit), (2 bytes).
    Removing stm32f4xx_hal_tim.o(i.HAL_TIM_OC_MspInit), (2 bytes).
    Removing stm32f4xx_hal_tim.o(i.HAL_TIM_OC_Start), (468 bytes).
    Removing stm32f4xx_hal_tim.o(i.HAL_TIM_OC_Start_DMA), (720 bytes).
    Removing stm32f4xx_hal_tim.o(i.HAL_TIM_OC_Start_IT), (516 bytes).
    Removing stm32f4xx_hal_tim.o(i.HAL_TIM_OC_Stop), (412 bytes).
    Removing stm32f4xx_hal_tim.o(i.HAL_TIM_OC_Stop_DMA), (464 bytes).
    Removing stm32f4xx_hal_tim.o(i.HAL_TIM_OC_Stop_IT), (444 bytes).
    Removing stm32f4xx_hal_tim.o(i.HAL_TIM_OnePulse_ConfigChannel), (824 bytes).
    Removing stm32f4xx_hal_tim.o(i.HAL_TIM_OnePulse_DeInit), (228 bytes).
    Removing stm32f4xx_hal_tim.o(i.HAL_TIM_OnePulse_GetState), (6 bytes).
    Removing stm32f4xx_hal_tim.o(i.HAL_TIM_OnePulse_Init), (340 bytes).
    Removing stm32f4xx_hal_tim.o(i.HAL_TIM_OnePulse_MspDeInit), (2 bytes).
    Removing stm32f4xx_hal_tim.o(i.HAL_TIM_OnePulse_MspInit), (2 bytes).
    Removing stm32f4xx_hal_tim.o(i.HAL_TIM_OnePulse_Start), (120 bytes).
    Removing stm32f4xx_hal_tim.o(i.HAL_TIM_OnePulse_Start_IT), (140 bytes).
    Removing stm32f4xx_hal_tim.o(i.HAL_TIM_OnePulse_Stop), (116 bytes).
    Removing stm32f4xx_hal_tim.o(i.HAL_TIM_OnePulse_Stop_IT), (136 bytes).
    Removing stm32f4xx_hal_tim.o(i.HAL_TIM_PWM_ConfigChannel), (848 bytes).
    Removing stm32f4xx_hal_tim.o(i.HAL_TIM_PWM_DeInit), (244 bytes).
    Removing stm32f4xx_hal_tim.o(i.HAL_TIM_PWM_GetState), (6 bytes).
    Removing stm32f4xx_hal_tim.o(i.HAL_TIM_PWM_Init), (320 bytes).
    Removing stm32f4xx_hal_tim.o(i.HAL_TIM_PWM_MspDeInit), (2 bytes).
    Removing stm32f4xx_hal_tim.o(i.HAL_TIM_PWM_MspInit), (2 bytes).
    Removing stm32f4xx_hal_tim.o(i.HAL_TIM_PWM_PulseFinishedCallback), (2 bytes).
    Removing stm32f4xx_hal_tim.o(i.HAL_TIM_PWM_PulseFinishedHalfCpltCallback), (2 bytes).
    Removing stm32f4xx_hal_tim.o(i.HAL_TIM_PWM_Start), (468 bytes).
    Removing stm32f4xx_hal_tim.o(i.HAL_TIM_PWM_Start_DMA), (720 bytes).
    Removing stm32f4xx_hal_tim.o(i.HAL_TIM_PWM_Start_IT), (516 bytes).
    Removing stm32f4xx_hal_tim.o(i.HAL_TIM_PWM_Stop), (412 bytes).
    Removing stm32f4xx_hal_tim.o(i.HAL_TIM_PWM_Stop_DMA), (464 bytes).
    Removing stm32f4xx_hal_tim.o(i.HAL_TIM_PWM_Stop_IT), (444 bytes).
    Removing stm32f4xx_hal_tim.o(i.HAL_TIM_PeriodElapsedCallback), (2 bytes).
    Removing stm32f4xx_hal_tim.o(i.HAL_TIM_PeriodElapsedHalfCpltCallback), (2 bytes).
    Removing stm32f4xx_hal_tim.o(i.HAL_TIM_ReadCapturedValue), (316 bytes).
    Removing stm32f4xx_hal_tim.o(i.HAL_TIM_SlaveConfigSynchro), (256 bytes).
    Removing stm32f4xx_hal_tim.o(i.HAL_TIM_SlaveConfigSynchro_IT), (256 bytes).
    Removing stm32f4xx_hal_tim.o(i.HAL_TIM_TriggerCallback), (2 bytes).
    Removing stm32f4xx_hal_tim.o(i.HAL_TIM_TriggerHalfCpltCallback), (2 bytes).
    Removing stm32f4xx_hal_tim.o(i.TIM_CCxChannelCmd), (196 bytes).
    Removing stm32f4xx_hal_tim.o(i.TIM_DMACaptureCplt), (118 bytes).
    Removing stm32f4xx_hal_tim.o(i.TIM_DMACaptureHalfCplt), (58 bytes).
    Removing stm32f4xx_hal_tim.o(i.TIM_DMADelayPulseHalfCplt), (58 bytes).
    Removing stm32f4xx_hal_tim.o(i.TIM_DMAError), (82 bytes).
    Removing stm32f4xx_hal_tim.o(i.TIM_ETR_SetConfig), (22 bytes).
    Removing stm32f4xx_hal_tim.o(i.TIM_OC2_SetConfig), (188 bytes).
    Removing stm32f4xx_hal_tim.o(i.TIM_TI1_SetConfig), (140 bytes).
    Removing stm32f4xx_hal_tim.o(i._Z17TIM_OC1_SetConfigP11TIM_TypeDefP18TIM_OC_InitTypeDef), (184 bytes).
    Removing stm32f4xx_hal_tim.o(i._Z18TIM_DMATriggerCpltP19__DMA_HandleTypeDef), (24 bytes).
    Removing stm32f4xx_hal_tim.o(i._Z21TIM_DMADelayPulseCpltP19__DMA_HandleTypeDef), (102 bytes).
    Removing stm32f4xx_hal_tim.o(i._Z22TIM_DMATriggerHalfCpltP19__DMA_HandleTypeDef), (10 bytes).
    Removing stm32f4xx_hal_tim.o(i._Z24TIM_DMAPeriodElapsedCpltP19__DMA_HandleTypeDef), (24 bytes).
    Removing stm32f4xx_hal_tim.o(i._Z24TIM_SlaveTimer_SetConfigP17TIM_HandleTypeDefP22TIM_SlaveConfigTypeDef), (780 bytes).
    Removing stm32f4xx_hal_tim.o(i._Z28TIM_DMAPeriodElapsedHalfCpltP19__DMA_HandleTypeDef), (10 bytes).
    Removing stm32f4xx_hal_tim.o(.ARM.exidx), (8 bytes).
    Removing stm32f4xx_hal_tim.o(.ARM.exidx), (8 bytes).
    Removing stm32f4xx_hal_tim.o(.ARM.exidx), (8 bytes).
    Removing stm32f4xx_hal_tim.o(.ARM.exidx), (8 bytes).
    Removing stm32f4xx_hal_tim.o(.ARM.exidx), (8 bytes).
    Removing stm32f4xx_hal_tim.o(.ARM.exidx), (8 bytes).
    Removing stm32f4xx_hal_tim.o(.ARM.exidx), (8 bytes).
    Removing stm32f4xx_hal_tim.o(.ARM.exidx), (8 bytes).
    Removing stm32f4xx_hal_tim.o(.ARM.exidx), (8 bytes).
    Removing stm32f4xx_hal_tim.o(.ARM.exidx), (8 bytes).
    Removing stm32f4xx_hal_tim.o(.ARM.exidx), (8 bytes).
    Removing stm32f4xx_hal_tim.o(.ARM.exidx), (8 bytes).
    Removing stm32f4xx_hal_tim.o(.ARM.exidx), (8 bytes).
    Removing stm32f4xx_hal_tim.o(.ARM.exidx), (8 bytes).
    Removing stm32f4xx_hal_tim.o(.ARM.exidx), (8 bytes).
    Removing stm32f4xx_hal_tim.o(.ARM.exidx), (8 bytes).
    Removing stm32f4xx_hal_tim.o(.ARM.exidx), (8 bytes).
    Removing stm32f4xx_hal_tim.o(.ARM.exidx), (8 bytes).
    Removing stm32f4xx_hal_tim.o(.ARM.exidx), (8 bytes).
    Removing stm32f4xx_hal_tim.o(.ARM.exidx), (8 bytes).
    Removing stm32f4xx_hal_tim.o(.ARM.exidx), (8 bytes).
    Removing stm32f4xx_hal_tim.o(.ARM.exidx), (8 bytes).
    Removing stm32f4xx_hal_tim.o(.ARM.exidx), (8 bytes).
    Removing stm32f4xx_hal_tim.o(.ARM.exidx), (8 bytes).
    Removing stm32f4xx_hal_tim.o(.ARM.exidx), (8 bytes).
    Removing stm32f4xx_hal_tim.o(.ARM.exidx), (8 bytes).
    Removing stm32f4xx_hal_tim.o(.ARM.exidx), (8 bytes).
    Removing stm32f4xx_hal_tim.o(.ARM.exidx), (8 bytes).
    Removing stm32f4xx_hal_tim.o(.ARM.exidx), (8 bytes).
    Removing stm32f4xx_hal_tim.o(.ARM.exidx), (8 bytes).
    Removing stm32f4xx_hal_tim.o(.ARM.exidx), (8 bytes).
    Removing stm32f4xx_hal_tim.o(.ARM.exidx), (8 bytes).
    Removing stm32f4xx_hal_tim.o(.ARM.exidx), (8 bytes).
    Removing stm32f4xx_hal_tim.o(.ARM.exidx), (8 bytes).
    Removing stm32f4xx_hal_tim.o(.ARM.exidx), (8 bytes).
    Removing stm32f4xx_hal_tim.o(.ARM.exidx), (8 bytes).
    Removing stm32f4xx_hal_tim.o(.ARM.exidx), (8 bytes).
    Removing stm32f4xx_hal_tim.o(.ARM.exidx), (8 bytes).
    Removing stm32f4xx_hal_tim.o(.ARM.exidx), (8 bytes).
    Removing stm32f4xx_hal_tim.o(.ARM.exidx), (8 bytes).
    Removing stm32f4xx_hal_tim.o(.ARM.exidx), (8 bytes).
    Removing stm32f4xx_hal_tim.o(.ARM.exidx), (8 bytes).
    Removing stm32f4xx_hal_tim.o(.ARM.exidx), (8 bytes).
    Removing stm32f4xx_hal_tim.o(.ARM.exidx), (8 bytes).
    Removing stm32f4xx_hal_tim.o(.ARM.exidx), (8 bytes).
    Removing stm32f4xx_hal_tim.o(.ARM.exidx), (8 bytes).
    Removing stm32f4xx_hal_tim.o(.ARM.exidx), (8 bytes).
    Removing stm32f4xx_hal_tim.o(.ARM.exidx), (8 bytes).
    Removing stm32f4xx_hal_tim.o(.ARM.exidx), (8 bytes).
    Removing stm32f4xx_hal_tim.o(.ARM.exidx), (8 bytes).
    Removing stm32f4xx_hal_tim.o(.ARM.exidx), (8 bytes).
    Removing stm32f4xx_hal_tim.o(.ARM.exidx), (8 bytes).
    Removing stm32f4xx_hal_tim.o(.ARM.exidx), (8 bytes).
    Removing stm32f4xx_hal_tim.o(.ARM.exidx), (8 bytes).
    Removing stm32f4xx_hal_tim.o(.ARM.exidx), (8 bytes).
    Removing stm32f4xx_hal_tim.o(.ARM.exidx), (8 bytes).
    Removing stm32f4xx_hal_tim.o(.ARM.exidx), (8 bytes).
    Removing stm32f4xx_hal_tim.o(.ARM.exidx), (8 bytes).
    Removing stm32f4xx_hal_tim.o(.ARM.exidx), (8 bytes).
    Removing stm32f4xx_hal_tim.o(.ARM.exidx), (8 bytes).
    Removing stm32f4xx_hal_tim.o(.ARM.exidx), (8 bytes).
    Removing stm32f4xx_hal_tim.o(.ARM.exidx), (8 bytes).
    Removing stm32f4xx_hal_tim.o(.ARM.exidx), (8 bytes).
    Removing stm32f4xx_hal_tim.o(.ARM.exidx), (8 bytes).
    Removing stm32f4xx_hal_tim.o(.ARM.exidx), (8 bytes).
    Removing stm32f4xx_hal_tim.o(.ARM.exidx), (8 bytes).
    Removing stm32f4xx_hal_tim.o(.ARM.exidx), (8 bytes).
    Removing stm32f4xx_hal_tim.o(.ARM.exidx), (8 bytes).
    Removing stm32f4xx_hal_tim.o(.ARM.exidx), (8 bytes).
    Removing stm32f4xx_hal_tim.o(.ARM.exidx), (8 bytes).
    Removing stm32f4xx_hal_tim.o(.ARM.exidx), (8 bytes).
    Removing stm32f4xx_hal_tim.o(.ARM.exidx), (8 bytes).
    Removing stm32f4xx_hal_tim.o(.ARM.exidx), (8 bytes).
    Removing stm32f4xx_hal_tim.o(.ARM.exidx), (8 bytes).
    Removing stm32f4xx_hal_tim.o(.ARM.exidx), (8 bytes).
    Removing stm32f4xx_hal_tim.o(.ARM.exidx), (8 bytes).
    Removing stm32f4xx_hal_tim.o(.ARM.exidx), (8 bytes).
    Removing stm32f4xx_hal_tim.o(.ARM.exidx), (8 bytes).
    Removing stm32f4xx_hal_tim.o(.ARM.exidx), (8 bytes).
    Removing stm32f4xx_hal_tim.o(.ARM.exidx), (8 bytes).
    Removing stm32f4xx_hal_tim.o(.ARM.exidx), (8 bytes).
    Removing stm32f4xx_hal_tim.o(.ARM.exidx), (8 bytes).
    Removing stm32f4xx_hal_tim.o(.ARM.exidx), (8 bytes).
    Removing stm32f4xx_hal_tim.o(.ARM.exidx), (8 bytes).
    Removing stm32f4xx_hal_tim.o(.ARM.exidx), (8 bytes).
    Removing stm32f4xx_hal_tim.o(.ARM.exidx), (8 bytes).
    Removing stm32f4xx_hal_tim.o(.ARM.exidx), (8 bytes).
    Removing stm32f4xx_hal_tim.o(.ARM.exidx), (8 bytes).
    Removing stm32f4xx_hal_tim.o(.ARM.exidx), (8 bytes).
    Removing stm32f4xx_hal_tim.o(.ARM.exidx), (8 bytes).
    Removing stm32f4xx_hal_tim.o(.ARM.exidx), (8 bytes).
    Removing stm32f4xx_hal_tim.o(.ARM.exidx), (8 bytes).
    Removing stm32f4xx_hal_tim.o(.ARM.exidx), (8 bytes).
    Removing stm32f4xx_hal_tim.o(.ARM.exidx), (8 bytes).
    Removing stm32f4xx_hal_tim.o(.ARM.exidx), (8 bytes).
    Removing stm32f4xx_hal_tim.o(.ARM.exidx), (8 bytes).
    Removing stm32f4xx_hal_tim.o(.ARM.exidx), (8 bytes).
    Removing stm32f4xx_hal_tim.o(.ARM.exidx), (8 bytes).
    Removing stm32f4xx_hal_tim.o(.ARM.exidx), (8 bytes).
    Removing stm32f4xx_hal_tim.o(.ARM.exidx), (8 bytes).
    Removing stm32f4xx_hal_tim.o(.ARM.exidx), (8 bytes).
    Removing stm32f4xx_hal_tim.o(.ARM.exidx), (8 bytes).
    Removing stm32f4xx_hal_tim.o(.ARM.exidx), (8 bytes).
    Removing stm32f4xx_hal_tim.o(.ARM.exidx), (8 bytes).
    Removing stm32f4xx_hal_tim.o(.ARM.exidx), (8 bytes).
    Removing stm32f4xx_hal_tim.o(.ARM.exidx), (8 bytes).
    Removing stm32f4xx_hal_tim.o(.ARM.exidx), (8 bytes).
    Removing stm32f4xx_hal_tim.o(.ARM.exidx), (8 bytes).
    Removing stm32f4xx_hal_tim.o(.ARM.exidx), (8 bytes).
    Removing stm32f4xx_hal_tim.o(.ARM.exidx), (8 bytes).
    Removing stm32f4xx_hal_tim.o(.ARM.exidx), (8 bytes).
    Removing stm32f4xx_hal_dma.o(.rev16_text), (4 bytes).
    Removing stm32f4xx_hal_dma.o(.revsh_text), (4 bytes).
    Removing stm32f4xx_hal_dma.o(.rrx_text), (6 bytes).
    Removing stm32f4xx_hal_dma.o(i.HAL_DMA_Abort), (166 bytes).
    Removing stm32f4xx_hal_dma.o(i.HAL_DMA_Abort_IT), (36 bytes).
    Removing stm32f4xx_hal_dma.o(i.HAL_DMA_DeInit), (308 bytes).
    Removing stm32f4xx_hal_dma.o(i.HAL_DMA_GetError), (4 bytes).
    Removing stm32f4xx_hal_dma.o(i.HAL_DMA_GetState), (6 bytes).
    Removing stm32f4xx_hal_dma.o(i.HAL_DMA_IRQHandler), (476 bytes).
    Removing stm32f4xx_hal_dma.o(i.HAL_DMA_Init), (872 bytes).
    Removing stm32f4xx_hal_dma.o(i.HAL_DMA_PollForTransfer), (474 bytes).
    Removing stm32f4xx_hal_dma.o(i.HAL_DMA_Start), (140 bytes).
    Removing stm32f4xx_hal_dma.o(i.HAL_DMA_Start_IT), (184 bytes).
    Removing stm32f4xx_hal_dma.o(i.HAL_DMA_UnRegisterCallback), (96 bytes).
    Removing stm32f4xx_hal_dma.o(i._Z24HAL_DMA_RegisterCallbackP19__DMA_HandleTypeDef25HAL_DMA_CallbackIDTypeDefPFvS0_E), (84 bytes).
    Removing stm32f4xx_hal_dma.o(.ARM.exidx), (8 bytes).
    Removing stm32f4xx_hal_dma.o(.ARM.exidx), (8 bytes).
    Removing stm32f4xx_hal_dma.o(.ARM.exidx), (8 bytes).
    Removing stm32f4xx_hal_dma.o(.ARM.exidx), (8 bytes).
    Removing stm32f4xx_hal_dma.o(.ARM.exidx), (8 bytes).
    Removing stm32f4xx_hal_dma.o(.ARM.exidx), (8 bytes).
    Removing stm32f4xx_hal_dma.o(.ARM.exidx), (8 bytes).
    Removing stm32f4xx_hal_dma.o(.ARM.exidx), (8 bytes).
    Removing stm32f4xx_hal_dma.o(.ARM.exidx), (8 bytes).
    Removing stm32f4xx_hal_dma.o(.ARM.exidx), (8 bytes).
    Removing stm32f4xx_hal_dma.o(.ARM.exidx), (8 bytes).
    Removing stm32f4xx_hal_dma.o(.ARM.exidx), (8 bytes).
    Removing stm32f4xx_hal_dma.o(.constdata), (8 bytes).
    Removing stm32f4xx_hal_dma.o(.conststring), (81 bytes).
    Removing stm32f4xx_hal_tim_ex.o(.rev16_text), (4 bytes).
    Removing stm32f4xx_hal_tim_ex.o(.revsh_text), (4 bytes).
    Removing stm32f4xx_hal_tim_ex.o(.rrx_text), (6 bytes).
    Removing stm32f4xx_hal_tim_ex.o(i.HAL_TIMEx_BreakCallback), (2 bytes).
    Removing stm32f4xx_hal_tim_ex.o(i.HAL_TIMEx_CommutCallback), (2 bytes).
    Removing stm32f4xx_hal_tim_ex.o(i.HAL_TIMEx_CommutHalfCpltCallback), (2 bytes).
    Removing stm32f4xx_hal_tim_ex.o(i.HAL_TIMEx_ConfigBreakDeadTime), (284 bytes).
    Removing stm32f4xx_hal_tim_ex.o(i.HAL_TIMEx_ConfigCommutEvent), (192 bytes).
    Removing stm32f4xx_hal_tim_ex.o(i.HAL_TIMEx_ConfigCommutEvent_DMA), (224 bytes).
    Removing stm32f4xx_hal_tim_ex.o(i.HAL_TIMEx_ConfigCommutEvent_IT), (192 bytes).
    Removing stm32f4xx_hal_tim_ex.o(i.HAL_TIMEx_GetChannelNState), (96 bytes).
    Removing stm32f4xx_hal_tim_ex.o(i.HAL_TIMEx_HallSensor_DeInit), (228 bytes).
    Removing stm32f4xx_hal_tim_ex.o(i.HAL_TIMEx_HallSensor_GetState), (6 bytes).
    Removing stm32f4xx_hal_tim_ex.o(i.HAL_TIMEx_HallSensor_Init), (420 bytes).
    Removing stm32f4xx_hal_tim_ex.o(i.HAL_TIMEx_HallSensor_MspDeInit), (2 bytes).
    Removing stm32f4xx_hal_tim_ex.o(i.HAL_TIMEx_HallSensor_MspInit), (2 bytes).
    Removing stm32f4xx_hal_tim_ex.o(i.HAL_TIMEx_HallSensor_Start), (244 bytes).
    Removing stm32f4xx_hal_tim_ex.o(i.HAL_TIMEx_HallSensor_Start_DMA), (292 bytes).
    Removing stm32f4xx_hal_tim_ex.o(i.HAL_TIMEx_HallSensor_Start_IT), (256 bytes).
    Removing stm32f4xx_hal_tim_ex.o(i.HAL_TIMEx_HallSensor_Stop), (136 bytes).
    Removing stm32f4xx_hal_tim_ex.o(i.HAL_TIMEx_HallSensor_Stop_DMA), (144 bytes).
    Removing stm32f4xx_hal_tim_ex.o(i.HAL_TIMEx_HallSensor_Stop_IT), (148 bytes).
    Removing stm32f4xx_hal_tim_ex.o(i.HAL_TIMEx_MasterConfigSynchronization), (288 bytes).
    Removing stm32f4xx_hal_tim_ex.o(i.HAL_TIMEx_OCN_Start), (268 bytes).
    Removing stm32f4xx_hal_tim_ex.o(i.HAL_TIMEx_OCN_Start_DMA), (472 bytes).
    Removing stm32f4xx_hal_tim_ex.o(i.HAL_TIMEx_OCN_Start_IT), (304 bytes).
    Removing stm32f4xx_hal_tim_ex.o(i.HAL_TIMEx_OCN_Stop), (192 bytes).
    Removing stm32f4xx_hal_tim_ex.o(i.HAL_TIMEx_OCN_Stop_DMA), (248 bytes).
    Removing stm32f4xx_hal_tim_ex.o(i.HAL_TIMEx_OCN_Stop_IT), (260 bytes).
    Removing stm32f4xx_hal_tim_ex.o(i.HAL_TIMEx_OnePulseN_Start), (208 bytes).
    Removing stm32f4xx_hal_tim_ex.o(i.HAL_TIMEx_OnePulseN_Start_IT), (228 bytes).
    Removing stm32f4xx_hal_tim_ex.o(i.HAL_TIMEx_OnePulseN_Stop), (188 bytes).
    Removing stm32f4xx_hal_tim_ex.o(i.HAL_TIMEx_OnePulseN_Stop_IT), (208 bytes).
    Removing stm32f4xx_hal_tim_ex.o(i.HAL_TIMEx_PWMN_Start), (268 bytes).
    Removing stm32f4xx_hal_tim_ex.o(i.HAL_TIMEx_PWMN_Start_DMA), (472 bytes).
    Removing stm32f4xx_hal_tim_ex.o(i.HAL_TIMEx_PWMN_Start_IT), (304 bytes).
    Removing stm32f4xx_hal_tim_ex.o(i.HAL_TIMEx_PWMN_Stop), (192 bytes).
    Removing stm32f4xx_hal_tim_ex.o(i.HAL_TIMEx_PWMN_Stop_DMA), (248 bytes).
    Removing stm32f4xx_hal_tim_ex.o(i.HAL_TIMEx_PWMN_Stop_IT), (260 bytes).
    Removing stm32f4xx_hal_tim_ex.o(i.HAL_TIMEx_RemapConfig), (124 bytes).
    Removing stm32f4xx_hal_tim_ex.o(i.TIMEx_DMACommutationCplt), (16 bytes).
    Removing stm32f4xx_hal_tim_ex.o(i.TIMEx_DMACommutationHalfCplt), (16 bytes).
    Removing stm32f4xx_hal_tim_ex.o(i._Z16TIM_DMAErrorCCxNP19__DMA_HandleTypeDef), (62 bytes).
    Removing stm32f4xx_hal_tim_ex.o(i._Z22TIM_DMADelayPulseNCpltP19__DMA_HandleTypeDef), (102 bytes).
    Removing stm32f4xx_hal_tim_ex.o(.ARM.exidx), (8 bytes).
    Removing stm32f4xx_hal_tim_ex.o(.ARM.exidx), (8 bytes).
    Removing stm32f4xx_hal_tim_ex.o(.ARM.exidx), (8 bytes).
    Removing stm32f4xx_hal_tim_ex.o(.ARM.exidx), (8 bytes).
    Removing stm32f4xx_hal_tim_ex.o(.ARM.exidx), (8 bytes).
    Removing stm32f4xx_hal_tim_ex.o(.ARM.exidx), (8 bytes).
    Removing stm32f4xx_hal_tim_ex.o(.ARM.exidx), (8 bytes).
    Removing stm32f4xx_hal_tim_ex.o(.ARM.exidx), (8 bytes).
    Removing stm32f4xx_hal_tim_ex.o(.ARM.exidx), (8 bytes).
    Removing stm32f4xx_hal_tim_ex.o(.ARM.exidx), (8 bytes).
    Removing stm32f4xx_hal_tim_ex.o(.ARM.exidx), (8 bytes).
    Removing stm32f4xx_hal_tim_ex.o(.ARM.exidx), (8 bytes).
    Removing stm32f4xx_hal_tim_ex.o(.ARM.exidx), (8 bytes).
    Removing stm32f4xx_hal_tim_ex.o(.ARM.exidx), (8 bytes).
    Removing stm32f4xx_hal_tim_ex.o(.ARM.exidx), (8 bytes).
    Removing stm32f4xx_hal_tim_ex.o(.ARM.exidx), (8 bytes).
    Removing stm32f4xx_hal_tim_ex.o(.ARM.exidx), (8 bytes).
    Removing stm32f4xx_hal_tim_ex.o(.ARM.exidx), (8 bytes).
    Removing stm32f4xx_hal_tim_ex.o(.ARM.exidx), (8 bytes).
    Removing stm32f4xx_hal_tim_ex.o(.ARM.exidx), (8 bytes).
    Removing stm32f4xx_hal_tim_ex.o(.ARM.exidx), (8 bytes).
    Removing stm32f4xx_hal_tim_ex.o(.ARM.exidx), (8 bytes).
    Removing stm32f4xx_hal_tim_ex.o(.ARM.exidx), (8 bytes).
    Removing stm32f4xx_hal_tim_ex.o(.ARM.exidx), (8 bytes).
    Removing stm32f4xx_hal_tim_ex.o(.ARM.exidx), (8 bytes).
    Removing stm32f4xx_hal_tim_ex.o(.ARM.exidx), (8 bytes).
    Removing stm32f4xx_hal_tim_ex.o(.ARM.exidx), (8 bytes).
    Removing stm32f4xx_hal_tim_ex.o(.ARM.exidx), (8 bytes).
    Removing stm32f4xx_hal_tim_ex.o(.ARM.exidx), (8 bytes).
    Removing stm32f4xx_hal_tim_ex.o(.ARM.exidx), (8 bytes).
    Removing stm32f4xx_hal_tim_ex.o(.ARM.exidx), (8 bytes).
    Removing stm32f4xx_hal_tim_ex.o(.ARM.exidx), (8 bytes).
    Removing stm32f4xx_hal_tim_ex.o(.ARM.exidx), (8 bytes).
    Removing stm32f4xx_hal_tim_ex.o(.ARM.exidx), (8 bytes).
    Removing stm32f4xx_hal_tim_ex.o(.ARM.exidx), (8 bytes).
    Removing stm32f4xx_hal_tim_ex.o(.ARM.exidx), (8 bytes).
    Removing stm32f4xx_hal_tim_ex.o(.ARM.exidx), (8 bytes).
    Removing stm32f4xx_hal_tim_ex.o(.ARM.exidx), (8 bytes).
    Removing stm32f4xx_hal_tim_ex.o(.ARM.exidx), (8 bytes).
    Removing stm32f4xx_hal_tim_ex.o(.ARM.exidx), (8 bytes).
    Removing stm32f4xx_hal_tim_ex.o(.ARM.exidx), (8 bytes).
    Removing stm32f4xx_hal_tim_ex.o(.conststring), (84 bytes).
    Removing timer.o(.rev16_text), (4 bytes).
    Removing timer.o(.revsh_text), (4 bytes).
    Removing timer.o(.rrx_text), (6 bytes).
    Removing timer.o(i._ZN5Timer10LogPointMSEPc), (28 bytes).
    Removing timer.o(i._ZN5Timer10LogPointUSEPc), (28 bytes).
    Removing timer.o(i._ZN5Timer12PauseOnTicksEj), (26 bytes).
    Removing timer.o(i._ZN5Timer12SetAndEnableENS_4TypeEPFvvEj), (136 bytes).
    Removing timer.o(i._ZN5Timer12StartLoggingEv), (20 bytes).
    Removing timer.o(i._ZN5Timer15SetAndStartOnceENS_4TypeEPFvvEj), (136 bytes).
    Removing timer.o(i._ZN5Timer3SetENS_4TypeEPFvvEj), (20 bytes).
    Removing timer.o(i._ZN5Timer4InitEv), (32 bytes).
    Removing timer.o(i._ZN5Timer5IsRunENS_4TypeE), (24 bytes).
    Removing timer.o(i._ZN5Timer6EnableENS_4TypeE), (124 bytes).
    Removing timer.o(i._ZN5Timer7DisableENS_4TypeE), (24 bytes).
    Removing timer.o(i._ZN5Timer9StartOnceENS_4TypeE), (124 bytes).
    Removing timer.o(.ARM.exidx), (8 bytes).
    Removing timer.o(.ARM.exidx), (8 bytes).
    Removing timer.o(.ARM.exidx), (8 bytes).
    Removing timer.o(.ARM.exidx), (8 bytes).
    Removing timer.o(.ARM.exidx), (8 bytes).
    Removing timer.o(.ARM.exidx), (8 bytes).
    Removing timer.o(.ARM.exidx), (8 bytes).
    Removing timer.o(.ARM.exidx), (8 bytes).
    Removing timer.o(.ARM.exidx), (8 bytes).
    Removing timer.o(.ARM.exidx), (8 bytes).
    Removing timer.o(.ARM.exidx), (8 bytes).
    Removing timer.o(.ARM.exidx), (8 bytes).
    Removing timer.o(.ARM.exidx), (8 bytes).
    Removing timer.o(.data), (8 bytes).
    Removing system_stm32f4xx.o(.rev16_text), (4 bytes).
    Removing system_stm32f4xx.o(.revsh_text), (4 bytes).
    Removing system_stm32f4xx.o(.rrx_text), (6 bytes).
    Removing system_stm32f4xx.o(i.SystemCoreClockUpdate), (132 bytes).
    Removing system_stm32f4xx.o(.ARM.exidx), (8 bytes).
    Removing system_stm32f4xx.o(.ARM.exidx), (8 bytes).
    Removing system_stm32f4xx.o(.constdata), (8 bytes).
    Removing hal.o(.rev16_text), (4 bytes).
    Removing hal.o(.revsh_text), (4 bytes).
    Removing hal.o(.rrx_text), (6 bytes).
    Removing hal.o(i._ZN3HAL12ErrorHandlerEv), (2 bytes).
    Removing hal.o(.ARM.exidx), (8 bytes).
    Removing hal.o(.ARM.exidx), (8 bytes).
    Removing hal.o(.ARM.exidx), (8 bytes).
    Removing hal.o(.ARM.exidx), (8 bytes).
    Removing hal_it.o(.rev16_text), (4 bytes).
    Removing hal_it.o(.revsh_text), (4 bytes).
    Removing hal_it.o(.rrx_text), (6 bytes).
    Removing hal_it.o(.ARM.exidx), (8 bytes).
    Removing hal_it.o(.ARM.exidx), (8 bytes).
    Removing hal_it.o(.ARM.exidx), (8 bytes).
    Removing hal_it.o(.ARM.exidx), (8 bytes).
    Removing hal_it.o(.ARM.exidx), (8 bytes).
    Removing hal_it.o(.ARM.exidx), (8 bytes).
    Removing hal_it.o(.ARM.exidx), (8 bytes).
    Removing hal_it.o(.ARM.exidx), (8 bytes).
    Removing hal_it.o(.ARM.exidx), (8 bytes).
    Removing hal_it.o(.ARM.exidx), (8 bytes).
    Removing hal_pio.o(.rev16_text), (4 bytes).
    Removing hal_pio.o(.revsh_text), (4 bytes).
    Removing hal_pio.o(.rrx_text), (6 bytes).
    Removing hal_pio.o(i._ZN7HAL_PIO3SetEN5HPort1EEt), (16 bytes).
    Removing hal_pio.o(i._ZN7HAL_PIO3SetERK9StructPIN), (20 bytes).
    Removing hal_pio.o(i._ZN7HAL_PIO4InitEN5HPort1EEjN5HMode1EEN5HPull1EEN6HSpeed1EEN10HAlternate1EE), (80 bytes).
    Removing hal_pio.o(i._ZN7HAL_PIO4ReadEN5HPort1EEt), (16 bytes).
    Removing hal_pio.o(i._ZN7HAL_PIO5ResetEN5HPort1EEt), (16 bytes).
    Removing hal_pio.o(i._ZN7HAL_PIO5ResetERK9StructPIN), (20 bytes).
    Removing hal_pio.o(i._ZN7HAL_PIO5WriteEN5HPort1EEtN6HState1EE), (20 bytes).
    Removing hal_pio.o(i._ZN7HAL_PIO5WriteEN5HPort1EEtb), (16 bytes).
    Removing hal_pio.o(i._ZN7HAL_PIO9WriteFPGAEh), (56 bytes).
    Removing hal_pio.o(.ARM.exidx), (8 bytes).
    Removing hal_pio.o(.ARM.exidx), (8 bytes).
    Removing hal_pio.o(.ARM.exidx), (8 bytes).
    Removing hal_pio.o(.ARM.exidx), (8 bytes).
    Removing hal_pio.o(.ARM.exidx), (8 bytes).
    Removing hal_pio.o(.ARM.exidx), (8 bytes).
    Removing hal_pio.o(.ARM.exidx), (8 bytes).
    Removing hal_pio.o(.ARM.exidx), (8 bytes).
    Removing hal_pio.o(.ARM.exidx), (8 bytes).
    Removing hal_pio.o(.ARM.exidx), (8 bytes).
    Removing hal_pio.o(.constdata), (2 bytes).
    Removing hal_pio.o(.constdata), (2 bytes).
    Removing hal_pio.o(.constdata), (2 bytes).
    Removing hal_pio.o(.constdata), (2 bytes).
    Removing hal_pio.o(.constdata), (2 bytes).
    Removing hal_pio.o(.constdata), (2 bytes).
    Removing hal_pio.o(.constdata), (2 bytes).
    Removing hal_pio.o(.constdata), (2 bytes).
    Removing hal_pio.o(.constdata), (2 bytes).
    Removing hal_pio.o(.constdata), (2 bytes).
    Removing hal_pio.o(.constdata), (2 bytes).
    Removing hal_pio.o(.constdata), (2 bytes).
    Removing hal_pio.o(.constdata), (2 bytes).
    Removing hal_pio.o(.constdata), (2 bytes).
    Removing hal_pio.o(.constdata), (2 bytes).
    Removing hal_pio.o(.constdata), (2 bytes).
    Removing hal_tim.o(.rev16_text), (4 bytes).
    Removing hal_tim.o(.revsh_text), (4 bytes).
    Removing hal_tim.o(.rrx_text), (6 bytes).
    Removing hal_tim.o(i._ZN7HAL_TIM5DelayEj), (4 bytes).
    Removing hal_tim.o(.ARM.exidx), (8 bytes).
    Removing hal_tim.o(.ARM.exidx), (8 bytes).
    Removing hal_tim2.o(.rev16_text), (4 bytes).
    Removing hal_tim2.o(.revsh_text), (4 bytes).
    Removing hal_tim2.o(.rrx_text), (6 bytes).
    Removing hal_tim2.o(i._ZN8HAL_TIM221StartMultiMeasurementEv), (26 bytes).
    Removing hal_tim2.o(i._ZN8HAL_TIM24InitEv), (64 bytes).
    Removing hal_tim2.o(i._ZN8HAL_TIM26TimeUSEv), (24 bytes).
    Removing hal_tim2.o(i._ZN8HAL_TIM28GetTicksEv), (8 bytes).
    Removing hal_tim2.o(.ARM.exidx), (8 bytes).
    Removing hal_tim2.o(.ARM.exidx), (8 bytes).
    Removing hal_tim2.o(.ARM.exidx), (8 bytes).
    Removing hal_tim2.o(.ARM.exidx), (8 bytes).
    Removing hal_tim2.o(.bss), (72 bytes).
    Removing hal_tim3.o(.rev16_text), (4 bytes).
    Removing hal_tim3.o(.revsh_text), (4 bytes).
    Removing hal_tim3.o(.rrx_text), (6 bytes).
    Removing hal_tim3.o(i._ZN8HAL_TIM34InitEv), (80 bytes).
    Removing hal_tim3.o(.ARM.exidx), (8 bytes).
    Removing hal_tim3.o(.ARM.exidx), (8 bytes).
    Removing hal_tim3.o(.ARM.exidx), (8 bytes).
    Removing main.o(.ARM.exidx), (8 bytes).

587 unused section(s) (total 44694 bytes) removed from the image.

==============================================================================

Image Symbol Table

    Local Symbols

    Symbol Name                              Value     Ov Type        Size  Object(Section)

    ../clib/angel/boardlib.s                 0x00000000   Number         0  boardinit1.o ABSOLUTE
    ../clib/angel/boardlib.s                 0x00000000   Number         0  boardinit2.o ABSOLUTE
    ../clib/angel/boardlib.s                 0x00000000   Number         0  boardinit3.o ABSOLUTE
    ../clib/angel/boardlib.s                 0x00000000   Number         0  boardshut.o ABSOLUTE
    ../clib/angel/handlers.s                 0x00000000   Number         0  __scatter_zi.o ABSOLUTE
    ../clib/angel/handlers.s                 0x00000000   Number         0  __scatter_copy.o ABSOLUTE
    ../clib/angel/kernel.s                   0x00000000   Number         0  __rtentry4.o ABSOLUTE
    ../clib/angel/kernel.s                   0x00000000   Number         0  rtexit2.o ABSOLUTE
    ../clib/angel/kernel.s                   0x00000000   Number         0  __rtentry2.o ABSOLUTE
    ../clib/angel/kernel.s                   0x00000000   Number         0  rtexit.o ABSOLUTE
    ../clib/angel/kernel.s                   0x00000000   Number         0  __rtentry.o ABSOLUTE
    ../clib/angel/rt.s                       0x00000000   Number         0  rt_raise.o ABSOLUTE
    ../clib/angel/rt.s                       0x00000000   Number         0  rt_div0.o ABSOLUTE
    ../clib/angel/rt.s                       0x00000000   Number         0  aeabi_ldiv0_sigfpe.o ABSOLUTE
    ../clib/angel/rt.s                       0x00000000   Number         0  aeabi_ldiv0.o ABSOLUTE
    ../clib/angel/scatter.s                  0x00000000   Number         0  __scatter.o ABSOLUTE
    ../clib/angel/startup.s                  0x00000000   Number         0  __main.o ABSOLUTE
    ../clib/angel/sys.s                      0x00000000   Number         0  use_no_semi.o ABSOLUTE
    ../clib/angel/sys.s                      0x00000000   Number         0  indicate_semi.o ABSOLUTE
    ../clib/angel/sys.s                      0x00000000   Number         0  libspace.o ABSOLUTE
    ../clib/angel/sys.s                      0x00000000   Number         0  sys_stackheap_outer.o ABSOLUTE
    ../clib/angel/sysapp.c                   0x00000000   Number         0  sys_exit.o ABSOLUTE
    ../clib/angel/sysapp.c                   0x00000000   Number         0  sys_wrch.o ABSOLUTE
    ../clib/angel/sysapp.c                   0x00000000   Number         0  sys_command.o ABSOLUTE
    ../clib/armsys.c                         0x00000000   Number         0  argv_veneer.o ABSOLUTE
    ../clib/armsys.c                         0x00000000   Number         0  _get_argv_nomalloc.o ABSOLUTE
    ../clib/armsys.c                         0x00000000   Number         0  argv_veneer.o ABSOLUTE
    ../clib/armsys.c                         0x00000000   Number         0  no_argv.o ABSOLUTE
    ../clib/heapalloc.c                      0x00000000   Number         0  hrguard.o ABSOLUTE
    ../clib/heapaux.c                        0x00000000   Number         0  heapauxi.o ABSOLUTE
    ../clib/libinit.s                        0x00000000   Number         0  libshutdown2.o ABSOLUTE
    ../clib/libinit.s                        0x00000000   Number         0  libshutdown.o ABSOLUTE
    ../clib/libinit.s                        0x00000000   Number         0  libinit.o ABSOLUTE
    ../clib/libinit.s                        0x00000000   Number         0  libinit2.o ABSOLUTE
    ../clib/longlong.s                       0x00000000   Number         0  lludivv7m.o ABSOLUTE
    ../clib/memcpset.s                       0x00000000   Number         0  rt_memcpy_w.o ABSOLUTE
    ../clib/signal.c                         0x00000000   Number         0  defsig_segv_inner.o ABSOLUTE
    ../clib/signal.c                         0x00000000   Number         0  defsig_other.o ABSOLUTE
    ../clib/signal.c                         0x00000000   Number         0  defsig_fpe_inner.o ABSOLUTE
    ../clib/signal.c                         0x00000000   Number         0  defsig_exit.o ABSOLUTE
    ../clib/signal.c                         0x00000000   Number         0  defsig_fpe_formal.o ABSOLUTE
    ../clib/signal.c                         0x00000000   Number         0  defsig_fpe_outer.o ABSOLUTE
    ../clib/signal.c                         0x00000000   Number         0  defsig_pvfn_inner.o ABSOLUTE
    ../clib/signal.c                         0x00000000   Number         0  __raise.o ABSOLUTE
    ../clib/signal.c                         0x00000000   Number         0  defsig_general.o ABSOLUTE
    ../clib/signal.c                         0x00000000   Number         0  defsig_abrt_inner.o ABSOLUTE
    ../clib/signal.c                         0x00000000   Number         0  defsig_rtred_inner.o ABSOLUTE
    ../clib/signal.c                         0x00000000   Number         0  defsig_rtmem_inner.o ABSOLUTE
    ../clib/signal.c                         0x00000000   Number         0  defsig_rtmem_outer.o ABSOLUTE
    ../clib/signal.c                         0x00000000   Number         0  defsig_rtmem_formal.o ABSOLUTE
    ../clib/signal.c                         0x00000000   Number         0  defsig_stak_inner.o ABSOLUTE
    ../clib/signal.c                         0x00000000   Number         0  defsig_cppl_inner.o ABSOLUTE
    ../clib/signal.s                         0x00000000   Number         0  defsig.o ABSOLUTE
    ../clib/stdlib.c                         0x00000000   Number         0  exit.o ABSOLUTE
    ../fplib/fpinit.s                        0x00000000   Number         0  fpinit.o ABSOLUTE
    ..\\common\\libs\\STM32Cube_F4\\Drivers\\STM32F4xx_HAL_Driver\\Src\\stm32f4xx_hal.c 0x00000000   Number         0  stm32f4xx_hal.o ABSOLUTE
    ..\\common\\libs\\STM32Cube_F4\\Drivers\\STM32F4xx_HAL_Driver\\Src\\stm32f4xx_hal_cortex.c 0x00000000   Number         0  stm32f4xx_hal_cortex.o ABSOLUTE
    ..\\common\\libs\\STM32Cube_F4\\Drivers\\STM32F4xx_HAL_Driver\\Src\\stm32f4xx_hal_dma.c 0x00000000   Number         0  stm32f4xx_hal_dma.o ABSOLUTE
    ..\\common\\libs\\STM32Cube_F4\\Drivers\\STM32F4xx_HAL_Driver\\Src\\stm32f4xx_hal_gpio.c 0x00000000   Number         0  stm32f4xx_hal_gpio.o ABSOLUTE
    ..\\common\\libs\\STM32Cube_F4\\Drivers\\STM32F4xx_HAL_Driver\\Src\\stm32f4xx_hal_rcc.c 0x00000000   Number         0  stm32f4xx_hal_rcc.o ABSOLUTE
    ..\\common\\libs\\STM32Cube_F4\\Drivers\\STM32F4xx_HAL_Driver\\Src\\stm32f4xx_hal_tim.c 0x00000000   Number         0  stm32f4xx_hal_tim.o ABSOLUTE
    ..\\common\\libs\\STM32Cube_F4\\Drivers\\STM32F4xx_HAL_Driver\\Src\\stm32f4xx_hal_tim_ex.c 0x00000000   Number         0  stm32f4xx_hal_tim_ex.o ABSOLUTE
    ..\common\libs\STM32Cube_F4\Drivers\STM32F4xx_HAL_Driver\Src\stm32f4xx_hal.c 0x00000000   Number         0  stm32f4xx_hal.o ABSOLUTE
    ..\common\libs\STM32Cube_F4\Drivers\STM32F4xx_HAL_Driver\Src\stm32f4xx_hal_cortex.c 0x00000000   Number         0  stm32f4xx_hal_cortex.o ABSOLUTE
    ..\common\libs\STM32Cube_F4\Drivers\STM32F4xx_HAL_Driver\Src\stm32f4xx_hal_dma.c 0x00000000   Number         0  stm32f4xx_hal_dma.o ABSOLUTE
    ..\common\libs\STM32Cube_F4\Drivers\STM32F4xx_HAL_Driver\Src\stm32f4xx_hal_gpio.c 0x00000000   Number         0  stm32f4xx_hal_gpio.o ABSOLUTE
    ..\common\libs\STM32Cube_F4\Drivers\STM32F4xx_HAL_Driver\Src\stm32f4xx_hal_rcc.c 0x00000000   Number         0  stm32f4xx_hal_rcc.o ABSOLUTE
    ..\common\libs\STM32Cube_F4\Drivers\STM32F4xx_HAL_Driver\Src\stm32f4xx_hal_tim.c 0x00000000   Number         0  stm32f4xx_hal_tim.o ABSOLUTE
    ..\common\libs\STM32Cube_F4\Drivers\STM32F4xx_HAL_Driver\Src\stm32f4xx_hal_tim_ex.c 0x00000000   Number         0  stm32f4xx_hal_tim_ex.o ABSOLUTE
    dc.s                                     0x00000000   Number         0  dc.o ABSOLUTE
    src\Hardware\CMSIS\startup_stm32f407xx.s 0x00000000   Number         0  startup_stm32f407xx.o ABSOLUTE
    src\Hardware\CMSIS\system_stm32f4xx.c    0x00000000   Number         0  system_stm32f4xx.o ABSOLUTE
    src\Hardware\HAL\HAL.cpp                 0x00000000   Number         0  hal.o ABSOLUTE
    src\Hardware\HAL\HAL_IT.cpp              0x00000000   Number         0  hal_it.o ABSOLUTE
    src\Hardware\HAL\HAL_PIO.cpp             0x00000000   Number         0  hal_pio.o ABSOLUTE
    src\Hardware\HAL\HAL_TIM.cpp             0x00000000   Number         0  hal_tim.o ABSOLUTE
    src\Hardware\HAL\HAL_TIM2.cpp            0x00000000   Number         0  hal_tim2.o ABSOLUTE
    src\Hardware\HAL\HAL_TIM3.cpp            0x00000000   Number         0  hal_tim3.o ABSOLUTE
    src\Hardware\Timer.cpp                   0x00000000   Number         0  timer.o ABSOLUTE
    src\\Hardware\\CMSIS\\system_stm32f4xx.c 0x00000000   Number         0  system_stm32f4xx.o ABSOLUTE
    src\\Hardware\\HAL\\HAL.cpp              0x00000000   Number         0  hal.o ABSOLUTE
    src\\Hardware\\HAL\\HAL_IT.cpp           0x00000000   Number         0  hal_it.o ABSOLUTE
    src\\Hardware\\HAL\\HAL_PIO.cpp          0x00000000   Number         0  hal_pio.o ABSOLUTE
    src\\Hardware\\HAL\\HAL_TIM.cpp          0x00000000   Number         0  hal_tim.o ABSOLUTE
    src\\Hardware\\HAL\\HAL_TIM2.cpp         0x00000000   Number         0  hal_tim2.o ABSOLUTE
    src\\Hardware\\HAL\\HAL_TIM3.cpp         0x00000000   Number         0  hal_tim3.o ABSOLUTE
    src\\Hardware\\Timer.cpp                 0x00000000   Number         0  timer.o ABSOLUTE
    src\main.cpp                             0x00000000   Number         0  main.o ABSOLUTE
    RESET                                    0x08000000   Section      392  startup_stm32f407xx.o(RESET)
    !!!main                                  0x08000188   Section        8  __main.o(!!!main)
    !!!scatter                               0x08000190   Section       52  __scatter.o(!!!scatter)
    !!handler_copy                           0x080001c4   Section       26  __scatter_copy.o(!!handler_copy)
    !!handler_zi                             0x080001e0   Section       28  __scatter_zi.o(!!handler_zi)
    .ARM.Collect$$libinit$$00000000          0x080001fc   Section        2  libinit.o(.ARM.Collect$$libinit$$00000000)
    .ARM.Collect$$libinit$$00000001          0x080001fe   Section        4  libinit2.o(.ARM.Collect$$libinit$$00000001)
    .ARM.Collect$$libinit$$00000004          0x08000202   Section        0  libinit2.o(.ARM.Collect$$libinit$$00000004)
    .ARM.Collect$$libinit$$0000000A          0x08000202   Section        0  libinit2.o(.ARM.Collect$$libinit$$0000000A)
    .ARM.Collect$$libinit$$0000000C          0x08000202   Section        0  libinit2.o(.ARM.Collect$$libinit$$0000000C)
    .ARM.Collect$$libinit$$0000000E          0x08000202   Section        0  libinit2.o(.ARM.Collect$$libinit$$0000000E)
    .ARM.Collect$$libinit$$00000011          0x08000202   Section        0  libinit2.o(.ARM.Collect$$libinit$$00000011)
    .ARM.Collect$$libinit$$00000013          0x08000202   Section        0  libinit2.o(.ARM.Collect$$libinit$$00000013)
    .ARM.Collect$$libinit$$00000015          0x08000202   Section        0  libinit2.o(.ARM.Collect$$libinit$$00000015)
    .ARM.Collect$$libinit$$00000017          0x08000202   Section        0  libinit2.o(.ARM.Collect$$libinit$$00000017)
    .ARM.Collect$$libinit$$00000019          0x08000202   Section        0  libinit2.o(.ARM.Collect$$libinit$$00000019)
    .ARM.Collect$$libinit$$0000001B          0x08000202   Section        0  libinit2.o(.ARM.Collect$$libinit$$0000001B)
    .ARM.Collect$$libinit$$0000001D          0x08000202   Section        0  libinit2.o(.ARM.Collect$$libinit$$0000001D)
    .ARM.Collect$$libinit$$0000001F          0x08000202   Section        0  libinit2.o(.ARM.Collect$$libinit$$0000001F)
    .ARM.Collect$$libinit$$00000021          0x08000202   Section        0  libinit2.o(.ARM.Collect$$libinit$$00000021)
    .ARM.Collect$$libinit$$00000023          0x08000202   Section        0  libinit2.o(.ARM.Collect$$libinit$$00000023)
    .ARM.Collect$$libinit$$00000025          0x08000202   Section        0  libinit2.o(.ARM.Collect$$libinit$$00000025)
    .ARM.Collect$$libinit$$0000002C          0x08000202   Section        0  libinit2.o(.ARM.Collect$$libinit$$0000002C)
    .ARM.Collect$$libinit$$0000002E          0x08000202   Section        0  libinit2.o(.ARM.Collect$$libinit$$0000002E)
    .ARM.Collect$$libinit$$00000030          0x08000202   Section        0  libinit2.o(.ARM.Collect$$libinit$$00000030)
    .ARM.Collect$$libinit$$00000032          0x08000202   Section        0  libinit2.o(.ARM.Collect$$libinit$$00000032)
    .ARM.Collect$$libinit$$00000033          0x08000202   Section        2  libinit2.o(.ARM.Collect$$libinit$$00000033)
    .ARM.Collect$$libshutdown$$00000000      0x08000204   Section        2  libshutdown.o(.ARM.Collect$$libshutdown$$00000000)
    .ARM.Collect$$libshutdown$$00000002      0x08000206   Section        0  libshutdown2.o(.ARM.Collect$$libshutdown$$00000002)
    .ARM.Collect$$libshutdown$$00000004      0x08000206   Section        0  libshutdown2.o(.ARM.Collect$$libshutdown$$00000004)
    .ARM.Collect$$libshutdown$$00000006      0x08000206   Section        0  libshutdown2.o(.ARM.Collect$$libshutdown$$00000006)
    .ARM.Collect$$libshutdown$$00000009      0x08000206   Section        0  libshutdown2.o(.ARM.Collect$$libshutdown$$00000009)
    .ARM.Collect$$libshutdown$$0000000C      0x08000206   Section        0  libshutdown2.o(.ARM.Collect$$libshutdown$$0000000C)
    .ARM.Collect$$libshutdown$$0000000E      0x08000206   Section        0  libshutdown2.o(.ARM.Collect$$libshutdown$$0000000E)
    .ARM.Collect$$libshutdown$$00000011      0x08000206   Section        0  libshutdown2.o(.ARM.Collect$$libshutdown$$00000011)
    .ARM.Collect$$libshutdown$$00000012      0x08000206   Section        2  libshutdown2.o(.ARM.Collect$$libshutdown$$00000012)
    .ARM.Collect$$rtentry$$00000000          0x08000208   Section        0  __rtentry.o(.ARM.Collect$$rtentry$$00000000)
    .ARM.Collect$$rtentry$$00000002          0x08000208   Section        0  __rtentry2.o(.ARM.Collect$$rtentry$$00000002)
    .ARM.Collect$$rtentry$$00000004          0x08000208   Section        6  __rtentry4.o(.ARM.Collect$$rtentry$$00000004)
    .ARM.Collect$$rtentry$$00000009          0x0800020e   Section        0  __rtentry2.o(.ARM.Collect$$rtentry$$00000009)
    .ARM.Collect$$rtentry$$0000000A          0x0800020e   Section        4  __rtentry2.o(.ARM.Collect$$rtentry$$0000000A)
    .ARM.Collect$$rtentry$$0000000C          0x08000212   Section        0  __rtentry2.o(.ARM.Collect$$rtentry$$0000000C)
    .ARM.Collect$$rtentry$$0000000D          0x08000212   Section        8  __rtentry2.o(.ARM.Collect$$rtentry$$0000000D)
    .ARM.Collect$$rtexit$$00000000           0x0800021a   Section        2  rtexit.o(.ARM.Collect$$rtexit$$00000000)
    .ARM.Collect$$rtexit$$00000002           0x0800021c   Section        0  rtexit2.o(.ARM.Collect$$rtexit$$00000002)
    .ARM.Collect$$rtexit$$00000003           0x0800021c   Section        4  rtexit2.o(.ARM.Collect$$rtexit$$00000003)
    .ARM.Collect$$rtexit$$00000004           0x08000220   Section        6  rtexit2.o(.ARM.Collect$$rtexit$$00000004)
    .text                                    0x08000228   Section       64  startup_stm32f407xx.o(.text)
    $v0                                      0x08000228   Number         0  startup_stm32f407xx.o(.text)
    .text                                    0x08000268   Section      238  lludivv7m.o(.text)
    .text                                    0x08000356   Section      100  rt_memcpy_w.o(.text)
    .text                                    0x080003ba   Section        0  heapauxi.o(.text)
    .text                                    0x080003c0   Section       74  sys_stackheap_outer.o(.text)
    .text                                    0x0800040a   Section        0  exit.o(.text)
    .text                                    0x0800041c   Section        8  libspace.o(.text)
    .text                                    0x08000424   Section        0  sys_exit.o(.text)
    .text                                    0x08000430   Section        2  use_no_semi.o(.text)
    .text                                    0x08000432   Section        0  indicate_semi.o(.text)
    i.BusFault_Handler                       0x08000432   Section        0  hal_it.o(i.BusFault_Handler)
    i.DebugMon_Handler                       0x08000434   Section        0  hal_it.o(i.DebugMon_Handler)
    i.HAL_GPIO_Init                          0x08000438   Section        0  stm32f4xx_hal_gpio.o(i.HAL_GPIO_Init)
    i.HAL_GPIO_WritePin                      0x08000754   Section        0  stm32f4xx_hal_gpio.o(i.HAL_GPIO_WritePin)
    i.HAL_GetTick                            0x08000788   Section        0  stm32f4xx_hal.o(i.HAL_GetTick)
    i.HAL_IncTick                            0x08000794   Section        0  stm32f4xx_hal.o(i.HAL_IncTick)
    i.HAL_Init                               0x080007a4   Section        0  stm32f4xx_hal.o(i.HAL_Init)
    i.HAL_InitTick                           0x080007d8   Section        0  stm32f4xx_hal.o(i.HAL_InitTick)
    i.HAL_MspInit                            0x08000818   Section        0  hal.o(i.HAL_MspInit)
    i.HAL_NVIC_SetPriority                   0x08000870   Section        0  stm32f4xx_hal_cortex.o(i.HAL_NVIC_SetPriority)
    i.HAL_NVIC_SetPriorityGrouping           0x080008ec   Section        0  stm32f4xx_hal_cortex.o(i.HAL_NVIC_SetPriorityGrouping)
    i.HAL_RCC_ClockConfig                    0x08000934   Section        0  stm32f4xx_hal_rcc.o(i.HAL_RCC_ClockConfig)
    i.HAL_RCC_GetHCLKFreq                    0x08000b74   Section        0  stm32f4xx_hal_rcc.o(i.HAL_RCC_GetHCLKFreq)
    i.HAL_RCC_GetSysClockFreq                0x08000b80   Section        0  stm32f4xx_hal_rcc.o(i.HAL_RCC_GetSysClockFreq)
    i.HAL_RCC_OscConfig                      0x08000bf4   Section        0  stm32f4xx_hal_rcc.o(i.HAL_RCC_OscConfig)
    i.HAL_SYSTICK_CLKSourceConfig            0x08001120   Section        0  stm32f4xx_hal_cortex.o(i.HAL_SYSTICK_CLKSourceConfig)
    i.HAL_SYSTICK_Callback                   0x0800114c   Section        0  stm32f4xx_hal_cortex.o(i.HAL_SYSTICK_Callback)
    i.HAL_SYSTICK_Config                     0x08001150   Section        0  stm32f4xx_hal_cortex.o(i.HAL_SYSTICK_Config)
    i.HAL_SYSTICK_IRQHandler                 0x0800117c   Section        0  stm32f4xx_hal_cortex.o(i.HAL_SYSTICK_IRQHandler)
    i.HAL_TIM_Base_Init                      0x08001184   Section        0  stm32f4xx_hal_tim.o(i.HAL_TIM_Base_Init)
    i.HAL_TIM_Base_MspInit                   0x080012c4   Section        0  stm32f4xx_hal_tim.o(i.HAL_TIM_Base_MspInit)
    i.HAL_TIM_Base_Start_IT                  0x080012c8   Section        0  stm32f4xx_hal_tim.o(i.HAL_TIM_Base_Start_IT)
    i.HAL_TIM_Base_Stop_IT                   0x080013c8   Section        0  stm32f4xx_hal_tim.o(i.HAL_TIM_Base_Stop_IT)
    i.HardFault_Handler                      0x08001494   Section        0  hal_it.o(i.HardFault_Handler)
    i.MemManage_Handler                      0x08001496   Section        0  hal_it.o(i.MemManage_Handler)
    i.NMI_Handler                            0x08001498   Section        0  hal_it.o(i.NMI_Handler)
    i.PendSV_Handler                         0x0800149a   Section        0  hal_it.o(i.PendSV_Handler)
    i.SVC_Handler                            0x0800149c   Section        0  hal_it.o(i.SVC_Handler)
    i.SysTick_Handler                        0x0800149e   Section        0  hal_it.o(i.SysTick_Handler)
    i.SystemInit                             0x080014ac   Section        0  system_stm32f4xx.o(i.SystemInit)
    i.TIM3_IRQHandler                        0x080014bc   Section        0  hal_it.o(i.TIM3_IRQHandler)
    i.TIM_Base_SetConfig                     0x080014e8   Section        0  stm32f4xx_hal_tim.o(i.TIM_Base_SetConfig)
    i.UsageFault_Handler                     0x080015b4   Section        0  hal_it.o(i.UsageFault_Handler)
    i._ZN3HAL4InitEv                         0x080015b8   Section        0  hal.o(i._ZN3HAL4InitEv)
    i._ZN5Timer15ElapsedCallbackEv           0x08001734   Section        0  timer.o(i._ZN5Timer15ElapsedCallbackEv)
    i._ZN7HAL_PIO4InitEv                     0x08001810   Section        0  hal_pio.o(i._ZN7HAL_PIO4InitEv)
    i._ZN7HAL_TIM6TimeMSEv                   0x080018d4   Section        0  hal_tim.o(i._ZN7HAL_TIM6TimeMSEv)
    i._ZN8HAL_TIM36StopITEv                  0x080018d8   Section        0  hal_tim3.o(i._ZN8HAL_TIM36StopITEv)
    i._ZN8HAL_TIM37StartITEj                 0x080018e4   Section        0  hal_tim3.o(i._ZN8HAL_TIM37StartITEj)
    i.assert_failed                          0x08001900   Section        0  hal.o(i.assert_failed)
    i.main                                   0x08001902   Section        0  main.o(i.main)
    x$fpl$fpinit                             0x08001908   Section       10  fpinit.o(x$fpl$fpinit)
    $v0                                      0x08001908   Number         0  fpinit.o(x$fpl$fpinit)
    .constdata                               0x08001912   Section       16  system_stm32f4xx.o(.constdata)
    .constdata                               0x08001924   Section      220  hal_pio.o(.constdata)
    modes                                    0x08001924   Data          20  hal_pio.o(.constdata)
    pulles                                   0x08001938   Data          12  hal_pio.o(.constdata)
    speedes                                  0x08001944   Data          12  hal_pio.o(.constdata)
    alternates                               0x08001950   Data          20  hal_pio.o(.constdata)
    ports                                    0x08001964   Data          32  hal_pio.o(.constdata)
    .conststring                             0x08001a00   Section       84  stm32f4xx_hal_cortex.o(.conststring)
    .conststring                             0x08001a54   Section       81  stm32f4xx_hal_rcc.o(.conststring)
    .conststring                             0x08001aa8   Section       82  stm32f4xx_hal_gpio.o(.conststring)
    .conststring                             0x08001afc   Section       81  stm32f4xx_hal_tim.o(.conststring)
    .data                                    0x20000000   Section       12  stm32f4xx_hal.o(.data)
    .data                                    0x2000000c   Section        4  system_stm32f4xx.o(.data)
    .bss                                     0x20000010   Section      272  timer.o(.bss)
    timers                                   0x20000010   Data         272  timer.o(.bss)
    .bss                                     0x20000120   Section       72  hal_tim3.o(.bss)
    handler                                  0x20000120   Data          72  hal_tim3.o(.bss)
    .bss                                     0x20000168   Section       96  libspace.o(.bss)
    HEAP                                     0x200001c8   Section      512  startup_stm32f407xx.o(HEAP)
    Heap_Mem                                 0x200001c8   Data         512  startup_stm32f407xx.o(HEAP)
    STACK                                    0x200003c8   Section     1024  startup_stm32f407xx.o(STACK)
    Stack_Mem                                0x200003c8   Data        1024  startup_stm32f407xx.o(STACK)
    __initial_sp                             0x200007c8   Data           0  startup_stm32f407xx.o(STACK)

    Global Symbols

    Symbol Name                              Value     Ov Type        Size  Object(Section)

    BuildAttributes$$THM_ISAv4$E$P$D$K$B$S$7EM$VFPi3$EXTD16$VFPS$VFMA$PE$A:L22UL41UL21$X:L11$S22US41US21$IEEE1$IW$USESV6$~STKCKD$USESV7$~SHL$OTIME$ROPI$EBA8$UX$STANDARDLIB$REQ8$PRES8$EABIv2 0x00000000   Number         0  anon$$obj.o ABSOLUTE
    __ARM_use_no_argv                        0x00000000   Number         0  main.o ABSOLUTE
    __ARM_exceptions_init                     - Undefined Weak Reference
    __alloca_initialize                       - Undefined Weak Reference
    __arm_fini_                               - Undefined Weak Reference
    __arm_preinit_                            - Undefined Weak Reference
    __cpp_initialize__aeabi_                  - Undefined Weak Reference
    __cxa_finalize                            - Undefined Weak Reference
    __rt_locale                               - Undefined Weak Reference
    __sigvec_lookup                           - Undefined Weak Reference
    _atexit_init                              - Undefined Weak Reference
    _call_atexit_fns                          - Undefined Weak Reference
    _clock_init                               - Undefined Weak Reference
    _fp_trap_init                             - Undefined Weak Reference
    _fp_trap_shutdown                         - Undefined Weak Reference
    _get_lc_collate                           - Undefined Weak Reference
    _get_lc_ctype                             - Undefined Weak Reference
    _get_lc_monetary                          - Undefined Weak Reference
    _get_lc_numeric                           - Undefined Weak Reference
    _get_lc_time                              - Undefined Weak Reference
    _getenv_init                              - Undefined Weak Reference
    _handle_redirection                       - Undefined Weak Reference
    _init_alloc                               - Undefined Weak Reference
    _init_user_alloc                          - Undefined Weak Reference
    _initio                                   - Undefined Weak Reference
    _rand_init                                - Undefined Weak Reference
    _signal_finish                            - Undefined Weak Reference
    _signal_init                              - Undefined Weak Reference
    _terminate_alloc                          - Undefined Weak Reference
    _terminate_user_alloc                     - Undefined Weak Reference
    _terminateio                              - Undefined Weak Reference
    __Vectors_Size                           0x00000188   Number         0  startup_stm32f407xx.o ABSOLUTE
    __Vectors                                0x08000000   Data           4  startup_stm32f407xx.o(RESET)
    __Vectors_End                            0x08000188   Data           0  startup_stm32f407xx.o(RESET)
    __main                                   0x08000189   Thumb Code     8  __main.o(!!!main)
    __scatterload                            0x08000191   Thumb Code     0  __scatter.o(!!!scatter)
    __scatterload_rt2                        0x08000191   Thumb Code    44  __scatter.o(!!!scatter)
    __scatterload_rt2_thumb_only             0x08000191   Thumb Code     0  __scatter.o(!!!scatter)
    __scatterload_null                       0x0800019f   Thumb Code     0  __scatter.o(!!!scatter)
    __scatterload_copy                       0x080001c5   Thumb Code    26  __scatter_copy.o(!!handler_copy)
    __scatterload_zeroinit                   0x080001e1   Thumb Code    28  __scatter_zi.o(!!handler_zi)
    __rt_lib_init                            0x080001fd   Thumb Code     0  libinit.o(.ARM.Collect$$libinit$$00000000)
    __rt_lib_init_fp_1                       0x080001ff   Thumb Code     0  libinit2.o(.ARM.Collect$$libinit$$00000001)
    __rt_lib_init_alloca_1                   0x08000203   Thumb Code     0  libinit2.o(.ARM.Collect$$libinit$$0000002E)
    __rt_lib_init_argv_1                     0x08000203   Thumb Code     0  libinit2.o(.ARM.Collect$$libinit$$0000002C)
    __rt_lib_init_atexit_1                   0x08000203   Thumb Code     0  libinit2.o(.ARM.Collect$$libinit$$0000001B)
    __rt_lib_init_clock_1                    0x08000203   Thumb Code     0  libinit2.o(.ARM.Collect$$libinit$$00000021)
    __rt_lib_init_cpp_1                      0x08000203   Thumb Code     0  libinit2.o(.ARM.Collect$$libinit$$00000032)
    __rt_lib_init_exceptions_1               0x08000203   Thumb Code     0  libinit2.o(.ARM.Collect$$libinit$$00000030)
    __rt_lib_init_fp_trap_1                  0x08000203   Thumb Code     0  libinit2.o(.ARM.Collect$$libinit$$0000001F)
    __rt_lib_init_getenv_1                   0x08000203   Thumb Code     0  libinit2.o(.ARM.Collect$$libinit$$00000023)
    __rt_lib_init_heap_1                     0x08000203   Thumb Code     0  libinit2.o(.ARM.Collect$$libinit$$0000000A)
    __rt_lib_init_lc_collate_1               0x08000203   Thumb Code     0  libinit2.o(.ARM.Collect$$libinit$$00000011)
    __rt_lib_init_lc_ctype_1                 0x08000203   Thumb Code     0  libinit2.o(.ARM.Collect$$libinit$$00000013)
    __rt_lib_init_lc_monetary_1              0x08000203   Thumb Code     0  libinit2.o(.ARM.Collect$$libinit$$00000015)
    __rt_lib_init_lc_numeric_1               0x08000203   Thumb Code     0  libinit2.o(.ARM.Collect$$libinit$$00000017)
    __rt_lib_init_lc_time_1                  0x08000203   Thumb Code     0  libinit2.o(.ARM.Collect$$libinit$$00000019)
    __rt_lib_init_preinit_1                  0x08000203   Thumb Code     0  libinit2.o(.ARM.Collect$$libinit$$00000004)
    __rt_lib_init_rand_1                     0x08000203   Thumb Code     0  libinit2.o(.ARM.Collect$$libinit$$0000000E)
    __rt_lib_init_return                     0x08000203   Thumb Code     0  libinit2.o(.ARM.Collect$$libinit$$00000033)
    __rt_lib_init_signal_1                   0x08000203   Thumb Code     0  libinit2.o(.ARM.Collect$$libinit$$0000001D)
    __rt_lib_init_stdio_1                    0x08000203   Thumb Code     0  libinit2.o(.ARM.Collect$$libinit$$00000025)
    __rt_lib_init_user_alloc_1               0x08000203   Thumb Code     0  libinit2.o(.ARM.Collect$$libinit$$0000000C)
    __rt_lib_shutdown                        0x08000205   Thumb Code     0  libshutdown.o(.ARM.Collect$$libshutdown$$00000000)
    __rt_lib_shutdown_cpp_1                  0x08000207   Thumb Code     0  libshutdown2.o(.ARM.Collect$$libshutdown$$00000004)
    __rt_lib_shutdown_fini_1                 0x08000207   Thumb Code     0  libshutdown2.o(.ARM.Collect$$libshutdown$$00000002)
    __rt_lib_shutdown_fp_trap_1              0x08000207   Thumb Code     0  libshutdown2.o(.ARM.Collect$$libshutdown$$00000009)
    __rt_lib_shutdown_heap_1                 0x08000207   Thumb Code     0  libshutdown2.o(.ARM.Collect$$libshutdown$$00000011)
    __rt_lib_shutdown_return                 0x08000207   Thumb Code     0  libshutdown2.o(.ARM.Collect$$libshutdown$$00000012)
    __rt_lib_shutdown_signal_1               0x08000207   Thumb Code     0  libshutdown2.o(.ARM.Collect$$libshutdown$$0000000C)
    __rt_lib_shutdown_stdio_1                0x08000207   Thumb Code     0  libshutdown2.o(.ARM.Collect$$libshutdown$$00000006)
    __rt_lib_shutdown_user_alloc_1           0x08000207   Thumb Code     0  libshutdown2.o(.ARM.Collect$$libshutdown$$0000000E)
    __rt_entry                               0x08000209   Thumb Code     0  __rtentry.o(.ARM.Collect$$rtentry$$00000000)
    __rt_entry_presh_1                       0x08000209   Thumb Code     0  __rtentry2.o(.ARM.Collect$$rtentry$$00000002)
    __rt_entry_sh                            0x08000209   Thumb Code     0  __rtentry4.o(.ARM.Collect$$rtentry$$00000004)
    __rt_entry_li                            0x0800020f   Thumb Code     0  __rtentry2.o(.ARM.Collect$$rtentry$$0000000A)
    __rt_entry_postsh_1                      0x0800020f   Thumb Code     0  __rtentry2.o(.ARM.Collect$$rtentry$$00000009)
    __rt_entry_main                          0x08000213   Thumb Code     0  __rtentry2.o(.ARM.Collect$$rtentry$$0000000D)
    __rt_entry_postli_1                      0x08000213   Thumb Code     0  __rtentry2.o(.ARM.Collect$$rtentry$$0000000C)
    __rt_exit                                0x0800021b   Thumb Code     0  rtexit.o(.ARM.Collect$$rtexit$$00000000)
    __rt_exit_ls                             0x0800021d   Thumb Code     0  rtexit2.o(.ARM.Collect$$rtexit$$00000003)
    __rt_exit_prels_1                        0x0800021d   Thumb Code     0  rtexit2.o(.ARM.Collect$$rtexit$$00000002)
    __rt_exit_exit                           0x08000221   Thumb Code     0  rtexit2.o(.ARM.Collect$$rtexit$$00000004)
    Reset_Handler                            0x08000229   Thumb Code     8  startup_stm32f407xx.o(.text)
    ADC_IRQHandler                           0x08000243   Thumb Code     0  startup_stm32f407xx.o(.text)
    CAN1_RX0_IRQHandler                      0x08000243   Thumb Code     0  startup_stm32f407xx.o(.text)
    CAN1_RX1_IRQHandler                      0x08000243   Thumb Code     0  startup_stm32f407xx.o(.text)
    CAN1_SCE_IRQHandler                      0x08000243   Thumb Code     0  startup_stm32f407xx.o(.text)
    CAN1_TX_IRQHandler                       0x08000243   Thumb Code     0  startup_stm32f407xx.o(.text)
    CAN2_RX0_IRQHandler                      0x08000243   Thumb Code     0  startup_stm32f407xx.o(.text)
    CAN2_RX1_IRQHandler                      0x08000243   Thumb Code     0  startup_stm32f407xx.o(.text)
    CAN2_SCE_IRQHandler                      0x08000243   Thumb Code     0  startup_stm32f407xx.o(.text)
    CAN2_TX_IRQHandler                       0x08000243   Thumb Code     0  startup_stm32f407xx.o(.text)
    DCMI_IRQHandler                          0x08000243   Thumb Code     0  startup_stm32f407xx.o(.text)
    DMA1_Stream0_IRQHandler                  0x08000243   Thumb Code     0  startup_stm32f407xx.o(.text)
    DMA1_Stream1_IRQHandler                  0x08000243   Thumb Code     0  startup_stm32f407xx.o(.text)
    DMA1_Stream2_IRQHandler                  0x08000243   Thumb Code     0  startup_stm32f407xx.o(.text)
    DMA1_Stream3_IRQHandler                  0x08000243   Thumb Code     0  startup_stm32f407xx.o(.text)
    DMA1_Stream4_IRQHandler                  0x08000243   Thumb Code     0  startup_stm32f407xx.o(.text)
    DMA1_Stream5_IRQHandler                  0x08000243   Thumb Code     0  startup_stm32f407xx.o(.text)
    DMA1_Stream6_IRQHandler                  0x08000243   Thumb Code     0  startup_stm32f407xx.o(.text)
    DMA1_Stream7_IRQHandler                  0x08000243   Thumb Code     0  startup_stm32f407xx.o(.text)
    DMA2_Stream0_IRQHandler                  0x08000243   Thumb Code     0  startup_stm32f407xx.o(.text)
    DMA2_Stream1_IRQHandler                  0x08000243   Thumb Code     0  startup_stm32f407xx.o(.text)
    DMA2_Stream2_IRQHandler                  0x08000243   Thumb Code     0  startup_stm32f407xx.o(.text)
    DMA2_Stream3_IRQHandler                  0x08000243   Thumb Code     0  startup_stm32f407xx.o(.text)
    DMA2_Stream4_IRQHandler                  0x08000243   Thumb Code     0  startup_stm32f407xx.o(.text)
    DMA2_Stream5_IRQHandler                  0x08000243   Thumb Code     0  startup_stm32f407xx.o(.text)
    DMA2_Stream6_IRQHandler                  0x08000243   Thumb Code     0  startup_stm32f407xx.o(.text)
    DMA2_Stream7_IRQHandler                  0x08000243   Thumb Code     0  startup_stm32f407xx.o(.text)
    ETH_IRQHandler                           0x08000243   Thumb Code     0  startup_stm32f407xx.o(.text)
    ETH_WKUP_IRQHandler                      0x08000243   Thumb Code     0  startup_stm32f407xx.o(.text)
    EXTI0_IRQHandler                         0x08000243   Thumb Code     0  startup_stm32f407xx.o(.text)
    EXTI15_10_IRQHandler                     0x08000243   Thumb Code     0  startup_stm32f407xx.o(.text)
    EXTI1_IRQHandler                         0x08000243   Thumb Code     0  startup_stm32f407xx.o(.text)
    EXTI2_IRQHandler                         0x08000243   Thumb Code     0  startup_stm32f407xx.o(.text)
    EXTI3_IRQHandler                         0x08000243   Thumb Code     0  startup_stm32f407xx.o(.text)
    EXTI4_IRQHandler                         0x08000243   Thumb Code     0  startup_stm32f407xx.o(.text)
    EXTI9_5_IRQHandler                       0x08000243   Thumb Code     0  startup_stm32f407xx.o(.text)
    FLASH_IRQHandler                         0x08000243   Thumb Code     0  startup_stm32f407xx.o(.text)
    FMC_IRQHandler                           0x08000243   Thumb Code     0  startup_stm32f407xx.o(.text)
    FPU_IRQHandler                           0x08000243   Thumb Code     0  startup_stm32f407xx.o(.text)
    HASH_RNG_IRQHandler                      0x08000243   Thumb Code     0  startup_stm32f407xx.o(.text)
    I2C1_ER_IRQHandler                       0x08000243   Thumb Code     0  startup_stm32f407xx.o(.text)
    I2C1_EV_IRQHandler                       0x08000243   Thumb Code     0  startup_stm32f407xx.o(.text)
    I2C2_ER_IRQHandler                       0x08000243   Thumb Code     0  startup_stm32f407xx.o(.text)
    I2C2_EV_IRQHandler                       0x08000243   Thumb Code     0  startup_stm32f407xx.o(.text)
    I2C3_ER_IRQHandler                       0x08000243   Thumb Code     0  startup_stm32f407xx.o(.text)
    I2C3_EV_IRQHandler                       0x08000243   Thumb Code     0  startup_stm32f407xx.o(.text)
    OTG_FS_IRQHandler                        0x08000243   Thumb Code     0  startup_stm32f407xx.o(.text)
    OTG_FS_WKUP_IRQHandler                   0x08000243   Thumb Code     0  startup_stm32f407xx.o(.text)
    OTG_HS_EP1_IN_IRQHandler                 0x08000243   Thumb Code     0  startup_stm32f407xx.o(.text)
    OTG_HS_EP1_OUT_IRQHandler                0x08000243   Thumb Code     0  startup_stm32f407xx.o(.text)
    OTG_HS_IRQHandler                        0x08000243   Thumb Code     0  startup_stm32f407xx.o(.text)
    OTG_HS_WKUP_IRQHandler                   0x08000243   Thumb Code     0  startup_stm32f407xx.o(.text)
    PVD_IRQHandler                           0x08000243   Thumb Code     0  startup_stm32f407xx.o(.text)
    RCC_IRQHandler                           0x08000243   Thumb Code     0  startup_stm32f407xx.o(.text)
    RTC_Alarm_IRQHandler                     0x08000243   Thumb Code     0  startup_stm32f407xx.o(.text)
    RTC_WKUP_IRQHandler                      0x08000243   Thumb Code     0  startup_stm32f407xx.o(.text)
    SDIO_IRQHandler                          0x08000243   Thumb Code     0  startup_stm32f407xx.o(.text)
    SPI1_IRQHandler                          0x08000243   Thumb Code     0  startup_stm32f407xx.o(.text)
    SPI2_IRQHandler                          0x08000243   Thumb Code     0  startup_stm32f407xx.o(.text)
    SPI3_IRQHandler                          0x08000243   Thumb Code     0  startup_stm32f407xx.o(.text)
    TAMP_STAMP_IRQHandler                    0x08000243   Thumb Code     0  startup_stm32f407xx.o(.text)
    TIM1_BRK_TIM9_IRQHandler                 0x08000243   Thumb Code     0  startup_stm32f407xx.o(.text)
    TIM1_CC_IRQHandler                       0x08000243   Thumb Code     0  startup_stm32f407xx.o(.text)
    TIM1_TRG_COM_TIM11_IRQHandler            0x08000243   Thumb Code     0  startup_stm32f407xx.o(.text)
    TIM1_UP_TIM10_IRQHandler                 0x08000243   Thumb Code     0  startup_stm32f407xx.o(.text)
    TIM2_IRQHandler                          0x08000243   Thumb Code     0  startup_stm32f407xx.o(.text)
    TIM4_IRQHandler                          0x08000243   Thumb Code     0  startup_stm32f407xx.o(.text)
    TIM5_IRQHandler                          0x08000243   Thumb Code     0  startup_stm32f407xx.o(.text)
    TIM6_DAC_IRQHandler                      0x08000243   Thumb Code     0  startup_stm32f407xx.o(.text)
    TIM7_IRQHandler                          0x08000243   Thumb Code     0  startup_stm32f407xx.o(.text)
    TIM8_BRK_TIM12_IRQHandler                0x08000243   Thumb Code     0  startup_stm32f407xx.o(.text)
    TIM8_CC_IRQHandler                       0x08000243   Thumb Code     0  startup_stm32f407xx.o(.text)
    TIM8_TRG_COM_TIM14_IRQHandler            0x08000243   Thumb Code     0  startup_stm32f407xx.o(.text)
    TIM8_UP_TIM13_IRQHandler                 0x08000243   Thumb Code     0  startup_stm32f407xx.o(.text)
    UART4_IRQHandler                         0x08000243   Thumb Code     0  startup_stm32f407xx.o(.text)
    UART5_IRQHandler                         0x08000243   Thumb Code     0  startup_stm32f407xx.o(.text)
    USART1_IRQHandler                        0x08000243   Thumb Code     0  startup_stm32f407xx.o(.text)
    USART2_IRQHandler                        0x08000243   Thumb Code     0  startup_stm32f407xx.o(.text)
    USART3_IRQHandler                        0x08000243   Thumb Code     0  startup_stm32f407xx.o(.text)
    USART6_IRQHandler                        0x08000243   Thumb Code     0  startup_stm32f407xx.o(.text)
    WWDG_IRQHandler                          0x08000243   Thumb Code     0  startup_stm32f407xx.o(.text)
    __user_initial_stackheap                 0x08000245   Thumb Code     0  startup_stm32f407xx.o(.text)
    __aeabi_uldivmod                         0x08000269   Thumb Code     0  lludivv7m.o(.text)
    _ll_udiv                                 0x08000269   Thumb Code   238  lludivv7m.o(.text)
    __aeabi_memcpy4                          0x08000357   Thumb Code     0  rt_memcpy_w.o(.text)
    __aeabi_memcpy8                          0x08000357   Thumb Code     0  rt_memcpy_w.o(.text)
    __rt_memcpy_w                            0x08000357   Thumb Code   100  rt_memcpy_w.o(.text)
    _memcpy_lastbytes_aligned                0x0800039f   Thumb Code     0  rt_memcpy_w.o(.text)
    __use_two_region_memory                  0x080003bb   Thumb Code     2  heapauxi.o(.text)
    __rt_heap_escrow$2region                 0x080003bd   Thumb Code     2  heapauxi.o(.text)
    __rt_heap_expand$2region                 0x080003bf   Thumb Code     2  heapauxi.o(.text)
    __user_setup_stackheap                   0x080003c1   Thumb Code    74  sys_stackheap_outer.o(.text)
    exit                                     0x0800040b   Thumb Code    18  exit.o(.text)
    __user_libspace                          0x0800041d   Thumb Code     8  libspace.o(.text)
    __user_perproc_libspace                  0x0800041d   Thumb Code     0  libspace.o(.text)
    __user_perthread_libspace                0x0800041d   Thumb Code     0  libspace.o(.text)
    _sys_exit                                0x08000425   Thumb Code     8  sys_exit.o(.text)
    __I$use$semihosting                      0x08000431   Thumb Code     0  use_no_semi.o(.text)
    __use_no_semihosting_swi                 0x08000431   Thumb Code     2  use_no_semi.o(.text)
    BusFault_Handler                         0x08000433   Thumb Code     2  hal_it.o(i.BusFault_Handler)
    __semihosting_library_function           0x08000433   Thumb Code     0  indicate_semi.o(.text)
    DebugMon_Handler                         0x08000435   Thumb Code     2  hal_it.o(i.DebugMon_Handler)
    HAL_GPIO_Init                            0x08000439   Thumb Code   762  stm32f4xx_hal_gpio.o(i.HAL_GPIO_Init)
    HAL_GPIO_WritePin                        0x08000755   Thumb Code    48  stm32f4xx_hal_gpio.o(i.HAL_GPIO_WritePin)
    HAL_GetTick                              0x08000789   Thumb Code     6  stm32f4xx_hal.o(i.HAL_GetTick)
    HAL_IncTick                              0x08000795   Thumb Code    12  stm32f4xx_hal.o(i.HAL_IncTick)
    HAL_Init                                 0x080007a5   Thumb Code    48  stm32f4xx_hal.o(i.HAL_Init)
    HAL_InitTick                             0x080007d9   Thumb Code    54  stm32f4xx_hal.o(i.HAL_InitTick)
    HAL_MspInit                              0x08000819   Thumb Code    88  hal.o(i.HAL_MspInit)
    HAL_NVIC_SetPriority                     0x08000871   Thumb Code   114  stm32f4xx_hal_cortex.o(i.HAL_NVIC_SetPriority)
    HAL_NVIC_SetPriorityGrouping             0x080008ed   Thumb Code    62  stm32f4xx_hal_cortex.o(i.HAL_NVIC_SetPriorityGrouping)
    HAL_RCC_ClockConfig                      0x08000935   Thumb Code   548  stm32f4xx_hal_rcc.o(i.HAL_RCC_ClockConfig)
    HAL_RCC_GetHCLKFreq                      0x08000b75   Thumb Code     6  stm32f4xx_hal_rcc.o(i.HAL_RCC_GetHCLKFreq)
    HAL_RCC_GetSysClockFreq                  0x08000b81   Thumb Code    98  stm32f4xx_hal_rcc.o(i.HAL_RCC_GetSysClockFreq)
    HAL_RCC_OscConfig                        0x08000bf5   Thumb Code  1314  stm32f4xx_hal_rcc.o(i.HAL_RCC_OscConfig)
    HAL_SYSTICK_CLKSourceConfig              0x08001121   Thumb Code    40  stm32f4xx_hal_cortex.o(i.HAL_SYSTICK_CLKSourceConfig)
    HAL_SYSTICK_Callback                     0x0800114d   Thumb Code     2  stm32f4xx_hal_cortex.o(i.HAL_SYSTICK_Callback)
    HAL_SYSTICK_Config                       0x08001151   Thumb Code    38  stm32f4xx_hal_cortex.o(i.HAL_SYSTICK_Config)
    HAL_SYSTICK_IRQHandler                   0x0800117d   Thumb Code     8  stm32f4xx_hal_cortex.o(i.HAL_SYSTICK_IRQHandler)
    HAL_TIM_Base_Init                        0x08001185   Thumb Code   314  stm32f4xx_hal_tim.o(i.HAL_TIM_Base_Init)
    HAL_TIM_Base_MspInit                     0x080012c5   Thumb Code     2  stm32f4xx_hal_tim.o(i.HAL_TIM_Base_MspInit)
    HAL_TIM_Base_Start_IT                    0x080012c9   Thumb Code   224  stm32f4xx_hal_tim.o(i.HAL_TIM_Base_Start_IT)
    HAL_TIM_Base_Stop_IT                     0x080013c9   Thumb Code   200  stm32f4xx_hal_tim.o(i.HAL_TIM_Base_Stop_IT)
    HardFault_Handler                        0x08001495   Thumb Code     2  hal_it.o(i.HardFault_Handler)
    MemManage_Handler                        0x08001497   Thumb Code     2  hal_it.o(i.MemManage_Handler)
    NMI_Handler                              0x08001499   Thumb Code     2  hal_it.o(i.NMI_Handler)
    PendSV_Handler                           0x0800149b   Thumb Code     2  hal_it.o(i.PendSV_Handler)
    SVC_Handler                              0x0800149d   Thumb Code     2  hal_it.o(i.SVC_Handler)
    SysTick_Handler                          0x0800149f   Thumb Code    14  hal_it.o(i.SysTick_Handler)
    SystemInit                               0x080014ad   Thumb Code    12  system_stm32f4xx.o(i.SystemInit)
    TIM3_IRQHandler                          0x080014bd   Thumb Code    34  hal_it.o(i.TIM3_IRQHandler)
    TIM_Base_SetConfig                       0x080014e9   Thumb Code   184  stm32f4xx_hal_tim.o(i.TIM_Base_SetConfig)
    UsageFault_Handler                       0x080015b5   Thumb Code     2  hal_it.o(i.UsageFault_Handler)
    HAL::Init()                              0x080015b9   Thumb Code   360  hal.o(i._ZN3HAL4InitEv)
    Timer::ElapsedCallback()                 0x08001735   Thumb Code   214  timer.o(i._ZN5Timer15ElapsedCallbackEv)
    HAL_PIO::Init()                          0x08001811   Thumb Code   186  hal_pio.o(i._ZN7HAL_PIO4InitEv)
    HAL_TIM::TimeMS()                        0x080018d5   Thumb Code     4  hal_tim.o(i._ZN7HAL_TIM6TimeMSEv)
    HAL_TIM3::StopIT()                       0x080018d9   Thumb Code     6  hal_tim3.o(i._ZN8HAL_TIM36StopITEv)
    HAL_TIM3::StartIT(unsigned)              0x080018e5   Thumb Code    22  hal_tim3.o(i._ZN8HAL_TIM37StartITEj)
    assert_failed                            0x08001901   Thumb Code     2  hal.o(i.assert_failed)
    main                                     0x08001903   Thumb Code     6  main.o(i.main)
    _fp_init                                 0x08001909   Thumb Code    10  fpinit.o(x$fpl$fpinit)
    __fplib_config_fpu_vfp                   0x08001911   Thumb Code     0  fpinit.o(x$fpl$fpinit)
    __fplib_config_pureend_doubles           0x08001911   Thumb Code     0  fpinit.o(x$fpl$fpinit)
    AHBPrescTable                            0x08001912   Data          16  system_stm32f4xx.o(.constdata)
    Region$$Table$$Base                      0x08001b50   Number         0  anon$$obj.o(Region$$Table)
    Region$$Table$$Limit                     0x08001b70   Number         0  anon$$obj.o(Region$$Table)
    uwTickFreq                               0x20000000   Data           1  stm32f4xx_hal.o(.data)
    uwTickPrio                               0x20000004   Data           4  stm32f4xx_hal.o(.data)
    uwTick                                   0x20000008   Data           4  stm32f4xx_hal.o(.data)
    SystemCoreClock                          0x2000000c   Data           4  system_stm32f4xx.o(.data)
    __libspace_start                         0x20000168   Data          96  libspace.o(.bss)
    __temporary_stack_top$libspace           0x200001c8   Data           0  libspace.o(.bss)



==============================================================================

Memory Map of the image

  Image Entry point : 0x08000189

  Load Region LR_IROM1 (Base: 0x08000000, Size: 0x00001b80, Max: 0x00100000, ABSOLUTE)

    Execution Region ER_IROM1 (Exec base: 0x08000000, Load base: 0x08000000, Size: 0x00001b70, Max: 0x00100000, ABSOLUTE)

    Exec Addr    Load Addr    Size         Type   Attr      Idx    E Section Name        Object

    0x08000000   0x08000000   0x00000188   Data   RO          526    RESET               startup_stm32f407xx.o
    0x08000188   0x08000188   0x00000008   Code   RO          648  * !!!main             c_w.l(__main.o)
    0x08000190   0x08000190   0x00000034   Code   RO          780    !!!scatter          c_w.l(__scatter.o)
    0x080001c4   0x080001c4   0x0000001a   Code   RO          781    !!handler_copy      c_w.l(__scatter_copy.o)
    0x080001de   0x080001de   0x00000002   PAD
    0x080001e0   0x080001e0   0x0000001c   Code   RO          782    !!handler_zi        c_w.l(__scatter_zi.o)
    0x080001fc   0x080001fc   0x00000002   Code   RO          675    .ARM.Collect$$libinit$$00000000  c_w.l(libinit.o)
    0x080001fe   0x080001fe   0x00000004   Code   RO          683    .ARM.Collect$$libinit$$00000001  c_w.l(libinit2.o)
    0x08000202   0x08000202   0x00000000   Code   RO          686    .ARM.Collect$$libinit$$00000004  c_w.l(libinit2.o)
    0x08000202   0x08000202   0x00000000   Code   RO          689    .ARM.Collect$$libinit$$0000000A  c_w.l(libinit2.o)
    0x08000202   0x08000202   0x00000000   Code   RO          691    .ARM.Collect$$libinit$$0000000C  c_w.l(libinit2.o)
    0x08000202   0x08000202   0x00000000   Code   RO          693    .ARM.Collect$$libinit$$0000000E  c_w.l(libinit2.o)
    0x08000202   0x08000202   0x00000000   Code   RO          696    .ARM.Collect$$libinit$$00000011  c_w.l(libinit2.o)
    0x08000202   0x08000202   0x00000000   Code   RO          698    .ARM.Collect$$libinit$$00000013  c_w.l(libinit2.o)
    0x08000202   0x08000202   0x00000000   Code   RO          700    .ARM.Collect$$libinit$$00000015  c_w.l(libinit2.o)
    0x08000202   0x08000202   0x00000000   Code   RO          702    .ARM.Collect$$libinit$$00000017  c_w.l(libinit2.o)
    0x08000202   0x08000202   0x00000000   Code   RO          704    .ARM.Collect$$libinit$$00000019  c_w.l(libinit2.o)
    0x08000202   0x08000202   0x00000000   Code   RO          706    .ARM.Collect$$libinit$$0000001B  c_w.l(libinit2.o)
    0x08000202   0x08000202   0x00000000   Code   RO          708    .ARM.Collect$$libinit$$0000001D  c_w.l(libinit2.o)
    0x08000202   0x08000202   0x00000000   Code   RO          710    .ARM.Collect$$libinit$$0000001F  c_w.l(libinit2.o)
    0x08000202   0x08000202   0x00000000   Code   RO          712    .ARM.Collect$$libinit$$00000021  c_w.l(libinit2.o)
    0x08000202   0x08000202   0x00000000   Code   RO          714    .ARM.Collect$$libinit$$00000023  c_w.l(libinit2.o)
    0x08000202   0x08000202   0x00000000   Code   RO          716    .ARM.Collect$$libinit$$00000025  c_w.l(libinit2.o)
    0x08000202   0x08000202   0x00000000   Code   RO          720    .ARM.Collect$$libinit$$0000002C  c_w.l(libinit2.o)
    0x08000202   0x08000202   0x00000000   Code   RO          722    .ARM.Collect$$libinit$$0000002E  c_w.l(libinit2.o)
    0x08000202   0x08000202   0x00000000   Code   RO          724    .ARM.Collect$$libinit$$00000030  c_w.l(libinit2.o)
    0x08000202   0x08000202   0x00000000   Code   RO          726    .ARM.Collect$$libinit$$00000032  c_w.l(libinit2.o)
    0x08000202   0x08000202   0x00000002   Code   RO          727    .ARM.Collect$$libinit$$00000033  c_w.l(libinit2.o)
    0x08000204   0x08000204   0x00000002   Code   RO          747    .ARM.Collect$$libshutdown$$00000000  c_w.l(libshutdown.o)
    0x08000206   0x08000206   0x00000000   Code   RO          761    .ARM.Collect$$libshutdown$$00000002  c_w.l(libshutdown2.o)
    0x08000206   0x08000206   0x00000000   Code   RO          763    .ARM.Collect$$libshutdown$$00000004  c_w.l(libshutdown2.o)
    0x08000206   0x08000206   0x00000000   Code   RO          765    .ARM.Collect$$libshutdown$$00000006  c_w.l(libshutdown2.o)
    0x08000206   0x08000206   0x00000000   Code   RO          768    .ARM.Collect$$libshutdown$$00000009  c_w.l(libshutdown2.o)
    0x08000206   0x08000206   0x00000000   Code   RO          771    .ARM.Collect$$libshutdown$$0000000C  c_w.l(libshutdown2.o)
    0x08000206   0x08000206   0x00000000   Code   RO          773    .ARM.Collect$$libshutdown$$0000000E  c_w.l(libshutdown2.o)
    0x08000206   0x08000206   0x00000000   Code   RO          776    .ARM.Collect$$libshutdown$$00000011  c_w.l(libshutdown2.o)
    0x08000206   0x08000206   0x00000002   Code   RO          777    .ARM.Collect$$libshutdown$$00000012  c_w.l(libshutdown2.o)
    0x08000208   0x08000208   0x00000000   Code   RO          649    .ARM.Collect$$rtentry$$00000000  c_w.l(__rtentry.o)
    0x08000208   0x08000208   0x00000000   Code   RO          653    .ARM.Collect$$rtentry$$00000002  c_w.l(__rtentry2.o)
    0x08000208   0x08000208   0x00000006   Code   RO          665    .ARM.Collect$$rtentry$$00000004  c_w.l(__rtentry4.o)
    0x0800020e   0x0800020e   0x00000000   Code   RO          655    .ARM.Collect$$rtentry$$00000009  c_w.l(__rtentry2.o)
    0x0800020e   0x0800020e   0x00000004   Code   RO          656    .ARM.Collect$$rtentry$$0000000A  c_w.l(__rtentry2.o)
    0x08000212   0x08000212   0x00000000   Code   RO          658    .ARM.Collect$$rtentry$$0000000C  c_w.l(__rtentry2.o)
    0x08000212   0x08000212   0x00000008   Code   RO          659    .ARM.Collect$$rtentry$$0000000D  c_w.l(__rtentry2.o)
    0x0800021a   0x0800021a   0x00000002   Code   RO          678    .ARM.Collect$$rtexit$$00000000  c_w.l(rtexit.o)
    0x0800021c   0x0800021c   0x00000000   Code   RO          730    .ARM.Collect$$rtexit$$00000002  c_w.l(rtexit2.o)
    0x0800021c   0x0800021c   0x00000004   Code   RO          731    .ARM.Collect$$rtexit$$00000003  c_w.l(rtexit2.o)
    0x08000220   0x08000220   0x00000006   Code   RO          732    .ARM.Collect$$rtexit$$00000004  c_w.l(rtexit2.o)
    0x08000226   0x08000226   0x00000002   PAD
    0x08000228   0x08000228   0x00000040   Code   RO          527    .text               startup_stm32f407xx.o
    0x08000268   0x08000268   0x000000ee   Code   RO          645    .text               c_w.l(lludivv7m.o)
    0x08000356   0x08000356   0x00000064   Code   RO          646    .text               c_w.l(rt_memcpy_w.o)
    0x080003ba   0x080003ba   0x00000006   Code   RO          647    .text               c_w.l(heapauxi.o)
    0x080003c0   0x080003c0   0x0000004a   Code   RO          668    .text               c_w.l(sys_stackheap_outer.o)
    0x0800040a   0x0800040a   0x00000012   Code   RO          669    .text               c_w.l(exit.o)
    0x0800041c   0x0800041c   0x00000008   Code   RO          676    .text               c_w.l(libspace.o)
    0x08000424   0x08000424   0x0000000c   Code   RO          728    .text               c_w.l(sys_exit.o)
    0x08000430   0x08000430   0x00000002   Code   RO          741    .text               c_w.l(use_no_semi.o)
    0x08000432   0x08000432   0x00000000   Code   RO          742    .text               c_w.l(indicate_semi.o)
    0x08000432   0x08000432   0x00000002   Code   RO          552    i.BusFault_Handler  hal_it.o
    0x08000434   0x08000434   0x00000002   Code   RO          553    i.DebugMon_Handler  hal_it.o
    0x08000436   0x08000436   0x00000002   PAD
    0x08000438   0x08000438   0x0000031c   Code   RO          138    i.HAL_GPIO_Init     stm32f4xx_hal_gpio.o
    0x08000754   0x08000754   0x00000034   Code   RO          142    i.HAL_GPIO_WritePin  stm32f4xx_hal_gpio.o
    0x08000788   0x08000788   0x0000000c   Code   RO           17    i.HAL_GetTick       stm32f4xx_hal.o
    0x08000794   0x08000794   0x00000010   Code   RO           23    i.HAL_IncTick       stm32f4xx_hal.o
    0x080007a4   0x080007a4   0x00000034   Code   RO           24    i.HAL_Init          stm32f4xx_hal.o
    0x080007d8   0x080007d8   0x00000040   Code   RO           25    i.HAL_InitTick      stm32f4xx_hal.o
    0x08000818   0x08000818   0x00000058   Code   RO          541    i.HAL_MspInit       hal.o
    0x08000870   0x08000870   0x0000007c   Code   RO           74    i.HAL_NVIC_SetPriority  stm32f4xx_hal_cortex.o
    0x080008ec   0x080008ec   0x00000048   Code   RO           75    i.HAL_NVIC_SetPriorityGrouping  stm32f4xx_hal_cortex.o
    0x08000934   0x08000934   0x00000240   Code   RO          104    i.HAL_RCC_ClockConfig  stm32f4xx_hal_rcc.o
    0x08000b74   0x08000b74   0x0000000c   Code   RO          109    i.HAL_RCC_GetHCLKFreq  stm32f4xx_hal_rcc.o
    0x08000b80   0x08000b80   0x00000074   Code   RO          113    i.HAL_RCC_GetSysClockFreq  stm32f4xx_hal_rcc.o
    0x08000bf4   0x08000bf4   0x0000052c   Code   RO          116    i.HAL_RCC_OscConfig  stm32f4xx_hal_rcc.o
    0x08001120   0x08001120   0x0000002c   Code   RO           77    i.HAL_SYSTICK_CLKSourceConfig  stm32f4xx_hal_cortex.o
    0x0800114c   0x0800114c   0x00000002   Code   RO           78    i.HAL_SYSTICK_Callback  stm32f4xx_hal_cortex.o
    0x0800114e   0x0800114e   0x00000002   PAD
    0x08001150   0x08001150   0x0000002c   Code   RO           79    i.HAL_SYSTICK_Config  stm32f4xx_hal_cortex.o
    0x0800117c   0x0800117c   0x00000008   Code   RO           80    i.HAL_SYSTICK_IRQHandler  stm32f4xx_hal_cortex.o
    0x08001184   0x08001184   0x00000140   Code   RO          157    i.HAL_TIM_Base_Init  stm32f4xx_hal_tim.o
    0x080012c4   0x080012c4   0x00000002   Code   RO          159    i.HAL_TIM_Base_MspInit  stm32f4xx_hal_tim.o
    0x080012c6   0x080012c6   0x00000002   PAD
    0x080012c8   0x080012c8   0x00000100   Code   RO          162    i.HAL_TIM_Base_Start_IT  stm32f4xx_hal_tim.o
    0x080013c8   0x080013c8   0x000000cc   Code   RO          165    i.HAL_TIM_Base_Stop_IT  stm32f4xx_hal_tim.o
    0x08001494   0x08001494   0x00000002   Code   RO          554    i.HardFault_Handler  hal_it.o
    0x08001496   0x08001496   0x00000002   Code   RO          555    i.MemManage_Handler  hal_it.o
    0x08001498   0x08001498   0x00000002   Code   RO          556    i.NMI_Handler       hal_it.o
    0x0800149a   0x0800149a   0x00000002   Code   RO          557    i.PendSV_Handler    hal_it.o
    0x0800149c   0x0800149c   0x00000002   Code   RO          558    i.SVC_Handler       hal_it.o
    0x0800149e   0x0800149e   0x0000000e   Code   RO          559    i.SysTick_Handler   hal_it.o
    0x080014ac   0x080014ac   0x00000010   Code   RO          532    i.SystemInit        system_stm32f4xx.o
    0x080014bc   0x080014bc   0x0000002c   Code   RO          560    i.TIM3_IRQHandler   hal_it.o
    0x080014e8   0x080014e8   0x000000cc   Code   RO          250    i.TIM_Base_SetConfig  stm32f4xx_hal_tim.o
    0x080015b4   0x080015b4   0x00000002   Code   RO          561    i.UsageFault_Handler  hal_it.o
    0x080015b6   0x080015b6   0x00000002   PAD
    0x080015b8   0x080015b8   0x0000017c   Code   RO          543    i._ZN3HAL4InitEv    hal.o
    0x08001734   0x08001734   0x000000dc   Code   RO          501    i._ZN5Timer15ElapsedCallbackEv  timer.o
    0x08001810   0x08001810   0x000000c4   Code   RO          578    i._ZN7HAL_PIO4InitEv  hal_pio.o
    0x080018d4   0x080018d4   0x00000004   Code   RO          616    i._ZN7HAL_TIM6TimeMSEv  hal_tim.o
    0x080018d8   0x080018d8   0x0000000c   Code   RO          635    i._ZN8HAL_TIM36StopITEv  hal_tim3.o
    0x080018e4   0x080018e4   0x0000001c   Code   RO          636    i._ZN8HAL_TIM37StartITEj  hal_tim3.o
    0x08001900   0x08001900   0x00000002   Code   RO          544    i.assert_failed     hal.o
    0x08001902   0x08001902   0x00000006   Code   RO          641    i.main              main.o
    0x08001908   0x08001908   0x0000000a   Code   RO          739    x$fpl$fpinit        fz_wm.l(fpinit.o)
    0x08001912   0x08001912   0x00000010   Data   RO          535    .constdata          system_stm32f4xx.o
    0x08001922   0x08001922   0x00000002   PAD
    0x08001924   0x08001924   0x000000dc   Data   RO          595    .constdata          hal_pio.o
    0x08001a00   0x08001a00   0x00000054   Data   RO           99    .conststring        stm32f4xx_hal_cortex.o
    0x08001a54   0x08001a54   0x00000051   Data   RO          131    .conststring        stm32f4xx_hal_rcc.o
    0x08001aa5   0x08001aa5   0x00000003   PAD
    0x08001aa8   0x08001aa8   0x00000052   Data   RO          151    .conststring        stm32f4xx_hal_gpio.o
    0x08001afa   0x08001afa   0x00000002   PAD
    0x08001afc   0x08001afc   0x00000051   Data   RO          377    .conststring        stm32f4xx_hal_tim.o
    0x08001b4d   0x08001b4d   0x00000003   PAD
    0x08001b50   0x08001b50   0x00000020   Data   RO          778    Region$$Table       anon$$obj.o


    Execution Region RW_IRAM1 (Exec base: 0x20000000, Load base: 0x08001b70, Size: 0x000007c8, Max: 0x00020000, ABSOLUTE)

    Exec Addr    Load Addr    Size         Type   Attr      Idx    E Section Name        Object

    0x20000000   0x08001b70   0x0000000c   Data   RW           59    .data               stm32f4xx_hal.o
    0x2000000c   0x08001b7c   0x00000004   Data   RW          537    .data               system_stm32f4xx.o
    0x20000010        -       0x00000110   Zero   RW          522    .bss                timer.o
    0x20000120        -       0x00000048   Zero   RW          640    .bss                hal_tim3.o
    0x20000168        -       0x00000060   Zero   RW          677    .bss                c_w.l(libspace.o)
    0x200001c8        -       0x00000200   Zero   RW          525    HEAP                startup_stm32f407xx.o
    0x200003c8        -       0x00000400   Zero   RW          524    STACK               startup_stm32f407xx.o


==============================================================================

Image component sizes


      Code (inc. data)   RO Data    RW Data    ZI Data      Debug   Object Name

       470         20          0          0          0          0   hal.o
        74         10          0          0          0          0   hal_it.o
       196         10        220          0          0          0   hal_pio.o
         4          0          0          0          0          0   hal_tim.o
        40         12          0          0         72          0   hal_tim3.o
         6          0          0          0          0          0   main.o
        64         26        392          0       1536          0   startup_stm32f407xx.o
       144         24          0         12          0          0   stm32f4xx_hal.o
       294         30         84          0          0          0   stm32f4xx_hal_cortex.o
       848         38         82          0          0          0   stm32f4xx_hal_gpio.o
      2028         98         81          0          0          0   stm32f4xx_hal_rcc.o
       986         62         81          0          0          0   stm32f4xx_hal_tim.o
        16          4         16          4          0          0   system_stm32f4xx.o
       220          6          0          0        272          0   timer.o

    ----------------------------------------------------------------------
      5398        340        998         16       1880          0   Object Totals
         0          0         32          0          0          0   (incl. Generated)
         8          0         10          0          0          0   (incl. Padding)

    ----------------------------------------------------------------------

      Code (inc. data)   RO Data    RW Data    ZI Data      Debug   Library Member Name

         8          0          0          0          0          0   __main.o
         0          0          0          0          0          0   __rtentry.o
        12          0          0          0          0          0   __rtentry2.o
         6          0          0          0          0          0   __rtentry4.o
        52          8          0          0          0          0   __scatter.o
        26          0          0          0          0          0   __scatter_copy.o
        28          0          0          0          0          0   __scatter_zi.o
        18          0          0          0          0          0   exit.o
         6          0          0          0          0          0   heapauxi.o
         0          0          0          0          0          0   indicate_semi.o
         2          0          0          0          0          0   libinit.o
         6          0          0          0          0          0   libinit2.o
         2          0          0          0          0          0   libshutdown.o
         2          0          0          0          0          0   libshutdown2.o
         8          4          0          0         96          0   libspace.o
       238          0          0          0          0          0   lludivv7m.o
       100          0          0          0          0          0   rt_memcpy_w.o
         2          0          0          0          0          0   rtexit.o
        10          0          0          0          0          0   rtexit2.o
        12          4          0          0          0          0   sys_exit.o
        74          0          0          0          0          0   sys_stackheap_outer.o
         2          0          0          0          0          0   use_no_semi.o
        10          0          0          0          0          0   fpinit.o

    ----------------------------------------------------------------------
       628         16          0          0         96          0   Library Totals
         4          0          0          0          0          0   (incl. Padding)

    ----------------------------------------------------------------------

      Code (inc. data)   RO Data    RW Data    ZI Data      Debug   Library Name

       614         16          0          0         96          0   c_w.l
        10          0          0          0          0          0   fz_wm.l

    ----------------------------------------------------------------------
       628         16          0          0         96          0   Library Totals

    ----------------------------------------------------------------------

==============================================================================


      Code (inc. data)   RO Data    RW Data    ZI Data      Debug   

      6026        356        998         16       1976          0   Grand Totals
      6026        356        998         16       1976          0   ELF Image Totals
      6026        356        998         16          0          0   ROM Totals

==============================================================================

    Total RO  Size (Code + RO Data)                 7024 (   6.86kB)
    Total RW  Size (RW Data + ZI Data)              1992 (   1.95kB)
    Total ROM Size (Code + RO Data + RW Data)       7040 (   6.88kB)

==============================================================================

