Component: ARM Compiler 5.06 update 7 (build 960) Tool: armlink [4d3601]

==============================================================================

Section Cross References

    math_helper.o(.text) refers to f2d.o(x$fpl$f2d) for __aeabi_f2d
    math_helper.o(.text) refers to log10.o(i.__hardfp_log10) for __hardfp_log10
    math_helper.o(.text) refers to dmul.o(x$fpl$dmul) for __aeabi_dmul
    math_helper.o(.text) refers to d2f.o(x$fpl$d2f) for __aeabi_d2f
    math_helper.o(.text) refers to dflt_clz.o(x$fpl$dflt) for __aeabi_i2d
    math_helper.o(.text) refers to daddsub_clz.o(x$fpl$dadd) for __aeabi_dadd
    math_helper.o(.text) refers to dfix.o(x$fpl$dfix) for __aeabi_d2iz
    arm_fir_example_f32.o(.text) refers to filteringfunctions.o(.text) for arm_fir_init_f32
    arm_fir_example_f32.o(.text) refers to math_helper.o(.text) for arm_snr_f32
    arm_fir_example_f32.o(.text) refers to arm_fir_data.o(.data) for testInput_f32_1kHz_15kHz
    arm_fir_example_f32.o(.text) refers to arm_fir_example_f32.o(.bss) for testOutput
    arm_fir_example_f32.o(.text) refers to arm_fir_example_f32.o(.data) for blockSize
    arm_fir_example_f32.o(.text) refers to arm_fir_example_f32.o(.constdata) for firCoeffs32
    basicmathfunctions.o(.text) refers to fabs.o(i.__hardfp_fabs) for __hardfp_fabs
    basicmathfunctions.o(.text) refers to daddsub_clz.o(x$fpl$dadd) for __aeabi_dadd
    basicmathfunctions.o(.text) refers to dmul.o(x$fpl$dmul) for __aeabi_dmul
    basicmathfunctions.o(.text) refers to basic.o(x$fpl$basic) for __aeabi_dneg
    basicmathfunctions.o(.text) refers to llshl.o(.text) for __aeabi_llsl
    basicmathfunctions.o(.text) refers to daddsub_clz.o(x$fpl$dsub) for __aeabi_dsub
    bayesfunctions.o(.text) refers to logf.o(i.__hardfp_logf) for __hardfp_logf
    bayesfunctions.o(.text) refers to statisticsfunctions.o(.text) for arm_max_f32
    complexmathfunctions.o(.text) refers to dmul.o(x$fpl$dmul) for __aeabi_dmul
    complexmathfunctions.o(.text) refers to daddsub_clz.o(x$fpl$dadd) for __aeabi_dadd
    complexmathfunctions.o(.text) refers to sqrt.o(i.__hardfp_sqrt) for __hardfp_sqrt
    complexmathfunctions.o(.text) refers to fastmathfunctions.o(.text) for arm_sqrt_q31
    complexmathfunctions.o(.text) refers to daddsub_clz.o(x$fpl$dsub) for __aeabi_dsub
    controllerfunctions.o(.text) refers to commontables.o(.constdata) for sinTable_f32
    distancefunctions.o(.text) refers to daddsub_clz.o(x$fpl$dsub) for __aeabi_dsub
    distancefunctions.o(.text) refers to fabs.o(i.__hardfp_fabs) for __hardfp_fabs
    distancefunctions.o(.text) refers to drleqf.o(x$fpl$drleqf) for __aeabi_cdrcmple
    distancefunctions.o(.text) refers to daddsub_clz.o(x$fpl$dadd) for __aeabi_dadd
    distancefunctions.o(.text) refers to statisticsfunctions.o(.text) for arm_mean_f32
    distancefunctions.o(.text) refers to basicmathfunctions.o(.text) for arm_offset_f32
    distancefunctions.o(.text) refers to dmul.o(x$fpl$dmul) for __aeabi_dmul
    distancefunctions.o(.text) refers to sqrt.o(i.__hardfp_sqrt) for __hardfp_sqrt
    distancefunctions.o(.text) refers to ddiv.o(x$fpl$ddiv) for __aeabi_ddiv
    distancefunctions.o(.text) refers to daddsub_clz.o(x$fpl$drsb) for __aeabi_drsub
    distancefunctions.o(.text) refers to dflt_clz.o(x$fpl$dfltu) for __aeabi_ui2d
    distancefunctions.o(.text) refers to d2f.o(x$fpl$d2f) for __aeabi_d2f
    distancefunctions.o(.text) refers to powf.o(i.__hardfp_powf) for __hardfp_powf
    distancefunctions.o(.text) refers to logf.o(i.__hardfp_logf) for __hardfp_logf
    fastmathfunctions.o(.text) refers to commontables.o(.constdata) for sinTable_f32
    fastmathfunctions.o(.text) refers to expf.o(i.__hardfp_expf) for __hardfp_expf
    fastmathfunctions.o(.text) refers to exp.o(i.__hardfp_exp) for __hardfp_exp
    fastmathfunctions.o(.text) refers to logf.o(i.__hardfp_logf) for __hardfp_logf
    fastmathfunctions.o(.text) refers to log.o(i.__hardfp_log) for __hardfp_log
    fastmathfunctions.o(.text) refers to basicmathfunctions.o(.text) for arm_abs_q15
    fastmathfunctions.o(.text) refers to llsdiv.o(.text) for __aeabi_ldivmod
    fastmathfunctions.o(.text) refers to llsshr.o(.text) for __aeabi_lasr
    fastmathfunctions.o(.text) refers to fastmathfunctions.o(.constdata) for atan2_coefs_f32
    filteringfunctions.o(.text) refers to rt_memclr_w.o(.text) for __aeabi_memclr4
    filteringfunctions.o(.text) refers to llshl.o(.text) for __aeabi_llsl
    filteringfunctions.o(.text) refers to rt_memclr.o(.text) for __aeabi_memclr
    filteringfunctions.o(.text) refers to llsshr.o(.text) for __aeabi_lasr
    filteringfunctions.o(.text) refers to dmul.o(x$fpl$dmul) for __aeabi_dmul
    filteringfunctions.o(.text) refers to daddsub_clz.o(x$fpl$dadd) for __aeabi_dadd
    filteringfunctions.o(.text) refers to supportfunctions.o(.text) for arm_fill_q15
    filteringfunctions.o(.text) refers to commontables.o(.constdata) for armRecipTableQ15
[...]
    $v0                                      0x0000fbc8   Number         0  ddiv.o(x$fpl$ddiv)
    ddiv_entry                               0x0000fbcf   Thumb Code     0  ddiv.o(x$fpl$ddiv)
    x$fpl$deqf                               0x0000fe78   Section      120  deqf.o(x$fpl$deqf)
    $v0                                      0x0000fe78   Number         0  deqf.o(x$fpl$deqf)
    x$fpl$dfix                               0x0000fef0   Section       94  dfix.o(x$fpl$dfix)
    $v0                                      0x0000fef0   Number         0  dfix.o(x$fpl$dfix)
    x$fpl$dflt                               0x0000ff4e   Section       46  dflt_clz.o(x$fpl$dflt)
    $v0                                      0x0000ff4e   Number         0  dflt_clz.o(x$fpl$dflt)
    x$fpl$dleqf                              0x0000ff7c   Section      120  dleqf.o(x$fpl$dleqf)
    $v0                                      0x0000ff7c   Number         0  dleqf.o(x$fpl$dleqf)
    x$fpl$dmul                               0x0000fff4   Section      340  dmul.o(x$fpl$dmul)
    $v0                                      0x0000fff4   Number         0  dmul.o(x$fpl$dmul)
    x$fpl$dnaninf                            0x00010148   Section      156  dnaninf.o(x$fpl$dnaninf)
    $v0                                      0x00010148   Number         0  dnaninf.o(x$fpl$dnaninf)
    x$fpl$dretinf                            0x000101e4   Section       12  dretinf.o(x$fpl$dretinf)
    $v0                                      0x000101e4   Number         0  dretinf.o(x$fpl$dretinf)
    x$fpl$drleqf                             0x000101f0   Section      108  drleqf.o(x$fpl$drleqf)
    $v0                                      0x000101f0   Number         0  drleqf.o(x$fpl$drleqf)
    x$fpl$drsb                               0x0001025c   Section       22  daddsub_clz.o(x$fpl$drsb)
    $v0                                      0x0001025c   Number         0  daddsub_clz.o(x$fpl$drsb)
    x$fpl$dsub                               0x00010274   Section      468  daddsub_clz.o(x$fpl$dsub)
    $v0                                      0x00010274   Number         0  daddsub_clz.o(x$fpl$dsub)
    _dsub1                                   0x00010285   Thumb Code     0  daddsub_clz.o(x$fpl$dsub)
    x$fpl$f2d                                0x00010448   Section       86  f2d.o(x$fpl$f2d)
    $v0                                      0x00010448   Number         0  f2d.o(x$fpl$f2d)
    x$fpl$fnaninf                            0x0001049e   Section      140  fnaninf.o(x$fpl$fnaninf)
    $v0                                      0x0001049e   Number         0  fnaninf.o(x$fpl$fnaninf)
    x$fpl$fpinit                             0x0001052a   Section       10  fpinit.o(x$fpl$fpinit)
    $v0                                      0x0001052a   Number         0  fpinit.o(x$fpl$fpinit)
    x$fpl$fretinf                            0x00010534   Section       10  fretinf.o(x$fpl$fretinf)
    $v0                                      0x00010534   Number         0  fretinf.o(x$fpl$fretinf)
    x$fpl$llsfromf                           0x00010540   Section      134  ffixll.o(x$fpl$llsfromf)
    $v0                                      0x00010540   Number         0  ffixll.o(x$fpl$llsfromf)
    x$fpl$usenofp                            0x000105c6   Section        0  usenofp.o(x$fpl$usenofp)
    .constdata                               0x000105c8   Section      116  arm_fir_example_f32.o(.constdata)
    .constdata                               0x00010640   Section    920532  commontables.o(.constdata)
    .constdata                               0x000f1214   Section      112  fastmathfunctions.o(.constdata)
    atan2_coefs_f32                          0x000f1214   Data          40  fastmathfunctions.o(.constdata)
    atan2_coefs_q31                          0x000f123c   Data          52  fastmathfunctions.o(.constdata)
    atan2_coefs_q15                          0x000f1270   Data          20  fastmathfunctions.o(.constdata)
    .constdata                               0x000f1288   Section       88  exp.o(.constdata)
    halF                                     0x000f1288   Data          16  exp.o(.constdata)
    ln2HI                                    0x000f1298   Data          16  exp.o(.constdata)
    ln2LO                                    0x000f12a8   Data          16  exp.o(.constdata)
    P                                        0x000f12b8   Data          40  exp.o(.constdata)
    .constdata                               0x000f12e0   Section       48  expf.o(.constdata)
    twotokover4top                           0x000f12e0   Data          16  expf.o(.constdata)
    twotokover4bot                           0x000f12f0   Data          16  expf.o(.constdata)
    twotokover4all                           0x000f1300   Data          16  expf.o(.constdata)
    .constdata                               0x000f1310   Section       56  log.o(.constdata)
    Lg2                                      0x000f1310   Data          24  log.o(.constdata)
    Lg                                       0x000f1328   Data          32  log.o(.constdata)
    .constdata                               0x000f1348   Section       64  logf.o(.constdata)
    logahi                                   0x000f1348   Data          32  logf.o(.constdata)
    logalo                                   0x000f1368   Data          32  logf.o(.constdata)
    .constdata                               0x000f1388   Section        8  qnan.o(.constdata)
    .data                                    0x20000000   Section     2560  arm_fir_data.o(.data)
    .data                                    0x20000a00   Section       12  arm_fir_example_f32.o(.data)
    .data                                    0x20000a0c   Section        4  system_armcm4.o(.data)
    .bss                                     0x20000a10   Section     1520  arm_fir_example_f32.o(.bss)
    testOutput                               0x20000a10   Data        1280  arm_fir_example_f32.o(.bss)
    firStateF32                              0x20000f10   Data         240  arm_fir_example_f32.o(.bss)
    .bss                                     0x20001000   Section       96  libspace.o(.bss)
    STACK                                    0x20001060   Section     1024  startup_armcm4.o(STACK)

    Global Symbols

    Symbol Name                              Value     Ov Type        Size  Object(Section)

    BuildAttributes$$THM_ISAv4$E$P$D$K$B$S$7EM$VFPi3$EXTD16$VFPS$VFMA$PE$A:L22UL41UL21$X:L11$S22US41US21$IEEE1$IW$USESV6$~STKCKD$USESV7$~SHL$OTIME$ROPI$IEEEX$EBA8$UX$STANDARDLIB$REQ8$PRES8$EABIv2 0x00000000   Number         0  anon$$obj.o ABSOLUTE
    __ARM_use_no_argv                        0x00000000   Number         0  arm_fir_example_f32.o ABSOLUTE
    __Vectors                                0x00000000   Data           4  startup_armcm4.o(RESET)
    __ARM_exceptions_init                     - Undefined Weak Reference
    __alloca_initialize                       - Undefined Weak Reference
    __arm_fini_                               - Undefined Weak Reference
    __arm_preinit_                            - Undefined Weak Reference
    __cpp_initialize__aeabi_                  - Undefined Weak Reference
    __cxa_finalize                            - Undefined Weak Reference
    __rt_locale                               - Undefined Weak Reference
    __sigvec_lookup                           - Undefined Weak Reference
    _atexit_init                              - Undefined Weak Reference
    _call_atexit_fns                          - Undefined Weak Reference
    _clock_init                               - Undefined Weak Reference
    _fp_trap_init                             - Undefined Weak Reference
    _fp_trap_shutdown                         - Undefined Weak Reference
    _get_lc_collate                           - Undefined Weak Reference
    _get_lc_ctype                             - Undefined Weak Reference
    _get_lc_monetary                          - Undefined Weak Reference
    _get_lc_numeric                           - Undefined Weak Reference
    _get_lc_time                              - Undefined Weak Reference
    _getenv_init                              - Undefined Weak Reference
    _handle_redirection                       - Undefined Weak Reference
    _init_alloc                               - Undefined Weak Reference
    _init_user_alloc                          - Undefined Weak Reference
    _initio                                   - Undefined Weak Reference
    _rand_init                                - Undefined Weak Reference
    _signal_finish                            - Undefined Weak Reference
    _signal_init                              - Undefined Weak Reference
    _terminate_alloc                          - Undefined Weak Reference
    _terminate_user_alloc                     - Undefined Weak Reference
    _terminateio                              - Undefined Weak Reference
    __Vectors_End                            0x000003c0   Data           0  startup_armcm4.o(RESET)
    __Vectors_Size                           0x000003c0   Number         0  startup_armcm4.o ABSOLUTE
    __main                                   0x000003c1   Thumb Code     8  __main.o(!!!main)
    __scatterload                            0x000003c9   Thumb Code     0  __scatter.o(!!!scatter)
    __scatterload_rt2                        0x000003c9   Thumb Code    44  __scatter.o(!!!scatter)
    __scatterload_rt2_thumb_only             0x000003c9   Thumb Code     0  __scatter.o(!!!scatter)
    __scatterload_null                       0x000003d7   Thumb Code     0  __scatter.o(!!!scatter)
    __decompress                             0x000003fd   Thumb Code   100  __dclz77c.o(!!dclz77c)
    __decompress2                            0x000003fd   Thumb Code     0  __dclz77c.o(!!dclz77c)
    __scatterload_zeroinit                   0x00000461   Thumb Code    28  __scatter_zi.o(!!handler_zi)
    __rt_lib_init                            0x0000047d   Thumb Code     0  libinit.o(.ARM.Collect$$libinit$$00000000)
    __rt_lib_init_fp_1                       0x0000047f   Thumb Code     0  libinit2.o(.ARM.Collect$$libinit$$00000001)
    __rt_lib_init_alloca_1                   0x00000483   Thumb Code     0  libinit2.o(.ARM.Collect$$libinit$$0000002E)
    __rt_lib_init_argv_1                     0x00000483   Thumb Code     0  libinit2.o(.ARM.Collect$$libinit$$0000002C)
    __rt_lib_init_atexit_1                   0x00000483   Thumb Code     0  libinit2.o(.ARM.Collect$$libinit$$0000001B)
    __rt_lib_init_clock_1                    0x00000483   Thumb Code     0  libinit2.o(.ARM.Collect$$libinit$$00000021)
    __rt_lib_init_cpp_1                      0x00000483   Thumb Code     0  libinit2.o(.ARM.Collect$$libinit$$00000032)
    __rt_lib_init_exceptions_1               0x00000483   Thumb Code     0  libinit2.o(.ARM.Collect$$libinit$$00000030)
    __rt_lib_init_fp_trap_1                  0x00000483   Thumb Code     0  libinit2.o(.ARM.Collect$$libinit$$0000001F)
    __rt_lib_init_getenv_1                   0x00000483   Thumb Code     0  libinit2.o(.ARM.Collect$$libinit$$00000023)
    __rt_lib_init_heap_1                     0x00000483   Thumb Code     0  libinit2.o(.ARM.Collect$$libinit$$0000000A)
    __rt_lib_init_lc_collate_1               0x00000483   Thumb Code     0  libinit2.o(.ARM.Collect$$libinit$$00000011)
    __rt_lib_init_lc_ctype_1                 0x00000483   Thumb Code     0  libinit2.o(.ARM.Collect$$libinit$$00000013)
    __rt_lib_init_lc_monetary_1              0x00000483   Thumb Code     0  libinit2.o(.ARM.Collect$$libinit$$00000015)
    __rt_lib_init_lc_numeric_1               0x00000483   Thumb Code     0  libinit2.o(.ARM.Collect$$libinit$$00000017)
    __rt_lib_init_lc_time_1                  0x00000483   Thumb Code     0  libinit2.o(.ARM.Collect$$libinit$$00000019)
    __rt_lib_init_preinit_1                  0x00000483   Thumb Code     0  libinit2.o(.ARM.Collect$$libinit$$00000004)
    __rt_lib_init_rand_1                     0x00000483   Thumb Code     0  libinit2.o(.ARM.Collect$$libinit$$0000000E)
    __rt_lib_init_return                     0x00000483   Thumb Code     0  libinit2.o(.ARM.Collect$$libinit$$00000033)
    __rt_lib_init_signal_1                   0x00000483   Thumb Code     0  libinit2.o(.ARM.Collect$$libinit$$0000001D)
    __rt_lib_init_stdio_1                    0x00000483   Thumb Code     0  libinit2.o(.ARM.Collect$$libinit$$00000025)
    __rt_lib_init_user_alloc_1               0x00000483   Thumb Code     0  libinit2.o(.ARM.Collect$$libinit$$0000000C)
    __rt_lib_shutdown                        0x00000485   Thumb Code     0  libshutdown.o(.ARM.Collect$$libshutdown$$00000000)
    __rt_lib_shutdown_cpp_1                  0x00000487   Thumb Code     0  libshutdown2.o(.ARM.Collect$$libshutdown$$00000004)
    __rt_lib_shutdown_fini_1                 0x00000487   Thumb Code     0  libshutdown2.o(.ARM.Collect$$libshutdown$$00000002)
    __rt_lib_shutdown_fp_trap_1              0x00000487   Thumb Code     0  libshutdown2.o(.ARM.Collect$$libshutdown$$00000009)
    __rt_lib_shutdown_heap_1                 0x00000487   Thumb Code     0  libshutdown2.o(.ARM.Collect$$libshutdown$$00000011)
    __rt_lib_shutdown_return                 0x00000487   Thumb Code     0  libshutdown2.o(.ARM.Collect$$libshutdown$$00000012)
    __rt_lib_shutdown_signal_1               0x00000487   Thumb Code     0  libshutdown2.o(.ARM.Collect$$libshutdown$$0000000C)
    __rt_lib_shutdown_stdio_1                0x00000487   Thumb Code     0  libshutdown2.o(.ARM.Collect$$libshutdown$$00000006)
    __rt_lib_shutdown_user_alloc_1           0x00000487   Thumb Code     0  libshutdown2.o(.ARM.Collect$$libshutdown$$0000000E)
    __rt_entry                               0x00000489   Thumb Code     0  __rtentry.o(.ARM.Collect$$rtentry$$00000000)
    __rt_entry_presh_1                       0x00000489   Thumb Code     0  __rtentry2.o(.ARM.Collect$$rtentry$$00000002)
    __rt_entry_sh                            0x00000489   Thumb Code     0  __rtentry5.o(.ARM.Collect$$rtentry$$00000005)
    __rt_entry_li                            0x0000048d   Thumb Code     0  __rtentry2.o(.ARM.Collect$$rtentry$$0000000A)
    __rt_entry_postsh_1                      0x0000048d   Thumb Code     0  __rtentry2.o(.ARM.Collect$$rtentry$$00000009)
    __rt_entry_main                          0x00000491   Thumb Code     0  __rtentry2.o(.ARM.Collect$$rtentry$$0000000D)
    __rt_entry_postli_1                      0x00000491   Thumb Code     0  __rtentry2.o(.ARM.Collect$$rtentry$$0000000C)
    __rt_exit                                0x0000049d   Thumb Code     0  rtexit.o(.ARM.Collect$$rtexit$$00000000)
    __rt_exit_ls                             0x0000049f   Thumb Code     0  rtexit2.o(.ARM.Collect$$rtexit$$00000003)
    __rt_exit_prels_1                        0x0000049f   Thumb Code     0  rtexit2.o(.ARM.Collect$$rtexit$$00000002)
    __rt_exit_exit                           0x000004a3   Thumb Code     0  rtexit2.o(.ARM.Collect$$rtexit$$00000004)
    arm_snr_f32                              0x000004a9   Thumb Code   266  math_helper.o(.text)
    arm_provide_guard_bits_q15               0x000005b3   Thumb Code    26  math_helper.o(.text)
    arm_float_to_q12_20                      0x000005cd   Thumb Code   160  math_helper.o(.text)
    arm_compare_fixed_q15                    0x0000066d   Thumb Code    54  math_helper.o(.text)
    arm_compare_fixed_q31                    0x000006a3   Thumb Code    54  math_helper.o(.text)
    arm_provide_guard_bits_q31               0x000006d9   Thumb Code    26  math_helper.o(.text)
    arm_provide_guard_bits_q7                0x000006f3   Thumb Code    22  math_helper.o(.text)
    arm_calc_guard_bits                      0x00000709   Thumb Code    28  math_helper.o(.text)
    arm_calc_2pow                            0x00000725   Thumb Code    18  math_helper.o(.text)
    arm_apply_guard_bits                     0x00000737   Thumb Code    54  math_helper.o(.text)
    arm_float_to_q14                         0x0000076d   Thumb Code   166  math_helper.o(.text)
    arm_float_to_q30                         0x00000813   Thumb Code   210  math_helper.o(.text)
    arm_float_to_q29                         0x000008e5   Thumb Code   162  math_helper.o(.text)
    arm_float_to_q28                         0x00000987   Thumb Code   162  math_helper.o(.text)
    main                                     0x00000a31   Thumb Code   122  arm_fir_example_f32.o(.text)
    arm_abs_f32                              0x00000ad1   Thumb Code    26  basicmathfunctions.o(.text)
    arm_abs_f64                              0x00000aeb   Thumb Code    44  basicmathfunctions.o(.text)
    arm_abs_q15                              0x00000b17   Thumb Code    40  basicmathfunctions.o(.text)
    arm_abs_q31                              0x00000b3f   Thumb Code    34  basicmathfunctions.o(.text)
    arm_abs_q7                               0x00000b61   Thumb Code    40  basicmathfunctions.o(.text)
    arm_add_f32                              0x00000b89   Thumb Code    30  basicmathfunctions.o(.text)
    arm_add_f64                              0x00000ba7   Thumb Code    72  basicmathfunctions.o(.text)
    arm_add_q15                              0x00000bef   Thumb Code    32  basicmathfunctions.o(.text)
    arm_add_q31                              0x00000c0f   Thumb Code    24  basicmathfunctions.o(.text)
    arm_add_q7                               0x00000c27   Thumb Code    32  basicmathfunctions.o(.text)
    arm_and_u16                              0x00000c47   Thumb Code    28  basicmathfunctions.o(.text)
    arm_and_u32                              0x00000c63   Thumb Code    22  basicmathfunctions.o(.text)
    arm_and_u8                               0x00000c79   Thumb Code    28  basicmathfunctions.o(.text)
    arm_dot_prod_f32                         0x00000c95   Thumb Code    46  basicmathfunctions.o(.text)
    arm_dot_prod_f64                         0x00000cc3   Thumb Code   106  basicmathfunctions.o(.text)
    arm_dot_prod_q15                         0x00000d2d   Thumb Code    54  basicmathfunctions.o(.text)
    arm_dot_prod_q31                         0x00000d63   Thumb Code    60  basicmathfunctions.o(.text)
    arm_dot_prod_q7                          0x00000d9f   Thumb Code    30  basicmathfunctions.o(.text)
    arm_mult_f32                             0x00000dbd   Thumb Code    30  basicmathfunctions.o(.text)
    arm_mult_f64                             0x00000ddb   Thumb Code    72  basicmathfunctions.o(.text)
    arm_mult_q15                             0x00000e23   Thumb Code    34  basicmathfunctions.o(.text)
    arm_mult_q31                             0x00000e45   Thumb Code    34  basicmathfunctions.o(.text)
    arm_mult_q7                              0x00000e67   Thumb Code    34  basicmathfunctions.o(.text)
    arm_negate_f32                           0x00000e89   Thumb Code    26  basicmathfunctions.o(.text)
    arm_negate_f64                           0x00000ea3   Thumb Code    50  basicmathfunctions.o(.text)
    arm_negate_q15                           0x00000ed5   Thumb Code    40  basicmathfunctions.o(.text)
    arm_negate_q31                           0x00000efd   Thumb Code    24  basicmathfunctions.o(.text)
    arm_negate_q7                            0x00000f15   Thumb Code    30  basicmathfunctions.o(.text)
    arm_not_u16                              0x00000f33   Thumb Code    24  basicmathfunctions.o(.text)
    arm_not_u32                              0x00000f4b   Thumb Code    20  basicmathfunctions.o(.text)
    arm_not_u8                               0x00000f5f   Thumb Code    24  basicmathfunctions.o(.text)
    arm_offset_f32                           0x00000f77   Thumb Code    26  basicmathfunctions.o(.text)
    arm_offset_f64                           0x00000f91   Thumb Code    70  basicmathfunctions.o(.text)
    arm_offset_q15                           0x00000fd7   Thumb Code    28  basicmathfunctions.o(.text)
    arm_offset_q31                           0x00000ff3   Thumb Code    22  basicmathfunctions.o(.text)
    arm_offset_q7                            0x00001009   Thumb Code    28  basicmathfunctions.o(.text)
    arm_or_u16                               0x00001025   Thumb Code    28  basicmathfunctions.o(.text)
    arm_or_u32                               0x00001041   Thumb Code    22  basicmathfunctions.o(.text)
    arm_or_u8                                0x00001057   Thumb Code    42  basicmathfunctions.o(.text)
    arm_scale_f32                            0x00001081   Thumb Code    26  basicmathfunctions.o(.text)
    arm_scale_f64                            0x0000109b   Thumb Code    70  basicmathfunctions.o(.text)
    arm_scale_q15                            0x000010e1   Thumb Code    38  basicmathfunctions.o(.text)
    arm_scale_q31                            0x00001107   Thumb Code   108  basicmathfunctions.o(.text)
    arm_scale_q7                             0x00001173   Thumb Code    38  basicmathfunctions.o(.text)
    arm_shift_q15                            0x00001199   Thumb Code    58  basicmathfunctions.o(.text)
    arm_shift_q31                            0x000011d3   Thumb Code   110  basicmathfunctions.o(.text)
    arm_shift_q7                             0x00001241   Thumb Code    58  basicmathfunctions.o(.text)
    arm_sub_f32                              0x0000127b   Thumb Code    30  basicmathfunctions.o(.text)
    arm_sub_f64                              0x00001299   Thumb Code    72  basicmathfunctions.o(.text)
    arm_sub_q15                              0x000012e1   Thumb Code    32  basicmathfunctions.o(.text)
    arm_sub_q31                              0x00001301   Thumb Code    24  basicmathfunctions.o(.text)
    arm_sub_q7                               0x00001319   Thumb Code    32  basicmathfunctions.o(.text)
    arm_xor_u16                              0x00001339   Thumb Code    28  basicmathfunctions.o(.text)
    arm_xor_u32                              0x00001355   Thumb Code    22  basicmathfunctions.o(.text)
    arm_xor_u8                               0x0000136b   Thumb Code    28  basicmathfunctions.o(.text)
    arm_clip_f32                             0x00001387   Thumb Code    88  basicmathfunctions.o(.text)
    arm_clip_q31                             0x000013df   Thumb Code    54  basicmathfunctions.o(.text)
    arm_clip_q15                             0x00001415   Thumb Code    54  basicmathfunctions.o(.text)
    arm_clip_q7                              0x0000144b   Thumb Code    42  basicmathfunctions.o(.text)
    arm_cos_f32                              0x00001475   Thumb Code   150  fastmathfunctions.o(.text)
    arm_cos_q15                              0x0000150b   Thumb Code    68  fastmathfunctions.o(.text)
    arm_cos_q31                              0x0000154f   Thumb Code    78  fastmathfunctions.o(.text)
    arm_sin_f32                              0x0000159d   Thumb Code   146  fastmathfunctions.o(.text)
    arm_sin_q15                              0x0000162f   Thumb Code    62  fastmathfunctions.o(.text)
    arm_sin_q31                              0x0000166d   Thumb Code    74  fastmathfunctions.o(.text)
    arm_sqrt_q31                             0x000016b7   Thumb Code   224  fastmathfunctions.o(.text)
    arm_sqrt_q15                             0x00001797   Thumb Code   238  fastmathfunctions.o(.text)
    arm_vexp_f32                             0x00001885   Thumb Code    40  fastmathfunctions.o(.text)
    arm_vexp_f64                             0x000018ad   Thumb Code    44  fastmathfunctions.o(.text)
    arm_vlog_f32                             0x000018d9   Thumb Code    40  fastmathfunctions.o(.text)
    arm_vlog_f64                             0x00001901   Thumb Code    44  fastmathfunctions.o(.text)
    arm_divide_q15                           0x0000192d   Thumb Code   132  fastmathfunctions.o(.text)
    arm_divide_q31                           0x000019b1   Thumb Code   166  fastmathfunctions.o(.text)
    arm_vlog_q31                             0x00001ac3   Thumb Code    32  fastmathfunctions.o(.text)
    arm_vlog_q15                             0x00001b51   Thumb Code    40  fastmathfunctions.o(.text)
    arm_atan2_f32                            0x00001b79   Thumb Code   744  fastmathfunctions.o(.text)
    arm_atan2_q31                            0x00001e61   Thumb Code  1196  fastmathfunctions.o(.text)
    arm_atan2_q15                            0x0000230d   Thumb Code   914  fastmathfunctions.o(.text)
    arm_biquad_cas_df1_32x64_init_q31        0x000026a5   Thumb Code    38  filteringfunctions.o(.text)
    arm_biquad_cas_df1_32x64_q31             0x000026cb   Thumb Code   444  filteringfunctions.o(.text)
    arm_biquad_cascade_df1_f32               0x00002887   Thumb Code   172  filteringfunctions.o(.text)
    arm_biquad_cascade_df1_fast_q15          0x00002933   Thumb Code   400  filteringfunctions.o(.text)
    arm_biquad_cascade_df1_fast_q31          0x00002ac3   Thumb Code   360  filteringfunctions.o(.text)
    arm_biquad_cascade_df1_init_f32          0x00002c2b   Thumb Code    30  filteringfunctions.o(.text)
    arm_biquad_cascade_df1_init_q15          0x00002c49   Thumb Code    40  filteringfunctions.o(.text)
    arm_biquad_cascade_df1_init_q31          0x00002c71   Thumb Code    38  filteringfunctions.o(.text)
    arm_biquad_cascade_df1_q15               0x00002c97   Thumb Code   864  filteringfunctions.o(.text)
    arm_biquad_cascade_df1_q31               0x00002ff7   Thumb Code   256  filteringfunctions.o(.text)
    arm_biquad_cascade_df2T_f32              0x000030f7   Thumb Code   164  filteringfunctions.o(.text)
    arm_biquad_cascade_df2T_f64              0x0000319b   Thumb Code   326  filteringfunctions.o(.text)
    arm_biquad_cascade_df2T_init_f32         0x000032e1   Thumb Code    30  filteringfunctions.o(.text)
    arm_biquad_cascade_df2T_init_f64         0x000032ff   Thumb Code    30  filteringfunctions.o(.text)
    arm_biquad_cascade_stereo_df2T_f32       0x0000331d   Thumb Code   218  filteringfunctions.o(.text)
    arm_biquad_cascade_stereo_df2T_init_f32  0x000033f7   Thumb Code    30  filteringfunctions.o(.text)
    arm_conv_f32                             0x00003415   Thumb Code   380  filteringfunctions.o(.text)
    arm_conv_fast_opt_q15                    0x00003591   Thumb Code   276  filteringfunctions.o(.text)
    arm_conv_fast_q15                        0x000036a5   Thumb Code  2004  filteringfunctions.o(.text)
    arm_conv_fast_q31                        0x00003e79   Thumb Code  1498  filteringfunctions.o(.text)
    arm_conv_opt_q15                         0x00004453   Thumb Code   314  filteringfunctions.o(.text)
    arm_conv_opt_q7                          0x0000458d   Thumb Code   876  filteringfunctions.o(.text)
    arm_conv_partial_f32                     0x000048f9   Thumb Code   588  filteringfunctions.o(.text)
    arm_conv_partial_fast_opt_q15            0x00004b45   Thumb Code   362  filteringfunctions.o(.text)
    arm_conv_partial_fast_q15                0x00004caf   Thumb Code  1868  filteringfunctions.o(.text)
    arm_conv_partial_fast_q31                0x000053fb   Thumb Code   572  filteringfunctions.o(.text)
    arm_conv_partial_opt_q15                 0x00005637   Thumb Code   402  filteringfunctions.o(.text)
    arm_conv_partial_opt_q7                  0x000057c9   Thumb Code   946  filteringfunctions.o(.text)
    arm_conv_partial_q15                     0x00005b7b   Thumb Code  3750  filteringfunctions.o(.text)
    arm_conv_partial_q31                     0x00006a21   Thumb Code   650  filteringfunctions.o(.text)
    arm_conv_partial_q7                      0x00006cab   Thumb Code   540  filteringfunctions.o(.text)
    arm_conv_q15                             0x00006ec7   Thumb Code  3526  filteringfunctions.o(.text)
    arm_conv_q31                             0x00007c8d   Thumb Code   488  filteringfunctions.o(.text)
    arm_conv_q7                              0x00007e75   Thumb Code   376  filteringfunctions.o(.text)
    arm_correlate_f32                        0x00007fed   Thumb Code   498  filteringfunctions.o(.text)
    arm_correlate_f64                        0x000081df   Thumb Code   638  filteringfunctions.o(.text)
    arm_correlate_fast_opt_q15               0x0000845d   Thumb Code   264  filteringfunctions.o(.text)
    arm_correlate_fast_q15                   0x00008565   Thumb Code  1894  filteringfunctions.o(.text)
    arm_correlate_fast_q31                   0x00008ccb   Thumb Code  1634  filteringfunctions.o(.text)
    arm_correlate_opt_q15                    0x0000932d   Thumb Code   310  filteringfunctions.o(.text)
    arm_correlate_opt_q7                     0x00009463   Thumb Code   886  filteringfunctions.o(.text)
    arm_correlate_q15                        0x000097d9   Thumb Code  3216  filteringfunctions.o(.text)
    arm_correlate_q31                        0x0000a469   Thumb Code   598  filteringfunctions.o(.text)
    arm_correlate_q7                         0x0000a6bf   Thumb Code   474  filteringfunctions.o(.text)
    arm_fir_decimate_f32                     0x0000a899   Thumb Code   172  filteringfunctions.o(.text)
    arm_fir_decimate_fast_q15                0x0000a945   Thumb Code   470  filteringfunctions.o(.text)
    arm_fir_decimate_fast_q31                0x0000ab1b   Thumb Code   222  filteringfunctions.o(.text)
    arm_fir_decimate_init_f32                0x0000abf9   Thumb Code    66  filteringfunctions.o(.text)
    arm_fir_decimate_init_q15                0x0000ac3b   Thumb Code    66  filteringfunctions.o(.text)
    arm_fir_decimate_init_q31                0x0000ac7d   Thumb Code    66  filteringfunctions.o(.text)
    arm_fir_decimate_q15                     0x0000acbf   Thumb Code   734  filteringfunctions.o(.text)
    arm_fir_decimate_q31                     0x0000af9d   Thumb Code   236  filteringfunctions.o(.text)
    arm_fir_f32                              0x0000b089   Thumb Code   134  filteringfunctions.o(.text)
    arm_fir_f64                              0x0000b10f   Thumb Code   196  filteringfunctions.o(.text)
    arm_fir_fast_q15                         0x0000b1d3   Thumb Code   142  filteringfunctions.o(.text)
    arm_fir_fast_q31                         0x0000b261   Thumb Code   182  filteringfunctions.o(.text)
    arm_fir_init_f32                         0x0000b317   Thumb Code    40  filteringfunctions.o(.text)
    arm_fir_init_f64                         0x0000b33f   Thumb Code    40  filteringfunctions.o(.text)
    arm_fir_init_q15                         0x0000b367   Thumb Code    56  filteringfunctions.o(.text)
    arm_fir_init_q31                         0x0000b39f   Thumb Code    40  filteringfunctions.o(.text)
    arm_fir_init_q7                          0x0000b3c7   Thumb Code    38  filteringfunctions.o(.text)
    arm_fir_interpolate_f32                  0x0000b3ed   Thumb Code   178  filteringfunctions.o(.text)
    arm_fir_interpolate_init_f32             0x0000b49f   Thumb Code    70  filteringfunctions.o(.text)
    arm_fir_interpolate_init_q15             0x0000b4e5   Thumb Code    84  filteringfunctions.o(.text)
    arm_fir_interpolate_init_q31             0x0000b539   Thumb Code    70  filteringfunctions.o(.text)
    arm_fir_interpolate_q15                  0x0000b57f   Thumb Code   254  filteringfunctions.o(.text)
    arm_fir_interpolate_q31                  0x0000b67d   Thumb Code   250  filteringfunctions.o(.text)
    arm_fir_lattice_f32                      0x0000b777   Thumb Code   174  filteringfunctions.o(.text)
    arm_fir_lattice_init_f32                 0x0000b825   Thumb Code    30  filteringfunctions.o(.text)
    arm_fir_lattice_init_q15                 0x0000b843   Thumb Code    30  filteringfunctions.o(.text)
    arm_fir_lattice_init_q31                 0x0000b861   Thumb Code    30  filteringfunctions.o(.text)
    arm_fir_lattice_q15                      0x0000b87f   Thumb Code   188  filteringfunctions.o(.text)
    arm_fir_lattice_q31                      0x0000b93b   Thumb Code   166  filteringfunctions.o(.text)
    arm_fir_q15                              0x0000b9e1   Thumb Code   200  filteringfunctions.o(.text)
    arm_fir_q31                              0x0000baa9   Thumb Code   188  filteringfunctions.o(.text)
    arm_fir_q7                               0x0000bb65   Thumb Code   146  filteringfunctions.o(.text)
    arm_fir_sparse_f32                       0x0000bbf7   Thumb Code   884  filteringfunctions.o(.text)
    arm_fir_sparse_init_f32                  0x0000bf6b   Thumb Code    54  filteringfunctions.o(.text)
    arm_fir_sparse_init_q15                  0x0000bfa1   Thumb Code    54  filteringfunctions.o(.text)
    arm_fir_sparse_init_q31                  0x0000bfd7   Thumb Code    54  filteringfunctions.o(.text)
    arm_fir_sparse_init_q7                   0x0000c00d   Thumb Code    52  filteringfunctions.o(.text)
    arm_fir_sparse_q15                       0x0000c041   Thumb Code   950  filteringfunctions.o(.text)
    arm_fir_sparse_q31                       0x0000c3f7   Thumb Code   972  filteringfunctions.o(.text)
    arm_fir_sparse_q7                        0x0000c7c3   Thumb Code   952  filteringfunctions.o(.text)
    arm_iir_lattice_f32                      0x0000cb7b   Thumb Code   178  filteringfunctions.o(.text)
    arm_iir_lattice_init_f32                 0x0000cc2d   Thumb Code    42  filteringfunctions.o(.text)
    arm_iir_lattice_init_q15                 0x0000cc57   Thumb Code    42  filteringfunctions.o(.text)
    arm_iir_lattice_init_q31                 0x0000cc81   Thumb Code    42  filteringfunctions.o(.text)
    arm_iir_lattice_q15                      0x0000ccab   Thumb Code   448  filteringfunctions.o(.text)
    arm_iir_lattice_q31                      0x0000ce6b   Thumb Code   442  filteringfunctions.o(.text)
    arm_lms_f32                              0x0000d025   Thumb Code   222  filteringfunctions.o(.text)
    arm_lms_init_f32                         0x0000d103   Thumb Code    56  filteringfunctions.o(.text)
    arm_lms_init_q15                         0x0000d13b   Thumb Code    52  filteringfunctions.o(.text)
    arm_lms_init_q31                         0x0000d16f   Thumb Code    52  filteringfunctions.o(.text)
    arm_lms_norm_f32                         0x0000d1a3   Thumb Code   294  filteringfunctions.o(.text)
    arm_lms_norm_init_f32                    0x0000d2c9   Thumb Code    72  filteringfunctions.o(.text)
    arm_lms_norm_init_q15                    0x0000d311   Thumb Code    62  filteringfunctions.o(.text)
    arm_lms_norm_init_q31                    0x0000d34f   Thumb Code    62  filteringfunctions.o(.text)
    arm_lms_norm_q15                         0x0000d38d   Thumb Code   618  filteringfunctions.o(.text)
    arm_lms_norm_q31                         0x0000d5f7   Thumb Code   660  filteringfunctions.o(.text)
    arm_lms_q15                              0x0000d88b   Thumb Code   380  filteringfunctions.o(.text)
    arm_lms_q31                              0x0000da07   Thumb Code   304  filteringfunctions.o(.text)
    arm_levinson_durbin_f32                  0x0000db37   Thumb Code   350  filteringfunctions.o(.text)
    arm_levinson_durbin_q31                  0x0000dc95   Thumb Code   564  filteringfunctions.o(.text)
    arm_barycenter_f32                       0x0000decd   Thumb Code   132  supportfunctions.o(.text)
    arm_bitonic_sort_f32                     0x0000dffb   Thumb Code    92  supportfunctions.o(.text)
    arm_bubble_sort_f32                      0x0000e057   Thumb Code   156  supportfunctions.o(.text)
    arm_copy_f32                             0x0000e0f3   Thumb Code    22  supportfunctions.o(.text)
    arm_copy_f64                             0x0000e109   Thumb Code    22  supportfunctions.o(.text)
    arm_copy_q15                             0x0000e11f   Thumb Code    22  supportfunctions.o(.text)
    arm_copy_q31                             0x0000e135   Thumb Code    18  supportfunctions.o(.text)
    arm_copy_q7                              0x0000e147   Thumb Code    22  supportfunctions.o(.text)
    arm_fill_f32                             0x0000e15d   Thumb Code    16  supportfunctions.o(.text)
    arm_fill_f64                             0x0000e16d   Thumb Code    16  supportfunctions.o(.text)
    arm_fill_q15                             0x0000e17d   Thumb Code    18  supportfunctions.o(.text)
    arm_fill_q31                             0x0000e18f   Thumb Code    16  supportfunctions.o(.text)
    arm_fill_q7                              0x0000e19f   Thumb Code    18  supportfunctions.o(.text)
    arm_heap_sort_f32                        0x0000e25b   Thumb Code   126  supportfunctions.o(.text)
    arm_insertion_sort_f32                   0x0000e2d9   Thumb Code   142  supportfunctions.o(.text)
    arm_merge_sort_f32                       0x0000e429   Thumb Code    62  supportfunctions.o(.text)
    arm_merge_sort_init_f32                  0x0000e467   Thumb Code     6  supportfunctions.o(.text)
    arm_quick_sort_f32                       0x0000e551   Thumb Code    50  supportfunctions.o(.text)
    arm_selection_sort_f32                   0x0000e583   Thumb Code   162  supportfunctions.o(.text)
    arm_sort_f32                             0x0000e625   Thumb Code   118  supportfunctions.o(.text)
    arm_sort_init_f32                        0x0000e69b   Thumb Code     6  supportfunctions.o(.text)
    arm_weighted_sum_f32                     0x0000e6a1   Thumb Code    72  supportfunctions.o(.text)
    arm_float_to_q15                         0x0000e6e9   Thumb Code    44  supportfunctions.o(.text)
    arm_float_to_q31                         0x0000e715   Thumb Code    76  supportfunctions.o(.text)
    arm_float_to_q7                          0x0000e761   Thumb Code    44  supportfunctions.o(.text)
    arm_q15_to_float                         0x0000e78d   Thumb Code    40  supportfunctions.o(.text)
    arm_q15_to_q31                           0x0000e7b5   Thumb Code    24  supportfunctions.o(.text)
    arm_q15_to_q7                            0x0000e7cd   Thumb Code    26  supportfunctions.o(.text)
    arm_q31_to_float                         0x0000e7e7   Thumb Code    36  supportfunctions.o(.text)
    arm_q31_to_q15                           0x0000e80b   Thumb Code    24  supportfunctions.o(.text)
    arm_q31_to_q7                            0x0000e823   Thumb Code    24  supportfunctions.o(.text)
    arm_q7_to_float                          0x0000e83b   Thumb Code    40  supportfunctions.o(.text)
    arm_q7_to_q15                            0x0000e863   Thumb Code    26  supportfunctions.o(.text)
    arm_q7_to_q31                            0x0000e87d   Thumb Code    24  supportfunctions.o(.text)
    Reset_Handler                            0x0000e8a1   Thumb Code     8  startup_armcm4.o(.text)
    HardFault_Handler                        0x0000e8a9   Thumb Code     2  startup_armcm4.o(.text)
    NMI_Handler                              0x0000e8ab   Thumb Code     2  startup_armcm4.o(.text)
    MemManage_Handler                        0x0000e8ad   Thumb Code     2  startup_armcm4.o(.text)
    BusFault_Handler                         0x0000e8af   Thumb Code     2  startup_armcm4.o(.text)
    UsageFault_Handler                       0x0000e8b1   Thumb Code     2  startup_armcm4.o(.text)
    SVC_Handler                              0x0000e8b3   Thumb Code     2  startup_armcm4.o(.text)
    DebugMon_Handler                         0x0000e8b5   Thumb Code     2  startup_armcm4.o(.text)
    PendSV_Handler                           0x0000e8b7   Thumb Code     2  startup_armcm4.o(.text)
    SysTick_Handler                          0x0000e8b9   Thumb Code     2  startup_armcm4.o(.text)
    Interrupt0_Handler                       0x0000e8bb   Thumb Code     2  startup_armcm4.o(.text)
    Interrupt1_Handler                       0x0000e8bd   Thumb Code     2  startup_armcm4.o(.text)
    Interrupt2_Handler                       0x0000e8bf   Thumb Code     2  startup_armcm4.o(.text)
    Interrupt3_Handler                       0x0000e8c1   Thumb Code     2  startup_armcm4.o(.text)
    Interrupt4_Handler                       0x0000e8c3   Thumb Code     2  startup_armcm4.o(.text)
    Interrupt5_Handler                       0x0000e8c5   Thumb Code     2  startup_armcm4.o(.text)
    Interrupt6_Handler                       0x0000e8c7   Thumb Code     2  startup_armcm4.o(.text)
    Interrupt7_Handler                       0x0000e8c9   Thumb Code     2  startup_armcm4.o(.text)
    Interrupt8_Handler                       0x0000e8cb   Thumb Code     2  startup_armcm4.o(.text)
    Interrupt9_Handler                       0x0000e8cd   Thumb Code     2  startup_armcm4.o(.text)
    SystemCoreClockUpdate                    0x0000e8d9   Thumb Code     8  system_armcm4.o(.text)
    SystemInit                               0x0000e8e1   Thumb Code    30  system_armcm4.o(.text)
    __aeabi_uldivmod                         0x0000e911   Thumb Code     0  lludivv7m.o(.text)
    _ll_udiv                                 0x0000e911   Thumb Code   238  lludivv7m.o(.text)
    __aeabi_llsl                             0x0000e9ff   Thumb Code     0  llshl.o(.text)
    _ll_shift_l                              0x0000e9ff   Thumb Code    38  llshl.o(.text)
    __aeabi_lasr                             0x0000ea25   Thumb Code     0  llsshr.o(.text)
    _ll_sshift_r                             0x0000ea25   Thumb Code    38  llsshr.o(.text)
    __aeabi_ldivmod                          0x0000ea4b   Thumb Code     0  llsdiv.o(.text)
    _ll_sdiv                                 0x0000ea4b   Thumb Code    72  llsdiv.o(.text)
    __aeabi_memcpy4                          0x0000ea93   Thumb Code     0  rt_memcpy_w.o(.text)
    __aeabi_memcpy8                          0x0000ea93   Thumb Code     0  rt_memcpy_w.o(.text)
    __rt_memcpy_w                            0x0000ea93   Thumb Code   100  rt_memcpy_w.o(.text)
    _memcpy_lastbytes_aligned                0x0000eadb   Thumb Code     0  rt_memcpy_w.o(.text)
    __aeabi_memclr                           0x0000eaf7   Thumb Code     0  rt_memclr.o(.text)
    __rt_memclr                              0x0000eaf7   Thumb Code    68  rt_memclr.o(.text)
    _memset                                  0x0000eafb   Thumb Code     0  rt_memclr.o(.text)
    __aeabi_memclr4                          0x0000eb3b   Thumb Code     0  rt_memclr_w.o(.text)
    __aeabi_memclr8                          0x0000eb3b   Thumb Code     0  rt_memclr_w.o(.text)
    __rt_memclr_w                            0x0000eb3b   Thumb Code    78  rt_memclr_w.o(.text)
    _memset_w                                0x0000eb3f   Thumb Code     0  rt_memclr_w.o(.text)
    __use_two_region_memory                  0x0000eb89   Thumb Code     2  heapauxi.o(.text)
    __rt_heap_escrow$2region                 0x0000eb8b   Thumb Code     2  heapauxi.o(.text)
    __rt_heap_expand$2region                 0x0000eb8d   Thumb Code     2  heapauxi.o(.text)
    __read_errno                             0x0000eb8f   Thumb Code    10  _rserrno.o(.text)
    __set_errno                              0x0000eb99   Thumb Code    12  _rserrno.o(.text)
    __aeabi_errno_addr                       0x0000eba5   Thumb Code     8  rt_errno_addr_intlibspace.o(.text)
    __errno$intlibspace                      0x0000eba5   Thumb Code     0  rt_errno_addr_intlibspace.o(.text)
    __rt_errno_addr$intlibspace              0x0000eba5   Thumb Code     0  rt_errno_addr_intlibspace.o(.text)
    exit                                     0x0000ebad   Thumb Code    18  exit.o(.text)
    _sys_exit                                0x0000ebc1   Thumb Code     8  sys_exit.o(.text)
    __I$use$semihosting                      0x0000ebcd   Thumb Code     0  use_no_semi.o(.text)
    __use_no_semihosting_swi                 0x0000ebcd   Thumb Code     2  use_no_semi.o(.text)
    __ARM_fpclassify                         0x0000ebcf   Thumb Code    48  fpclassify.o(i.__ARM_fpclassify)
    __semihosting_library_function           0x0000ebcf   Thumb Code     0  indicate_semi.o(.text)
    __ARM_fpclassifyf                        0x0000ebff   Thumb Code    38  fpclassifyf.o(i.__ARM_fpclassifyf)
    __hardfp_exp                             0x0000ec29   Thumb Code   714  exp.o(i.__hardfp_exp)
    __hardfp_expf                            0x0000ef81   Thumb Code   426  expf.o(i.__hardfp_expf)
    __mathlib_expf                           0x0000ef81   Thumb Code     0  expf.o(i.__hardfp_expf)
    __hardfp_fabs                            0x0000f169   Thumb Code    20  fabs.o(i.__hardfp_fabs)
    __hardfp_log                             0x0000f181   Thumb Code   872  log.o(i.__hardfp_log)
    __hardfp_log10                           0x0000f549   Thumb Code   260  log10.o(i.__hardfp_log10)
    __hardfp_logf                            0x0000f679   Thumb Code   320  logf.o(i.__hardfp_logf)
    __mathlib_logf                           0x0000f679   Thumb Code     0  logf.o(i.__hardfp_logf)
    __kernel_poly                            0x0000f7e5   Thumb Code   248  poly.o(i.__kernel_poly)
    __mathlib_dbl_divzero                    0x0000f8e1   Thumb Code    28  dunder.o(i.__mathlib_dbl_divzero)
    __mathlib_dbl_infnan                     0x0000f911   Thumb Code    20  dunder.o(i.__mathlib_dbl_infnan)
    __mathlib_dbl_invalid                    0x0000f929   Thumb Code    24  dunder.o(i.__mathlib_dbl_invalid)
    __mathlib_dbl_overflow                   0x0000f949   Thumb Code    24  dunder.o(i.__mathlib_dbl_overflow)
    __mathlib_dbl_underflow                  0x0000f969   Thumb Code    24  dunder.o(i.__mathlib_dbl_underflow)
    __mathlib_flt_divzero                    0x0000f989   Thumb Code    14  funder.o(i.__mathlib_flt_divzero)
    __mathlib_flt_infnan                     0x0000f99d   Thumb Code     6  funder.o(i.__mathlib_flt_infnan)
    __mathlib_flt_invalid                    0x0000f9a5   Thumb Code    10  funder.o(i.__mathlib_flt_invalid)
    __mathlib_flt_overflow                   0x0000f9b5   Thumb Code    10  funder.o(i.__mathlib_flt_overflow)
    __mathlib_flt_underflow                  0x0000f9c5   Thumb Code    10  funder.o(i.__mathlib_flt_underflow)
    log                                      0x0000f9d5   Thumb Code    16  log.o(i.log)
    __aeabi_dneg                             0x0000f9e5   Thumb Code     0  basic.o(x$fpl$basic)
    _dneg                                    0x0000f9e5   Thumb Code     6  basic.o(x$fpl$basic)
    __aeabi_fneg                             0x0000f9eb   Thumb Code     0  basic.o(x$fpl$basic)
    _fneg                                    0x0000f9eb   Thumb Code     6  basic.o(x$fpl$basic)
    _dabs                                    0x0000f9f1   Thumb Code     6  basic.o(x$fpl$basic)
    _fabs                                    0x0000f9f7   Thumb Code     6  basic.o(x$fpl$basic)
    __aeabi_d2f                              0x0000f9fd   Thumb Code     0  d2f.o(x$fpl$d2f)
    _d2f                                     0x0000f9fd   Thumb Code    98  d2f.o(x$fpl$d2f)
    __aeabi_dadd                             0x0000fa61   Thumb Code     0  daddsub_clz.o(x$fpl$dadd)
    _dadd                                    0x0000fa61   Thumb Code   332  daddsub_clz.o(x$fpl$dadd)
    __fpl_dcmp_Inf                           0x0000fbb1   Thumb Code    24  dcmpi.o(x$fpl$dcmpinf)
    __aeabi_ddiv                             0x0000fbc9   Thumb Code     0  ddiv.o(x$fpl$ddiv)
    _ddiv                                    0x0000fbc9   Thumb Code   552  ddiv.o(x$fpl$ddiv)
    __aeabi_cdcmpeq                          0x0000fe79   Thumb Code     0  deqf.o(x$fpl$deqf)
    _dcmpeq                                  0x0000fe79   Thumb Code   120  deqf.o(x$fpl$deqf)
    __aeabi_d2iz                             0x0000fef1   Thumb Code     0  dfix.o(x$fpl$dfix)
    _dfix                                    0x0000fef1   Thumb Code    94  dfix.o(x$fpl$dfix)
    __aeabi_i2d                              0x0000ff4f   Thumb Code     0  dflt_clz.o(x$fpl$dflt)
    _dflt                                    0x0000ff4f   Thumb Code    46  dflt_clz.o(x$fpl$dflt)
    __aeabi_cdcmple                          0x0000ff7d   Thumb Code     0  dleqf.o(x$fpl$dleqf)
    _dcmple                                  0x0000ff7d   Thumb Code   120  dleqf.o(x$fpl$dleqf)
    __fpl_dcmple_InfNaN                      0x0000ffdf   Thumb Code     0  dleqf.o(x$fpl$dleqf)
    __aeabi_dmul                             0x0000fff5   Thumb Code     0  dmul.o(x$fpl$dmul)
    _dmul                                    0x0000fff5   Thumb Code   332  dmul.o(x$fpl$dmul)
    __fpl_dnaninf                            0x00010149   Thumb Code   156  dnaninf.o(x$fpl$dnaninf)
    __fpl_dretinf                            0x000101e5   Thumb Code    12  dretinf.o(x$fpl$dretinf)
    __aeabi_cdrcmple                         0x000101f1   Thumb Code     0  drleqf.o(x$fpl$drleqf)
    _drcmple                                 0x000101f1   Thumb Code   108  drleqf.o(x$fpl$drleqf)
    __aeabi_drsub                            0x0001025d   Thumb Code     0  daddsub_clz.o(x$fpl$drsb)
    _drsb                                    0x0001025d   Thumb Code    22  daddsub_clz.o(x$fpl$drsb)
    __aeabi_dsub                             0x00010275   Thumb Code     0  daddsub_clz.o(x$fpl$dsub)
    _dsub                                    0x00010275   Thumb Code   464  daddsub_clz.o(x$fpl$dsub)
    __aeabi_f2d                              0x00010449   Thumb Code     0  f2d.o(x$fpl$f2d)
    _f2d                                     0x00010449   Thumb Code    86  f2d.o(x$fpl$f2d)
    __fpl_fnaninf                            0x0001049f   Thumb Code   140  fnaninf.o(x$fpl$fnaninf)
    _fp_init                                 0x0001052b   Thumb Code    10  fpinit.o(x$fpl$fpinit)
    __fplib_config_fpu_vfp                   0x00010533   Thumb Code     0  fpinit.o(x$fpl$fpinit)
    __fplib_config_pureend_doubles           0x00010533   Thumb Code     0  fpinit.o(x$fpl$fpinit)
    __fpl_fretinf                            0x00010535   Thumb Code    10  fretinf.o(x$fpl$fretinf)
    __aeabi_f2lz                             0x00010541   Thumb Code     0  ffixll.o(x$fpl$llsfromf)
    _ll_sfrom_f                              0x00010541   Thumb Code   134  ffixll.o(x$fpl$llsfromf)
    __I$use$fp                               0x000105c6   Number         0  usenofp.o(x$fpl$usenofp)
    firCoeffs32                              0x000105c8   Data         116  arm_fir_example_f32.o(.constdata)
    armBitRevTable                           0x00010640   Data        2048  commontables.o(.constdata)
    twiddleCoefF64_16                        0x00010e40   Data         256  commontables.o(.constdata)
    twiddleCoefF64_32                        0x00010f40   Data         512  commontables.o(.constdata)
    twiddleCoefF64_64                        0x00011140   Data        1024  commontables.o(.constdata)
    twiddleCoefF64_128                       0x00011540   Data        2048  commontables.o(.constdata)
    twiddleCoefF64_256                       0x00011d40   Data        4096  commontables.o(.constdata)
    twiddleCoefF64_512                       0x00012d40   Data        8192  commontables.o(.constdata)
    twiddleCoefF64_1024                      0x00014d40   Data       16384  commontables.o(.constdata)
    twiddleCoefF64_2048                      0x00018d40   Data       32768  commontables.o(.constdata)
    twiddleCoefF64_4096                      0x00020d40   Data       65536  commontables.o(.constdata)
    twiddleCoef_16                           0x00030d40   Data         128  commontables.o(.constdata)
    twiddleCoef_32                           0x00030dc0   Data         256  commontables.o(.constdata)
    twiddleCoef_64                           0x00030ec0   Data         512  commontables.o(.constdata)
    twiddleCoef_128                          0x000310c0   Data        1024  commontables.o(.constdata)
    twiddleCoef_256                          0x000314c0   Data        2048  commontables.o(.constdata)
    twiddleCoef_512                          0x00031cc0   Data        4096  commontables.o(.constdata)
    twiddleCoef_1024                         0x00032cc0   Data        8192  commontables.o(.constdata)
    twiddleCoef_2048                         0x00034cc0   Data       16384  commontables.o(.constdata)
    twiddleCoef_4096                         0x00038cc0   Data       32768  commontables.o(.constdata)
    twiddleCoef_16_q31                       0x00040cc0   Data          96  commontables.o(.constdata)
    twiddleCoef_32_q31                       0x00040d20   Data         192  commontables.o(.constdata)
    twiddleCoef_64_q31                       0x00040de0   Data         384  commontables.o(.constdata)
    twiddleCoef_128_q31                      0x00040f60   Data         768  commontables.o(.constdata)
    twiddleCoef_256_q31                      0x00041260   Data        1536  commontables.o(.constdata)
    twiddleCoef_512_q31                      0x00041860   Data        3072  commontables.o(.constdata)
    twiddleCoef_1024_q31                     0x00042460   Data        6144  commontables.o(.constdata)
    twiddleCoef_2048_q31                     0x00043c60   Data       12288  commontables.o(.constdata)
    twiddleCoef_4096_q31                     0x00046c60   Data       24576  commontables.o(.constdata)
    twiddleCoef_16_q15                       0x0004cc60   Data          48  commontables.o(.constdata)
    twiddleCoef_32_q15                       0x0004cc90   Data          96  commontables.o(.constdata)
    twiddleCoef_64_q15                       0x0004ccf0   Data         192  commontables.o(.constdata)
    twiddleCoef_128_q15                      0x0004cdb0   Data         384  commontables.o(.constdata)
    twiddleCoef_256_q15                      0x0004cf30   Data         768  commontables.o(.constdata)
    twiddleCoef_512_q15                      0x0004d230   Data        1536  commontables.o(.constdata)
    twiddleCoef_1024_q15                     0x0004d830   Data        3072  commontables.o(.constdata)
    twiddleCoef_2048_q15                     0x0004e430   Data        6144  commontables.o(.constdata)
    twiddleCoef_4096_q15                     0x0004fc30   Data       12288  commontables.o(.constdata)
    armBitRevIndexTableF64_16                0x00052c30   Data          24  commontables.o(.constdata)
    armBitRevIndexTableF64_32                0x00052c48   Data          48  commontables.o(.constdata)
    armBitRevIndexTableF64_64                0x00052c78   Data         112  commontables.o(.constdata)
    armBitRevIndexTableF64_128               0x00052ce8   Data         224  commontables.o(.constdata)
    armBitRevIndexTableF64_256               0x00052dc8   Data         480  commontables.o(.constdata)
    armBitRevIndexTableF64_512               0x00052fa8   Data         960  commontables.o(.constdata)
    armBitRevIndexTableF64_1024              0x00053368   Data        1984  commontables.o(.constdata)
    armBitRevIndexTableF64_2048              0x00053b28   Data        3968  commontables.o(.constdata)
    armBitRevIndexTableF64_4096              0x00054aa8   Data        8064  commontables.o(.constdata)
    armBitRevIndexTable16                    0x00056a28   Data          40  commontables.o(.constdata)
    armBitRevIndexTable32                    0x00056a50   Data          96  commontables.o(.constdata)
    armBitRevIndexTable64                    0x00056ab0   Data         112  commontables.o(.constdata)
    armBitRevIndexTable128                   0x00056b20   Data         416  commontables.o(.constdata)
    armBitRevIndexTable256                   0x00056cc0   Data         880  commontables.o(.constdata)
    armBitRevIndexTable512                   0x00057030   Data         896  commontables.o(.constdata)
    armBitRevIndexTable1024                  0x000573b0   Data        3600  commontables.o(.constdata)
    armBitRevIndexTable2048                  0x000581c0   Data        7616  commontables.o(.constdata)
    armBitRevIndexTable4096                  0x00059f80   Data        8064  commontables.o(.constdata)
    armBitRevIndexTable_fixed_16             0x0005bf00   Data          24  commontables.o(.constdata)
    armBitRevIndexTable_fixed_32             0x0005bf18   Data          48  commontables.o(.constdata)
    armBitRevIndexTable_fixed_64             0x0005bf48   Data         112  commontables.o(.constdata)
    armBitRevIndexTable_fixed_128            0x0005bfb8   Data         224  commontables.o(.constdata)
    armBitRevIndexTable_fixed_256            0x0005c098   Data         480  commontables.o(.constdata)
    armBitRevIndexTable_fixed_512            0x0005c278   Data         960  commontables.o(.constdata)
    armBitRevIndexTable_fixed_1024           0x0005c638   Data        1984  commontables.o(.constdata)
    armBitRevIndexTable_fixed_2048           0x0005cdf8   Data        3968  commontables.o(.constdata)
    armBitRevIndexTable_fixed_4096           0x0005dd78   Data        8064  commontables.o(.constdata)
    twiddleCoefF64_rfft_32                   0x0005fcf8   Data         256  commontables.o(.constdata)
    twiddleCoefF64_rfft_64                   0x0005fdf8   Data         512  commontables.o(.constdata)
    twiddleCoefF64_rfft_128                  0x0005fff8   Data        1024  commontables.o(.constdata)
    twiddleCoefF64_rfft_256                  0x000603f8   Data        2048  commontables.o(.constdata)
    twiddleCoefF64_rfft_512                  0x00060bf8   Data        4096  commontables.o(.constdata)
    twiddleCoefF64_rfft_1024                 0x00061bf8   Data        8192  commontables.o(.constdata)
    twiddleCoefF64_rfft_2048                 0x00063bf8   Data       16384  commontables.o(.constdata)
    twiddleCoefF64_rfft_4096                 0x00067bf8   Data       32768  commontables.o(.constdata)
    twiddleCoef_rfft_32                      0x0006fbf8   Data         128  commontables.o(.constdata)
    twiddleCoef_rfft_64                      0x0006fc78   Data         256  commontables.o(.constdata)
    twiddleCoef_rfft_128                     0x0006fd78   Data         512  commontables.o(.constdata)
    twiddleCoef_rfft_256                     0x0006ff78   Data        1024  commontables.o(.constdata)
    twiddleCoef_rfft_512                     0x00070378   Data        2048  commontables.o(.constdata)
    twiddleCoef_rfft_1024                    0x00070b78   Data        4096  commontables.o(.constdata)
    twiddleCoef_rfft_2048                    0x00071b78   Data        8192  commontables.o(.constdata)
    twiddleCoef_rfft_4096                    0x00073b78   Data       16384  commontables.o(.constdata)
    realCoefA                                0x00077b78   Data       32768  commontables.o(.constdata)
    realCoefB                                0x0007fb78   Data       32768  commontables.o(.constdata)
    realCoefAQ31                             0x00087b78   Data       32768  commontables.o(.constdata)
    realCoefBQ31                             0x0008fb78   Data       32768  commontables.o(.constdata)
    realCoefAQ15                             0x00097b78   Data       16384  commontables.o(.constdata)
    realCoefBQ15                             0x0009bb78   Data       16384  commontables.o(.constdata)
    Weights_128                              0x0009fb78   Data        1024  commontables.o(.constdata)
    cos_factors_128                          0x0009ff78   Data         512  commontables.o(.constdata)
    Weights_512                              0x000a0178   Data        4096  commontables.o(.constdata)
    cos_factors_512                          0x000a1178   Data        2048  commontables.o(.constdata)
    Weights_2048                             0x000a1978   Data       16384  commontables.o(.constdata)
    cos_factors_2048                         0x000a5978   Data        8192  commontables.o(.constdata)
    Weights_8192                             0x000a7978   Data       65536  commontables.o(.constdata)
    cos_factors_8192                         0x000b7978   Data       32768  commontables.o(.constdata)
    WeightsQ15_128                           0x000bf978   Data         512  commontables.o(.constdata)
    cos_factorsQ15_128                       0x000bfb78   Data         256  commontables.o(.constdata)
    WeightsQ15_512                           0x000bfc78   Data        2048  commontables.o(.constdata)
    cos_factorsQ15_512                       0x000c0478   Data        1024  commontables.o(.constdata)
    WeightsQ15_2048                          0x000c0878   Data        8192  commontables.o(.constdata)
    cos_factorsQ15_2048                      0x000c2878   Data        4096  commontables.o(.constdata)
    WeightsQ15_8192                          0x000c3878   Data       32768  commontables.o(.constdata)
    cos_factorsQ15_8192                      0x000cb878   Data       16384  commontables.o(.constdata)
    WeightsQ31_128                           0x000cf878   Data        1024  commontables.o(.constdata)
    cos_factorsQ31_128                       0x000cfc78   Data         512  commontables.o(.constdata)
    WeightsQ31_512                           0x000cfe78   Data        4096  commontables.o(.constdata)
    cos_factorsQ31_512                       0x000d0e78   Data        2048  commontables.o(.constdata)
    WeightsQ31_2048                          0x000d1678   Data       16384  commontables.o(.constdata)
    cos_factorsQ31_2048                      0x000d5678   Data        8192  commontables.o(.constdata)
    WeightsQ31_8192                          0x000d7678   Data       65536  commontables.o(.constdata)
    cos_factorsQ31_8192                      0x000e7678   Data       32768  commontables.o(.constdata)
    armRecipTableQ15                         0x000ef678   Data         128  commontables.o(.constdata)
    armRecipTableQ31                         0x000ef6f8   Data         256  commontables.o(.constdata)
    sinTable_f32                             0x000ef7f8   Data        2052  commontables.o(.constdata)
    sinTable_q31                             0x000efffc   Data        2052  commontables.o(.constdata)
    sinTable_q15                             0x000f0800   Data        1026  commontables.o(.constdata)
    sqrt_initial_lut_q31                     0x000f0c04   Data         128  commontables.o(.constdata)
    sqrt_initial_lut_q15                     0x000f0c84   Data          32  commontables.o(.constdata)
    arm_cfft_sR_f64_len16                    0x000f0ca4   Data          16  commontables.o(.constdata)
    arm_cfft_sR_f64_len32                    0x000f0cb4   Data          16  commontables.o(.constdata)
    arm_cfft_sR_f64_len64                    0x000f0cc4   Data          16  commontables.o(.constdata)
    arm_cfft_sR_f64_len128                   0x000f0cd4   Data          16  commontables.o(.constdata)
    arm_cfft_sR_f64_len256                   0x000f0ce4   Data          16  commontables.o(.constdata)
    arm_cfft_sR_f64_len512                   0x000f0cf4   Data          16  commontables.o(.constdata)
    arm_cfft_sR_f64_len1024                  0x000f0d04   Data          16  commontables.o(.constdata)
    arm_cfft_sR_f64_len2048                  0x000f0d14   Data          16  commontables.o(.constdata)
    arm_cfft_sR_f64_len4096                  0x000f0d24   Data          16  commontables.o(.constdata)
    arm_cfft_sR_f32_len16                    0x000f0d34   Data          16  commontables.o(.constdata)
    arm_cfft_sR_f32_len32                    0x000f0d44   Data          16  commontables.o(.constdata)
    arm_cfft_sR_f32_len64                    0x000f0d54   Data          16  commontables.o(.constdata)
    arm_cfft_sR_f32_len128                   0x000f0d64   Data          16  commontables.o(.constdata)
    arm_cfft_sR_f32_len256                   0x000f0d74   Data          16  commontables.o(.constdata)
    arm_cfft_sR_f32_len512                   0x000f0d84   Data          16  commontables.o(.constdata)
    arm_cfft_sR_f32_len1024                  0x000f0d94   Data          16  commontables.o(.constdata)
    arm_cfft_sR_f32_len2048                  0x000f0da4   Data          16  commontables.o(.constdata)
    arm_cfft_sR_f32_len4096                  0x000f0db4   Data          16  commontables.o(.constdata)
    arm_cfft_sR_q31_len16                    0x000f0dc4   Data          16  commontables.o(.constdata)
    arm_cfft_sR_q31_len32                    0x000f0dd4   Data          16  commontables.o(.constdata)
    arm_cfft_sR_q31_len64                    0x000f0de4   Data          16  commontables.o(.constdata)
    arm_cfft_sR_q31_len128                   0x000f0df4   Data          16  commontables.o(.constdata)
    arm_cfft_sR_q31_len256                   0x000f0e04   Data          16  commontables.o(.constdata)
    arm_cfft_sR_q31_len512                   0x000f0e14   Data          16  commontables.o(.constdata)
    arm_cfft_sR_q31_len1024                  0x000f0e24   Data          16  commontables.o(.constdata)
    arm_cfft_sR_q31_len2048                  0x000f0e34   Data          16  commontables.o(.constdata)
    arm_cfft_sR_q31_len4096                  0x000f0e44   Data          16  commontables.o(.constdata)
    arm_cfft_sR_q15_len16                    0x000f0e54   Data          16  commontables.o(.constdata)
    arm_cfft_sR_q15_len32                    0x000f0e64   Data          16  commontables.o(.constdata)
    arm_cfft_sR_q15_len64                    0x000f0e74   Data          16  commontables.o(.constdata)
    arm_cfft_sR_q15_len128                   0x000f0e84   Data          16  commontables.o(.constdata)
    arm_cfft_sR_q15_len256                   0x000f0e94   Data          16  commontables.o(.constdata)
    arm_cfft_sR_q15_len512                   0x000f0ea4   Data          16  commontables.o(.constdata)
    arm_cfft_sR_q15_len1024                  0x000f0eb4   Data          16  commontables.o(.constdata)
    arm_cfft_sR_q15_len2048                  0x000f0ec4   Data          16  commontables.o(.constdata)
    arm_cfft_sR_q15_len4096                  0x000f0ed4   Data          16  commontables.o(.constdata)
    arm_rfft_fast_sR_f64_len32               0x000f0ee4   Data          24  commontables.o(.constdata)
    arm_rfft_fast_sR_f64_len64               0x000f0efc   Data          24  commontables.o(.constdata)
    arm_rfft_fast_sR_f64_len128              0x000f0f14   Data          24  commontables.o(.constdata)
    arm_rfft_fast_sR_f64_len256              0x000f0f2c   Data          24  commontables.o(.constdata)
    arm_rfft_fast_sR_f64_len512              0x000f0f44   Data          24  commontables.o(.constdata)
    arm_rfft_fast_sR_f64_len1024             0x000f0f5c   Data          24  commontables.o(.constdata)
    arm_rfft_fast_sR_f64_len2048             0x000f0f74   Data          24  commontables.o(.constdata)
    arm_rfft_fast_sR_f64_len4096             0x000f0f8c   Data          24  commontables.o(.constdata)
    arm_rfft_fast_sR_f32_len32               0x000f0fa4   Data          24  commontables.o(.constdata)
    arm_rfft_fast_sR_f32_len64               0x000f0fbc   Data          24  commontables.o(.constdata)
    arm_rfft_fast_sR_f32_len128              0x000f0fd4   Data          24  commontables.o(.constdata)
    arm_rfft_fast_sR_f32_len256              0x000f0fec   Data          24  commontables.o(.constdata)
    arm_rfft_fast_sR_f32_len512              0x000f1004   Data          24  commontables.o(.constdata)
    arm_rfft_fast_sR_f32_len1024             0x000f101c   Data          24  commontables.o(.constdata)
    arm_rfft_fast_sR_f32_len2048             0x000f1034   Data          24  commontables.o(.constdata)
    arm_rfft_fast_sR_f32_len4096             0x000f104c   Data          24  commontables.o(.constdata)
    arm_rfft_sR_q31_len32                    0x000f1064   Data          24  commontables.o(.constdata)
    arm_rfft_sR_q31_len64                    0x000f107c   Data          24  commontables.o(.constdata)
    arm_rfft_sR_q31_len128                   0x000f1094   Data          24  commontables.o(.constdata)
    arm_rfft_sR_q31_len256                   0x000f10ac   Data          24  commontables.o(.constdata)
    arm_rfft_sR_q31_len512                   0x000f10c4   Data          24  commontables.o(.constdata)
    arm_rfft_sR_q31_len1024                  0x000f10dc   Data          24  commontables.o(.constdata)
    arm_rfft_sR_q31_len2048                  0x000f10f4   Data          24  commontables.o(.constdata)
    arm_rfft_sR_q31_len4096                  0x000f110c   Data          24  commontables.o(.constdata)
    arm_rfft_sR_q31_len8192                  0x000f1124   Data          24  commontables.o(.constdata)
    arm_rfft_sR_q15_len32                    0x000f113c   Data          24  commontables.o(.constdata)
    arm_rfft_sR_q15_len64                    0x000f1154   Data          24  commontables.o(.constdata)
    arm_rfft_sR_q15_len128                   0x000f116c   Data          24  commontables.o(.constdata)
    arm_rfft_sR_q15_len256                   0x000f1184   Data          24  commontables.o(.constdata)
    arm_rfft_sR_q15_len512                   0x000f119c   Data          24  commontables.o(.constdata)
    arm_rfft_sR_q15_len1024                  0x000f11b4   Data          24  commontables.o(.constdata)
    arm_rfft_sR_q15_len2048                  0x000f11cc   Data          24  commontables.o(.constdata)
    arm_rfft_sR_q15_len4096                  0x000f11e4   Data          24  commontables.o(.constdata)
    arm_rfft_sR_q15_len8192                  0x000f11fc   Data          24  commontables.o(.constdata)
    __mathlib_zero                           0x000f1388   Data           8  qnan.o(.constdata)
    Region$$Table$$Base                      0x000f1390   Number         0  anon$$obj.o(Region$$Table)
    Region$$Table$$Limit                     0x000f13b0   Number         0  anon$$obj.o(Region$$Table)
    testInput_f32_1kHz_15kHz                 0x20000000   Data        1280  arm_fir_data.o(.data)
    refOutput                                0x20000500   Data        1280  arm_fir_data.o(.data)
    blockSize                                0x20000a00   Data           4  arm_fir_example_f32.o(.data)
    numBlocks                                0x20000a04   Data           4  arm_fir_example_f32.o(.data)
    snr                                      0x20000a08   Data           4  arm_fir_example_f32.o(.data)
    SystemCoreClock                          0x20000a0c   Data           4  system_armcm4.o(.data)
    __libspace_start                         0x20001000   Data          96  libspace.o(.bss)
    __stack_limit                            0x20001060   Data           0  startup_armcm4.o(STACK)
    __temporary_stack_top$libspace           0x20001060   Data           0  libspace.o(.bss)
    Image$$ZI$$Limit                         0x20001460   Number         0  anon$$obj.o ABSOLUTE
    __initial_sp                             0x20001460   Data           0  startup_armcm4.o(STACK)



==============================================================================

Memory Map of the image

  Image Entry point : 0x0000e8a1

  Load Region LR_1 (Base: 0x00000000, Size: 0x000f1dc0, Max: 0xffffffff, ABSOLUTE, COMPRESSED[0x000f1560])

    Execution Region ER_RO (Exec base: 0x00000000, Load base: 0x00000000, Size: 0x000f13b0, Max: 0xffffffff, ABSOLUTE)

    Exec Addr    Load Addr    Size         Type   Attr      Idx    E Section Name        Object

    0x00000000   0x00000000   0x000003c0   Data   RO         2566    RESET               startup_armcm4.o
    0x000003c0   0x000003c0   0x00000008   Code   RO         2636  * !!!main             c_w.l(__main.o)
    0x000003c8   0x000003c8   0x00000034   Code   RO         3037    !!!scatter          c_w.l(__scatter.o)
    0x000003fc   0x000003fc   0x00000064   Code   RO         3035    !!dclz77c           c_w.l(__dclz77c.o)
    0x00000460   0x00000460   0x0000001c   Code   RO         3039    !!handler_zi        c_w.l(__scatter_zi.o)
    0x0000047c   0x0000047c   0x00000002   Code   RO         2900    .ARM.Collect$$libinit$$00000000  c_w.l(libinit.o)
    0x0000047e   0x0000047e   0x00000004   Code   RO         2911    .ARM.Collect$$libinit$$00000001  c_w.l(libinit2.o)
    0x00000482   0x00000482   0x00000000   Code   RO         2914    .ARM.Collect$$libinit$$00000004  c_w.l(libinit2.o)
    0x00000482   0x00000482   0x00000000   Code   RO         2917    .ARM.Collect$$libinit$$0000000A  c_w.l(libinit2.o)
    0x00000482   0x00000482   0x00000000   Code   RO         2919    .ARM.Collect$$libinit$$0000000C  c_w.l(libinit2.o)
    0x00000482   0x00000482   0x00000000   Code   RO         2921    .ARM.Collect$$libinit$$0000000E  c_w.l(libinit2.o)
    0x00000482   0x00000482   0x00000000   Code   RO         2924    .ARM.Collect$$libinit$$00000011  c_w.l(libinit2.o)
    0x00000482   0x00000482   0x00000000   Code   RO         2926    .ARM.Collect$$libinit$$00000013  c_w.l(libinit2.o)
    0x00000482   0x00000482   0x00000000   Code   RO         2928    .ARM.Collect$$libinit$$00000015  c_w.l(libinit2.o)
    0x00000482   0x00000482   0x00000000   Code   RO         2930    .ARM.Collect$$libinit$$00000017  c_w.l(libinit2.o)
    0x00000482   0x00000482   0x00000000   Code   RO         2932    .ARM.Collect$$libinit$$00000019  c_w.l(libinit2.o)
    0x00000482   0x00000482   0x00000000   Code   RO         2934    .ARM.Collect$$libinit$$0000001B  c_w.l(libinit2.o)
    0x00000482   0x00000482   0x00000000   Code   RO         2936    .ARM.Collect$$libinit$$0000001D  c_w.l(libinit2.o)
    0x00000482   0x00000482   0x00000000   Code   RO         2938    .ARM.Collect$$libinit$$0000001F  c_w.l(libinit2.o)
    0x00000482   0x00000482   0x00000000   Code   RO         2940    .ARM.Collect$$libinit$$00000021  c_w.l(libinit2.o)
    0x00000482   0x00000482   0x00000000   Code   RO         2942    .ARM.Collect$$libinit$$00000023  c_w.l(libinit2.o)
    0x00000482   0x00000482   0x00000000   Code   RO         2944    .ARM.Collect$$libinit$$00000025  c_w.l(libinit2.o)
    0x00000482   0x00000482   0x00000000   Code   RO         2948    .ARM.Collect$$libinit$$0000002C  c_w.l(libinit2.o)
    0x00000482   0x00000482   0x00000000   Code   RO         2950    .ARM.Collect$$libinit$$0000002E  c_w.l(libinit2.o)
    0x00000482   0x00000482   0x00000000   Code   RO         2952    .ARM.Collect$$libinit$$00000030  c_w.l(libinit2.o)
    0x00000482   0x00000482   0x00000000   Code   RO         2954    .ARM.Collect$$libinit$$00000032  c_w.l(libinit2.o)
    0x00000482   0x00000482   0x00000002   Code   RO         2955    .ARM.Collect$$libinit$$00000033  c_w.l(libinit2.o)
    0x00000484   0x00000484   0x00000002   Code   RO         2990    .ARM.Collect$$libshutdown$$00000000  c_w.l(libshutdown.o)
    0x00000486   0x00000486   0x00000000   Code   RO         3016    .ARM.Collect$$libshutdown$$00000002  c_w.l(libshutdown2.o)
    0x00000486   0x00000486   0x00000000   Code   RO         3018    .ARM.Collect$$libshutdown$$00000004  c_w.l(libshutdown2.o)
    0x00000486   0x00000486   0x00000000   Code   RO         3020    .ARM.Collect$$libshutdown$$00000006  c_w.l(libshutdown2.o)
    0x00000486   0x00000486   0x00000000   Code   RO         3023    .ARM.Collect$$libshutdown$$00000009  c_w.l(libshutdown2.o)
    0x00000486   0x00000486   0x00000000   Code   RO         3026    .ARM.Collect$$libshutdown$$0000000C  c_w.l(libshutdown2.o)
    0x00000486   0x00000486   0x00000000   Code   RO         3028    .ARM.Collect$$libshutdown$$0000000E  c_w.l(libshutdown2.o)
    0x00000486   0x00000486   0x00000000   Code   RO         3031    .ARM.Collect$$libshutdown$$00000011  c_w.l(libshutdown2.o)
    0x00000486   0x00000486   0x00000002   Code   RO         3032    .ARM.Collect$$libshutdown$$00000012  c_w.l(libshutdown2.o)
    0x00000488   0x00000488   0x00000000   Code   RO         2800    .ARM.Collect$$rtentry$$00000000  c_w.l(__rtentry.o)
    0x00000488   0x00000488   0x00000000   Code   RO         2858    .ARM.Collect$$rtentry$$00000002  c_w.l(__rtentry2.o)
    0x00000488   0x00000488   0x00000004   Code   RO         2872    .ARM.Collect$$rtentry$$00000005  c_w.l(__rtentry5.o)
    0x0000048c   0x0000048c   0x00000000   Code   RO         2860    .ARM.Collect$$rtentry$$00000009  c_w.l(__rtentry2.o)
    0x0000048c   0x0000048c   0x00000004   Code   RO         2861    .ARM.Collect$$rtentry$$0000000A  c_w.l(__rtentry2.o)
    0x00000490   0x00000490   0x00000000   Code   RO         2863    .ARM.Collect$$rtentry$$0000000C  c_w.l(__rtentry2.o)
    0x00000490   0x00000490   0x00000008   Code   RO         2864    .ARM.Collect$$rtentry$$0000000D  c_w.l(__rtentry2.o)
    0x00000498   0x00000498   0x00000004   Code   RO         2873    .ARM.Collect$$rtentry$$00002716  c_w.l(__rtentry5.o)
    0x0000049c   0x0000049c   0x00000002   Code   RO         2903    .ARM.Collect$$rtexit$$00000000  c_w.l(rtexit.o)
    0x0000049e   0x0000049e   0x00000000   Code   RO         2966    .ARM.Collect$$rtexit$$00000002  c_w.l(rtexit2.o)
    0x0000049e   0x0000049e   0x00000004   Code   RO         2967    .ARM.Collect$$rtexit$$00000003  c_w.l(rtexit2.o)
    0x000004a2   0x000004a2   0x00000006   Code   RO         2968    .ARM.Collect$$rtexit$$00000004  c_w.l(rtexit2.o)
    0x000004a8   0x000004a8   0x00000588   Code   RO            4    .text               math_helper.o
    0x00000a30   0x00000a30   0x000000a0   Code   RO          137    .text               arm_fir_example_f32.o
    0x00000ad0   0x00000ad0   0x000009a4   Code   RO          167    .text               basicmathfunctions.o
    0x00001474   0x00001474   0x00001230   Code   RO          880    .text               fastmathfunctions.o
    0x000026a4   0x000026a4   0x0000b828   Code   RO         1006    .text               filteringfunctions.o
    0x0000decc   0x0000decc   0x000009d4   Code   RO         2167    .text               supportfunctions.o
    0x0000e8a0   0x0000e8a0   0x00000038   Code   RO         2567  * .text               startup_armcm4.o
    0x0000e8d8   0x0000e8d8   0x00000038   Code   RO         2574    .text               system_armcm4.o
    0x0000e910   0x0000e910   0x000000ee   Code   RO         2620    .text               c_w.l(lludivv7m.o)
    0x0000e9fe   0x0000e9fe   0x00000026   Code   RO         2622    .text               c_w.l(llshl.o)
    0x0000ea24   0x0000ea24   0x00000026   Code   RO         2624    .text               c_w.l(llsshr.o)
    0x0000ea4a   0x0000ea4a   0x00000048   Code   RO         2626    .text               c_w.l(llsdiv.o)
    0x0000ea92   0x0000ea92   0x00000064   Code   RO         2628    .text               c_w.l(rt_memcpy_w.o)
    0x0000eaf6   0x0000eaf6   0x00000044   Code   RO         2630    .text               c_w.l(rt_memclr.o)
    0x0000eb3a   0x0000eb3a   0x0000004e   Code   RO         2632    .text               c_w.l(rt_memclr_w.o)
    0x0000eb88   0x0000eb88   0x00000006   Code   RO         2634    .text               c_w.l(heapauxi.o)
    0x0000eb8e   0x0000eb8e   0x00000016   Code   RO         2805    .text               c_w.l(_rserrno.o)
    0x0000eba4   0x0000eba4   0x00000008   Code   RO         2882    .text               c_w.l(rt_errno_addr_intlibspace.o)
    0x0000ebac   0x0000ebac   0x00000012   Code   RO         2889    .text               c_w.l(exit.o)
    0x0000ebbe   0x0000ebbe   0x00000002   PAD
    0x0000ebc0   0x0000ebc0   0x0000000c   Code   RO         2960    .text               c_w.l(sys_exit.o)
    0x0000ebcc   0x0000ebcc   0x00000002   Code   RO         2962    .text               c_w.l(use_no_semi.o)
    0x0000ebce   0x0000ebce   0x00000000   Code   RO         2964    .text               c_w.l(indicate_semi.o)
    0x0000ebce   0x0000ebce   0x00000030   Code   RO         2836    i.__ARM_fpclassify  m_wm.l(fpclassify.o)
    0x0000ebfe   0x0000ebfe   0x00000026   Code   RO         2838    i.__ARM_fpclassifyf  m_wm.l(fpclassifyf.o)
    0x0000ec24   0x0000ec24   0x00000004   PAD
    0x0000ec28   0x0000ec28   0x00000358   Code   RO         2676    i.__hardfp_exp      m_wm.l(exp.o)
    0x0000ef80   0x0000ef80   0x000001e8   Code   RO         2690    i.__hardfp_expf     m_wm.l(expf.o)
    0x0000f168   0x0000f168   0x00000014   Code   RO         2704    i.__hardfp_fabs     m_wm.l(fabs.o)
    0x0000f17c   0x0000f17c   0x00000004   PAD
    0x0000f180   0x0000f180   0x000003c4   Code   RO         2710    i.__hardfp_log      m_wm.l(log.o)
    0x0000f544   0x0000f544   0x00000004   PAD
    0x0000f548   0x0000f548   0x00000130   Code   RO         2724    i.__hardfp_log10    m_wm.l(log10.o)
    0x0000f678   0x0000f678   0x0000016c   Code   RO         2736    i.__hardfp_logf     m_wm.l(logf.o)
    0x0000f7e4   0x0000f7e4   0x000000f8   Code   RO         2854    i.__kernel_poly     m_wm.l(poly.o)
    0x0000f8dc   0x0000f8dc   0x00000004   PAD
    0x0000f8e0   0x0000f8e0   0x00000030   Code   RO         2822    i.__mathlib_dbl_divzero  m_wm.l(dunder.o)
    0x0000f910   0x0000f910   0x00000014   Code   RO         2823    i.__mathlib_dbl_infnan  m_wm.l(dunder.o)
    0x0000f924   0x0000f924   0x00000004   PAD
    0x0000f928   0x0000f928   0x00000020   Code   RO         2825    i.__mathlib_dbl_invalid  m_wm.l(dunder.o)
    0x0000f948   0x0000f948   0x00000020   Code   RO         2826    i.__mathlib_dbl_overflow  m_wm.l(dunder.o)
    0x0000f968   0x0000f968   0x00000020   Code   RO         2828    i.__mathlib_dbl_underflow  m_wm.l(dunder.o)
    0x0000f988   0x0000f988   0x00000014   Code   RO         2840    i.__mathlib_flt_divzero  m_wm.l(funder.o)
    0x0000f99c   0x0000f99c   0x00000006   Code   RO         2841    i.__mathlib_flt_infnan  m_wm.l(funder.o)
    0x0000f9a2   0x0000f9a2   0x00000002   PAD
    0x0000f9a4   0x0000f9a4   0x00000010   Code   RO         2843    i.__mathlib_flt_invalid  m_wm.l(funder.o)
    0x0000f9b4   0x0000f9b4   0x00000010   Code   RO         2844    i.__mathlib_flt_overflow  m_wm.l(funder.o)
    0x0000f9c4   0x0000f9c4   0x00000010   Code   RO         2846    i.__mathlib_flt_underflow  m_wm.l(funder.o)
    0x0000f9d4   0x0000f9d4   0x00000010   Code   RO         2712    i.log               m_wm.l(log.o)
    0x0000f9e4   0x0000f9e4   0x00000018   Code   RO         2638    x$fpl$basic         fz_wm.l(basic.o)
    0x0000f9fc   0x0000f9fc   0x00000062   Code   RO         2640    x$fpl$d2f           fz_wm.l(d2f.o)
    0x0000fa5e   0x0000fa5e   0x00000002   PAD
    0x0000fa60   0x0000fa60   0x00000150   Code   RO         2642    x$fpl$dadd          fz_wm.l(daddsub_clz.o)
    0x0000fbb0   0x0000fbb0   0x00000018   Code   RO         2807    x$fpl$dcmpinf       fz_wm.l(dcmpi.o)
    0x0000fbc8   0x0000fbc8   0x000002b0   Code   RO         2649    x$fpl$ddiv          fz_wm.l(ddiv.o)
    0x0000fe78   0x0000fe78   0x00000078   Code   RO         2652    x$fpl$deqf          fz_wm.l(deqf.o)
    0x0000fef0   0x0000fef0   0x0000005e   Code   RO         2654    x$fpl$dfix          fz_wm.l(dfix.o)
    0x0000ff4e   0x0000ff4e   0x0000002e   Code   RO         2659    x$fpl$dflt          fz_wm.l(dflt_clz.o)
    0x0000ff7c   0x0000ff7c   0x00000078   Code   RO         2664    x$fpl$dleqf         fz_wm.l(dleqf.o)
    0x0000fff4   0x0000fff4   0x00000154   Code   RO         2666    x$fpl$dmul          fz_wm.l(dmul.o)
    0x00010148   0x00010148   0x0000009c   Code   RO         2809    x$fpl$dnaninf       fz_wm.l(dnaninf.o)
    0x000101e4   0x000101e4   0x0000000c   Code   RO         2811    x$fpl$dretinf       fz_wm.l(dretinf.o)
    0x000101f0   0x000101f0   0x0000006c   Code   RO         2668    x$fpl$drleqf        fz_wm.l(drleqf.o)
    0x0001025c   0x0001025c   0x00000016   Code   RO         2643    x$fpl$drsb          fz_wm.l(daddsub_clz.o)
    0x00010272   0x00010272   0x00000002   PAD
    0x00010274   0x00010274   0x000001d4   Code   RO         2644    x$fpl$dsub          fz_wm.l(daddsub_clz.o)
    0x00010448   0x00010448   0x00000056   Code   RO         2670    x$fpl$f2d           fz_wm.l(f2d.o)
    0x0001049e   0x0001049e   0x0000008c   Code   RO         2815    x$fpl$fnaninf       fz_wm.l(fnaninf.o)
    0x0001052a   0x0001052a   0x0000000a   Code   RO         2978    x$fpl$fpinit        fz_wm.l(fpinit.o)
    0x00010534   0x00010534   0x0000000a   Code   RO         2817    x$fpl$fretinf       fz_wm.l(fretinf.o)
    0x0001053e   0x0001053e   0x00000002   PAD
    0x00010540   0x00010540   0x00000086   Code   RO         2672    x$fpl$llsfromf      fz_wm.l(ffixll.o)
    0x000105c6   0x000105c6   0x00000000   Code   RO         2821    x$fpl$usenofp       fz_wm.l(usenofp.o)
    0x000105c6   0x000105c6   0x00000002   PAD
    0x000105c8   0x000105c8   0x00000074   Data   RO          139    .constdata          arm_fir_example_f32.o
    0x0001063c   0x0001063c   0x00000004   PAD
    0x00010640   0x00010640   0x000e0bd4   Data   RO          486    .constdata          commontables.o
    0x000f1214   0x000f1214   0x00000070   Data   RO          881    .constdata          fastmathfunctions.o
    0x000f1284   0x000f1284   0x00000004   PAD
    0x000f1288   0x000f1288   0x00000058   Data   RO         2679    .constdata          m_wm.l(exp.o)
    0x000f12e0   0x000f12e0   0x00000030   Data   RO         2693    .constdata          m_wm.l(expf.o)
    0x000f1310   0x000f1310   0x00000038   Data   RO         2713    .constdata          m_wm.l(log.o)
    0x000f1348   0x000f1348   0x00000040   Data   RO         2739    .constdata          m_wm.l(logf.o)
    0x000f1388   0x000f1388   0x00000008   Data   RO         2856    .constdata          m_wm.l(qnan.o)
    0x000f1390   0x000f1390   0x00000020   Data   RO         3033    Region$$Table       anon$$obj.o


    Execution Region ER_RW (Exec base: 0x20000000, Load base: 0x000f13b0, Size: 0x00000a10, Max: 0xffffffff, ABSOLUTE, COMPRESSED[0x000001b0])

    Exec Addr    Load Addr    Size         Type   Attr      Idx    E Section Name        Object

    0x20000000   COMPRESSED   0x00000a00   Data   RW          116    .data               arm_fir_data.o
    0x20000a00   COMPRESSED   0x0000000c   Data   RW          140    .data               arm_fir_example_f32.o
    0x20000a0c   COMPRESSED   0x00000004   Data   RW         2575    .data               system_armcm4.o


    Execution Region ER_ZI (Exec base: 0x20000a10, Load base: 0x000f1560, Size: 0x00000a50, Max: 0xffffffff, ABSOLUTE)

    Exec Addr    Load Addr    Size         Type   Attr      Idx    E Section Name        Object

    0x20000a10        -       0x000005f0   Zero   RW          138    .bss                arm_fir_example_f32.o
    0x20001000        -       0x00000060   Zero   RW         2885    .bss                c_w.l(libspace.o)
    0x20001060        -       0x00000400   Zero   RW         2564    STACK               startup_armcm4.o


==============================================================================

Image component sizes


      Code (inc. data)   RO Data    RW Data    ZI Data      Debug   Object Name

         0          0          0       2560          0        609   arm_fir_data.o
       160         38        116         12       1520       1670   arm_fir_example_f32.o
      2468         14          0          0          0      51065   basicmathfunctions.o
         0          0     920532          0          0      13641   commontables.o
      4656         86        112          0          0      23251   fastmathfunctions.o
     47144         72          0          0          0     183345   filteringfunctions.o
      1416         56          0          0          0      22409   math_helper.o
        56         10        960          0       1024       1228   startup_armcm4.o
      2516         24          0          0          0      32562   supportfunctions.o
        56         18          0          4          0        849   system_armcm4.o

    ----------------------------------------------------------------------
     58472        318     921760       2576       2544     330629   Object Totals
         0          0         32          0          0          0   (incl. Generated)
         0          0          8          0          0          0   (incl. Padding)

    ----------------------------------------------------------------------

      Code (inc. data)   RO Data    RW Data    ZI Data      Debug   Library Member Name

       100          0          0          0          0          0   __dclz77c.o
         8          0          0          0          0         68   __main.o
         0          0          0          0          0          0   __rtentry.o
        12          0          0          0          0          0   __rtentry2.o
         8          4          0          0          0          0   __rtentry5.o
        52          8          0          0          0          0   __scatter.o
        28          0          0          0          0          0   __scatter_zi.o
        22          0          0          0          0        100   _rserrno.o
        18          0          0          0          0         80   exit.o
         6          0          0          0          0        152   heapauxi.o
         0          0          0          0          0          0   indicate_semi.o
         2          0          0          0          0          0   libinit.o
         6          0          0          0          0          0   libinit2.o
         2          0          0          0          0          0   libshutdown.o
         2          0          0          0          0          0   libshutdown2.o
         0          0          0          0         96          0   libspace.o
        72          0          0          0          0         76   llsdiv.o
        38          0          0          0          0         68   llshl.o
        38          0          0          0          0         68   llsshr.o
       238          0          0          0          0        100   lludivv7m.o
         8          4          0          0          0         68   rt_errno_addr_intlibspace.o
        68          0          0          0          0         68   rt_memclr.o
        78          0          0          0          0         80   rt_memclr_w.o
       100          0          0          0          0         80   rt_memcpy_w.o
         2          0          0          0          0          0   rtexit.o
        10          0          0          0          0          0   rtexit2.o
        12          4          0          0          0         68   sys_exit.o
         2          0          0          0          0         68   use_no_semi.o
        24          0          0          0          0        164   basic.o
        98          4          0          0          0        140   d2f.o
       826         16          0          0          0        492   daddsub_clz.o
        24          0          0          0          0        116   dcmpi.o
       688        140          0          0          0        256   ddiv.o
       120          4          0          0          0        140   deqf.o
        94          4          0          0          0        140   dfix.o
        46          0          0          0          0        116   dflt_clz.o
       120          4          0          0          0        140   dleqf.o
       340         12          0          0          0        152   dmul.o
       156          4          0          0          0        140   dnaninf.o
        12          0          0          0          0        116   dretinf.o
       108          0          0          0          0        128   drleqf.o
        86          4          0          0          0        132   f2d.o
       134          4          0          0          0        132   ffixll.o
       140          4          0          0          0        132   fnaninf.o
        10          0          0          0          0        116   fpinit.o
        10          0          0          0          0        116   fretinf.o
         0          0          0          0          0          0   usenofp.o
       164         44          0          0          0        620   dunder.o
       856        142         88          0          0        288   exp.o
       488         62         48          0          0        236   expf.o
        20          0          0          0          0        124   fabs.o
        48          0          0          0          0        124   fpclassify.o
        38          0          0          0          0        116   fpclassifyf.o
        74         24          0          0          0        580   funder.o
       980         92         56          0          0        440   log.o
       304         44          0          0          0        200   log10.o
       364         44         64          0          0        140   logf.o
       248          0          0          0          0        152   poly.o
         0          0          8          0          0          0   qnan.o

    ----------------------------------------------------------------------
      7584        676        264          0         96       7032   Library Totals
        32          4          0          0          0          0   (incl. Padding)

    ----------------------------------------------------------------------

      Code (inc. data)   RO Data    RW Data    ZI Data      Debug   Library Name

       932         20          0          0         96       1144   c_w.l
      3036        200          0          0          0       2868   fz_wm.l
      3584        452        264          0          0       3020   m_wm.l

    ----------------------------------------------------------------------
      7584        676        264          0         96       7032   Library Totals

    ----------------------------------------------------------------------

==============================================================================


      Code (inc. data)   RO Data    RW Data    ZI Data      Debug   

     66056        994     922024       2576       2640     331641   Grand Totals
     66056        994     922024        432       2640     331641   ELF Image Totals (compressed)
     66056        994     922024        432          0          0   ROM Totals

==============================================================================

    Total RO  Size (Code + RO Data)               988080 ( 964.92kB)
    Total RW  Size (RW Data + ZI Data)              5216 (   5.09kB)
    Total ROM Size (Code + RO Data + RW Data)     988512 ( 965.34kB)

==============================================================================

