Component: ARM Compiler 6.16 Tool: armlink [5dfeaa00]

==============================================================================

Section Cross References

    math_helper.o(.text) refers to f2d.o(x$fpl$f2d) for __aeabi_f2d
    math_helper.o(.text) refers to log10.o(i.__hardfp_log10) for __hardfp_log10
    math_helper.o(.text) refers to dmul.o(x$fpl$dmul) for __aeabi_dmul
    math_helper.o(.text) refers to d2f.o(x$fpl$d2f) for __aeabi_d2f
    math_helper.o(.text) refers to dflt_clz.o(x$fpl$dflt) for __aeabi_i2d
    math_helper.o(.text) refers to daddsub_clz.o(x$fpl$dadd) for __aeabi_dadd
    math_helper.o(.text) refers to dfix.o(x$fpl$dfix) for __aeabi_d2iz
    math_helper.o(.ARM.exidx) refers to math_helper.o(.text) for [Anonymous Symbol]
    arm_fir_example_f32.o(.text) refers to arm_fir_example_f32.o(.data.blockSize) for blockSize
    arm_fir_example_f32.o(.text) refers to arm_fir_example_f32.o(.rodata.firCoeffs32) for firCoeffs32
    arm_fir_example_f32.o(.text) refers to arm_fir_example_f32.o(.bss.firStateF32) for firStateF32
    arm_fir_example_f32.o(.text) refers to arm_fir_init_f32.o(.text) for arm_fir_init_f32
    arm_fir_example_f32.o(.text) refers to arm_fir_example_f32.o(.data.numBlocks) for numBlocks
    arm_fir_example_f32.o(.text) refers to arm_fir_data.o(.data.testInput_f32_1kHz_15kHz) for testInput_f32_1kHz_15kHz
    arm_fir_example_f32.o(.text) refers to arm_fir_example_f32.o(.bss.testOutput) for testOutput
    arm_fir_example_f32.o(.text) refers to arm_fir_f32.o(.text) for arm_fir_f32
    arm_fir_example_f32.o(.text) refers to arm_fir_data.o(.data.refOutput) for refOutput
    arm_fir_example_f32.o(.text) refers to math_helper.o(.text) for arm_snr_f32
    arm_fir_example_f32.o(.text) refers to arm_fir_example_f32.o(.bss.snr) for snr
    arm_fir_example_f32.o(.ARM.exidx) refers to arm_fir_example_f32.o(.text) for [Anonymous Symbol]
    startup_stm32f407xx.o(STACK) refers (Special) to heapauxi.o(.text) for __use_two_region_memory
    startup_stm32f407xx.o(HEAP) refers (Special) to heapauxi.o(.text) for __use_two_region_memory
    startup_stm32f407xx.o(RESET) refers (Special) to heapauxi.o(.text) for __use_two_region_memory
    startup_stm32f407xx.o(RESET) refers to startup_stm32f407xx.o(STACK) for __initial_sp
    startup_stm32f407xx.o(RESET) refers to startup_stm32f407xx.o(.text) for Reset_Handler
    startup_stm32f407xx.o(.text) refers (Special) to heapauxi.o(.text) for __use_two_region_memory
    startup_stm32f407xx.o(.text) refers to system_stm32f4xx.o(.text) for SystemInit
    startup_stm32f407xx.o(.text) refers to __main.o(!!!main) for __main
    startup_stm32f407xx.o(.text) refers to startup_stm32f407xx.o(HEAP) for Heap_Mem
    startup_stm32f407xx.o(.text) refers to startup_stm32f407xx.o(STACK) for Stack_Mem
    system_stm32f4xx.o(.text) refers to system_stm32f4xx.o(.data.SystemCoreClock) for SystemCoreClock
    system_stm32f4xx.o(.text) refers to system_stm32f4xx.o(.rodata.AHBPrescTable) for AHBPrescTable
    system_stm32f4xx.o(.ARM.exidx) refers to system_stm32f4xx.o(.text) for [Anonymous Symbol]
    arm_fir_f32.o(.ARM.exidx) refers to arm_fir_f32.o(.text) for [Anonymous Symbol]
    arm_fir_init_f32.o(.text) refers to rt_memclr_w.o(.text) for __aeabi_memclr4
    arm_fir_init_f32.o(.ARM.exidx) refers to arm_fir_init_f32.o(.text) for [Anonymous Symbol]
    __main.o(!!!main) refers to __rtentry.o(.ARM.Collect$$rtentry$$00000000) for __rt_entry
    d2f.o(x$fpl$d2f) refers (Special) to usenofp.o(x$fpl$usenofp) for __I$use$fp
    d2f.o(x$fpl$d2f) refers to fretinf.o(x$fpl$fretinf) for __fpl_fretinf
    d2f.o(x$fpl$d2f) refers to dnaninf.o(x$fpl$dnaninf) for __fpl_dnaninf
    daddsub_clz.o(x$fpl$dadd) refers (Special) to usenofp.o(x$fpl$usenofp) for __I$use$fp
    daddsub_clz.o(x$fpl$dadd) refers to daddsub_clz.o(x$fpl$dsub) for _dsub1
    daddsub_clz.o(x$fpl$dadd) refers to dretinf.o(x$fpl$dretinf) for __fpl_dretinf
    daddsub_clz.o(x$fpl$dadd) refers to dnaninf.o(x$fpl$dnaninf) for __fpl_dnaninf
    daddsub_clz.o(x$fpl$drsb) refers (Special) to usenofp.o(x$fpl$usenofp) for __I$use$fp
    daddsub_clz.o(x$fpl$drsb) refers to daddsub_clz.o(x$fpl$dadd) for _dadd1
    daddsub_clz.o(x$fpl$drsb) refers to daddsub_clz.o(x$fpl$dsub) for _dsub1
    daddsub_clz.o(x$fpl$dsub) refers (Special) to usenofp.o(x$fpl$usenofp) for __I$use$fp
    daddsub_clz.o(x$fpl$dsub) refers to daddsub_clz.o(x$fpl$dadd) for _dadd1
    daddsub_clz.o(x$fpl$dsub) refers to dnaninf.o(x$fpl$dnaninf) for __fpl_dnaninf
    dfix.o(x$fpl$dfix) refers (Special) to usenofp.o(x$fpl$usenofp) for __I$use$fp
    dfix.o(x$fpl$dfix) refers to dnaninf.o(x$fpl$dnaninf) for __fpl_dnaninf
    dfix.o(x$fpl$dfixr) refers (Special) to usenofp.o(x$fpl$usenofp) for __I$use$fp
    dfix.o(x$fpl$dfixr) refers to dnaninf.o(x$fpl$dnaninf) for __fpl_dnaninf
    dflt_clz.o(x$fpl$dfltu) refers (Special) to usenofp.o(x$fpl$usenofp) for __I$use$fp
    dflt_clz.o(x$fpl$dflt) refers (Special) to usenofp.o(x$fpl$usenofp) for __I$use$fp
    dflt_clz.o(x$fpl$dfltn) refers (Special) to usenofp.o(x$fpl$usenofp) for __I$use$fp
    dmul.o(x$fpl$dmul) refers (Special) to usenofp.o(x$fpl$usenofp) for __I$use$fp
    dmul.o(x$fpl$dmul) refers to dretinf.o(x$fpl$dretinf) for __fpl_dretinf
    dmul.o(x$fpl$dmul) refers to dnaninf.o(x$fpl$dnaninf) for __fpl_dnaninf
    f2d.o(x$fpl$f2d) refers (Special) to usenofp.o(x$fpl$usenofp) for __I$use$fp
    f2d.o(x$fpl$f2d) refers to fnaninf.o(x$fpl$fnaninf) for __fpl_fnaninf
    f2d.o(x$fpl$f2d) refers to dretinf.o(x$fpl$dretinf) for __fpl_dretinf
    log10.o(i.__hardfp_log10) refers (Special) to usenofp.o(x$fpl$usenofp) for __I$use$fp
    log10.o(i.__hardfp_log10) refers to dunder.o(i.__mathlib_dbl_infnan) for __mathlib_dbl_infnan
    log10.o(i.__hardfp_log10) refers to _rserrno.o(.text) for __set_errno
    log10.o(i.__hardfp_log10) refers to dunder.o(i.__mathlib_dbl_invalid) for __mathlib_dbl_invalid
    log10.o(i.__hardfp_log10) refers to dunder.o(i.__mathlib_dbl_divzero) for __mathlib_dbl_divzero
    log10.o(i.__hardfp_log10) refers to basic.o(x$fpl$basic) for __aeabi_dneg
    log10.o(i.__hardfp_log10) refers to dmul.o(x$fpl$dmul) for __aeabi_dmul
    log10.o(i.__hardfp_log10) refers to dflt_clz.o(x$fpl$dflt) for __aeabi_i2d
    log10.o(i.__hardfp_log10) refers to log.o(i.log) for log
    log10.o(i.__hardfp_log10) refers to daddsub_clz.o(x$fpl$dadd) for __aeabi_dadd
    log10.o(i.__softfp_log10) refers (Special) to usenofp.o(x$fpl$usenofp) for __I$use$fp
    log10.o(i.__softfp_log10) refers to log10.o(i.__hardfp_log10) for __hardfp_log10
    log10.o(i.log10) refers (Special) to usenofp.o(x$fpl$usenofp) for __I$use$fp
    log10.o(i.log10) refers to log10.o(i.__hardfp_log10) for __hardfp_log10
    __rtentry.o(.ARM.Collect$$rtentry$$00000000) refers (Special) to __rtentry2.o(.ARM.Collect$$rtentry$$0000000A) for __rt_entry_li
    __rtentry.o(.ARM.Collect$$rtentry$$00000000) refers (Special) to __rtentry2.o(.ARM.Collect$$rtentry$$0000000D) for __rt_entry_main
    __rtentry.o(.ARM.Collect$$rtentry$$00000000) refers (Special) to __rtentry2.o(.ARM.Collect$$rtentry$$0000000C) for __rt_entry_postli_1
    __rtentry.o(.ARM.Collect$$rtentry$$00000000) refers (Special) to __rtentry2.o(.ARM.Collect$$rtentry$$00000009) for __rt_entry_postsh_1
    __rtentry.o(.ARM.Collect$$rtentry$$00000000) refers (Special) to __rtentry2.o(.ARM.Collect$$rtentry$$00000002) for __rt_entry_presh_1
    __rtentry.o(.ARM.Collect$$rtentry$$00000000) refers (Special) to __rtentry4.o(.ARM.Collect$$rtentry$$00000004) for __rt_entry_sh
    _rserrno.o(.text) refers to rt_errno_addr_intlibspace.o(.text) for __aeabi_errno_addr
    basic.o(x$fpl$basic) refers (Special) to usenofp.o(x$fpl$usenofp) for __I$use$fp
    dnaninf.o(x$fpl$dnaninf) refers (Special) to usenofp.o(x$fpl$usenofp) for __I$use$fp
    dretinf.o(x$fpl$dretinf) refers (Special) to usenofp.o(x$fpl$usenofp) for __I$use$fp
    fnaninf.o(x$fpl$fnaninf) refers (Special) to usenofp.o(x$fpl$usenofp) for __I$use$fp
    fretinf.o(x$fpl$fretinf) refers (Special) to usenofp.o(x$fpl$usenofp) for __I$use$fp
    dunder.o(i.__mathlib_dbl_divzero) refers to ddiv.o(x$fpl$ddiv) for __aeabi_ddiv
    dunder.o(i.__mathlib_dbl_infnan) refers to daddsub_clz.o(x$fpl$dadd) for __aeabi_dadd
    dunder.o(i.__mathlib_dbl_infnan2) refers to daddsub_clz.o(x$fpl$dadd) for __aeabi_dadd
    dunder.o(i.__mathlib_dbl_invalid) refers to ddiv.o(x$fpl$ddiv) for __aeabi_ddiv
    dunder.o(i.__mathlib_dbl_overflow) refers to dmul.o(x$fpl$dmul) for __aeabi_dmul
    dunder.o(i.__mathlib_dbl_posinfnan) refers to dmul.o(x$fpl$dmul) for __aeabi_dmul
    dunder.o(i.__mathlib_dbl_underflow) refers to dmul.o(x$fpl$dmul) for __aeabi_dmul
    log.o(i.__hardfp_log) refers (Special) to usenofp.o(x$fpl$usenofp) for __I$use$fp
    log.o(i.__hardfp_log) refers to dunder.o(i.__mathlib_dbl_infnan) for __mathlib_dbl_infnan
    log.o(i.__hardfp_log) refers to _rserrno.o(.text) for __set_errno
    log.o(i.__hardfp_log) refers to dunder.o(i.__mathlib_dbl_invalid) for __mathlib_dbl_invalid
    log.o(i.__hardfp_log) refers to dunder.o(i.__mathlib_dbl_divzero) for __mathlib_dbl_divzero
    log.o(i.__hardfp_log) refers to basic.o(x$fpl$basic) for __aeabi_dneg
    log.o(i.__hardfp_log) refers to dmul.o(x$fpl$dmul) for __aeabi_dmul
    log.o(i.__hardfp_log) refers to daddsub_clz.o(x$fpl$dsub) for __aeabi_dsub
    log.o(i.__hardfp_log) refers to deqf.o(x$fpl$deqf) for __aeabi_cdcmpeq
    log.o(i.__hardfp_log) refers to dflt_clz.o(x$fpl$dflt) for __aeabi_i2d
    log.o(i.__hardfp_log) refers to daddsub_clz.o(x$fpl$dadd) for __aeabi_dadd
    log.o(i.__hardfp_log) refers to daddsub_clz.o(x$fpl$drsb) for __aeabi_drsub
    log.o(i.__hardfp_log) refers to ddiv.o(x$fpl$ddiv) for __aeabi_ddiv
    log.o(i.__hardfp_log) refers to poly.o(i.__kernel_poly) for __kernel_poly
    log.o(i.__hardfp_log) refers to qnan.o(.constdata) for __mathlib_zero
    log.o(i.__hardfp_log) refers to log.o(.constdata) for .constdata
    log.o(i.__softfp_log) refers (Special) to usenofp.o(x$fpl$usenofp) for __I$use$fp
    log.o(i.__softfp_log) refers to log.o(i.__hardfp_log) for __hardfp_log
    log.o(i.log) refers (Special) to usenofp.o(x$fpl$usenofp) for __I$use$fp
    log.o(i.log) refers to log.o(i.__hardfp_log) for __hardfp_log
    log.o(.constdata) refers (Special) to usenofp.o(x$fpl$usenofp) for __I$use$fp
    __rtentry2.o(.ARM.Collect$$rtentry$$00000008) refers to boardinit2.o(.text) for _platform_post_stackheap_init
    __rtentry2.o(.ARM.Collect$$rtentry$$0000000A) refers to libinit.o(.ARM.Collect$$libinit$$00000000) for __rt_lib_init
    __rtentry2.o(.ARM.Collect$$rtentry$$0000000B) refers to boardinit3.o(.text) for _platform_post_lib_init
    __rtentry2.o(.ARM.Collect$$rtentry$$0000000D) refers to arm_fir_example_f32.o(.text) for main
    __rtentry2.o(.ARM.Collect$$rtentry$$0000000D) refers to exit.o(.text) for exit
    __rtentry2.o(.ARM.exidx) refers to __rtentry2.o(.ARM.Collect$$rtentry$$00000001) for .ARM.Collect$$rtentry$$00000001
    __rtentry2.o(.ARM.exidx) refers to __rtentry2.o(.ARM.Collect$$rtentry$$00000008) for .ARM.Collect$$rtentry$$00000008
    __rtentry2.o(.ARM.exidx) refers to __rtentry2.o(.ARM.Collect$$rtentry$$0000000A) for .ARM.Collect$$rtentry$$0000000A
    __rtentry2.o(.ARM.exidx) refers to __rtentry2.o(.ARM.Collect$$rtentry$$0000000B) for .ARM.Collect$$rtentry$$0000000B
    __rtentry2.o(.ARM.exidx) refers to __rtentry2.o(.ARM.Collect$$rtentry$$0000000D) for .ARM.Collect$$rtentry$$0000000D
    __rtentry4.o(.ARM.Collect$$rtentry$$00000004) refers to sys_stackheap_outer.o(.text) for __user_setup_stackheap
    __rtentry4.o(.ARM.exidx) refers to __rtentry4.o(.ARM.Collect$$rtentry$$00000004) for .ARM.Collect$$rtentry$$00000004
    rt_errno_addr.o(.text) refers to rt_errno_addr.o(.bss) for __aeabi_errno_addr_data
    rt_errno_addr_intlibspace.o(.text) refers to libspace.o(.bss) for __libspace_start
    ddiv.o(x$fpl$drdiv) refers (Special) to usenofp.o(x$fpl$usenofp) for __I$use$fp
    ddiv.o(x$fpl$drdiv) refers to ddiv.o(x$fpl$ddiv) for ddiv_entry
    ddiv.o(x$fpl$ddiv) refers (Special) to usenofp.o(x$fpl$usenofp) for __I$use$fp
    ddiv.o(x$fpl$ddiv) refers to dretinf.o(x$fpl$dretinf) for __fpl_dretinf
    ddiv.o(x$fpl$ddiv) refers to dnaninf.o(x$fpl$dnaninf) for __fpl_dnaninf
    deqf.o(x$fpl$deqf) refers (Special) to usenofp.o(x$fpl$usenofp) for __I$use$fp
    deqf.o(x$fpl$deqf) refers to dnaninf.o(x$fpl$dnaninf) for __fpl_dnaninf
    deqf.o(x$fpl$deqf) refers to dcmpi.o(x$fpl$dcmpinf) for __fpl_dcmp_Inf
    poly.o(i.__kernel_poly) refers (Special) to usenofp.o(x$fpl$usenofp) for __I$use$fp
    poly.o(i.__kernel_poly) refers to dmul.o(x$fpl$dmul) for __aeabi_dmul
    poly.o(i.__kernel_poly) refers to daddsub_clz.o(x$fpl$dadd) for __aeabi_dadd
    qnan.o(.constdata) refers (Special) to usenofp.o(x$fpl$usenofp) for __I$use$fp
    libspace.o(.text) refers to libspace.o(.bss) for __libspace_start
    sys_stackheap_outer.o(.text) refers to libspace.o(.text) for __user_perproc_libspace
    sys_stackheap_outer.o(.text) refers to startup_stm32f407xx.o(.text) for __user_initial_stackheap
    exit.o(.text) refers to rtexit.o(.ARM.Collect$$rtexit$$00000000) for __rt_exit
    libinit.o(.ARM.Collect$$libinit$$00000000) refers (Special) to libinit2.o(.ARM.Collect$$libinit$$0000002E) for __rt_lib_init_alloca_1
    libinit.o(.ARM.Collect$$libinit$$00000000) refers (Special) to libinit2.o(.ARM.Collect$$libinit$$0000002C) for __rt_lib_init_argv_1
    libinit.o(.ARM.Collect$$libinit$$00000000) refers (Special) to libinit2.o(.ARM.Collect$$libinit$$0000001B) for __rt_lib_init_atexit_1
    libinit.o(.ARM.Collect$$libinit$$00000000) refers (Special) to libinit2.o(.ARM.Collect$$libinit$$00000021) for __rt_lib_init_clock_1
    libinit.o(.ARM.Collect$$libinit$$00000000) refers (Special) to libinit2.o(.ARM.Collect$$libinit$$00000032) for __rt_lib_init_cpp_1
    libinit.o(.ARM.Collect$$libinit$$00000000) refers (Special) to libinit2.o(.ARM.Collect$$libinit$$00000030) for __rt_lib_init_exceptions_1
    libinit.o(.ARM.Collect$$libinit$$00000000) refers (Special) to libinit2.o(.ARM.Collect$$libinit$$00000001) for __rt_lib_init_fp_1
    libinit.o(.ARM.Collect$$libinit$$00000000) refers (Special) to libinit2.o(.ARM.Collect$$libinit$$0000001F) for __rt_lib_init_fp_trap_1
    libinit.o(.ARM.Collect$$libinit$$00000000) refers (Special) to libinit2.o(.ARM.Collect$$libinit$$00000023) for __rt_lib_init_getenv_1
    libinit.o(.ARM.Collect$$libinit$$00000000) refers (Special) to libinit2.o(.ARM.Collect$$libinit$$0000000A) for __rt_lib_init_heap_1
    libinit.o(.ARM.Collect$$libinit$$00000000) refers (Special) to libinit2.o(.ARM.Collect$$libinit$$00000011) for __rt_lib_init_lc_collate_1
    libinit.o(.ARM.Collect$$libinit$$00000000) refers (Special) to libinit2.o(.ARM.Collect$$libinit$$00000013) for __rt_lib_init_lc_ctype_1
    libinit.o(.ARM.Collect$$libinit$$00000000) refers (Special) to libinit2.o(.ARM.Collect$$libinit$$00000015) for __rt_lib_init_lc_monetary_1
    libinit.o(.ARM.Collect$$libinit$$00000000) refers (Special) to libinit2.o(.ARM.Collect$$libinit$$00000017) for __rt_lib_init_lc_numeric_1
    libinit.o(.ARM.Collect$$libinit$$00000000) refers (Special) to libinit2.o(.ARM.Collect$$libinit$$00000019) for __rt_lib_init_lc_time_1
    libinit.o(.ARM.Collect$$libinit$$00000000) refers (Special) to libinit2.o(.ARM.Collect$$libinit$$00000004) for __rt_lib_init_preinit_1
    libinit.o(.ARM.Collect$$libinit$$00000000) refers (Special) to libinit2.o(.ARM.Collect$$libinit$$0000000E) for __rt_lib_init_rand_1
    libinit.o(.ARM.Collect$$libinit$$00000000) refers (Special) to libinit2.o(.ARM.Collect$$libinit$$00000033) for __rt_lib_init_return
    libinit.o(.ARM.Collect$$libinit$$00000000) refers (Special) to libinit2.o(.ARM.Collect$$libinit$$0000001D) for __rt_lib_init_signal_1
    libinit.o(.ARM.Collect$$libinit$$00000000) refers (Special) to libinit2.o(.ARM.Collect$$libinit$$00000025) for __rt_lib_init_stdio_1
    libinit.o(.ARM.Collect$$libinit$$00000000) refers (Special) to libinit2.o(.ARM.Collect$$libinit$$0000000C) for __rt_lib_init_user_alloc_1
    dcmpi.o(x$fpl$dcmpinf) refers (Special) to usenofp.o(x$fpl$usenofp) for __I$use$fp
    rtexit.o(.ARM.Collect$$rtexit$$00000000) refers (Special) to rtexit2.o(.ARM.Collect$$rtexit$$00000004) for __rt_exit_exit
    rtexit.o(.ARM.Collect$$rtexit$$00000000) refers (Special) to rtexit2.o(.ARM.Collect$$rtexit$$00000003) for __rt_exit_ls
    rtexit.o(.ARM.Collect$$rtexit$$00000000) refers (Special) to rtexit2.o(.ARM.Collect$$rtexit$$00000002) for __rt_exit_prels_1
    rtexit.o(.ARM.exidx) refers (Special) to rtexit2.o(.ARM.Collect$$rtexit$$00000004) for __rt_exit_exit
    rtexit.o(.ARM.exidx) refers (Special) to rtexit2.o(.ARM.Collect$$rtexit$$00000003) for __rt_exit_ls
    rtexit.o(.ARM.exidx) refers (Special) to rtexit2.o(.ARM.Collect$$rtexit$$00000002) for __rt_exit_prels_1
    rtexit.o(.ARM.exidx) refers to rtexit.o(.ARM.Collect$$rtexit$$00000000) for .ARM.Collect$$rtexit$$00000000
    libinit2.o(.ARM.Collect$$libinit$$00000001) refers to fpinit.o(x$fpl$fpinit) for _fp_init
    libinit2.o(.ARM.Collect$$libinit$$00000010) refers to libinit2.o(.ARM.Collect$$libinit$$0000000F) for .ARM.Collect$$libinit$$0000000F
    libinit2.o(.ARM.Collect$$libinit$$00000012) refers to libinit2.o(.ARM.Collect$$libinit$$0000000F) for .ARM.Collect$$libinit$$0000000F
    libinit2.o(.ARM.Collect$$libinit$$00000014) refers to libinit2.o(.ARM.Collect$$libinit$$0000000F) for .ARM.Collect$$libinit$$0000000F
    libinit2.o(.ARM.Collect$$libinit$$00000016) refers to libinit2.o(.ARM.Collect$$libinit$$0000000F) for .ARM.Collect$$libinit$$0000000F
    libinit2.o(.ARM.Collect$$libinit$$00000018) refers to libinit2.o(.ARM.Collect$$libinit$$0000000F) for .ARM.Collect$$libinit$$0000000F
    libinit2.o(.ARM.Collect$$libinit$$00000026) refers to argv_veneer.o(.emb_text) for __ARM_argv_veneer
    libinit2.o(.ARM.Collect$$libinit$$00000027) refers to argv_veneer.o(.emb_text) for __ARM_argv_veneer
    rtexit2.o(.ARM.Collect$$rtexit$$00000003) refers to libshutdown.o(.ARM.Collect$$libshutdown$$00000000) for __rt_lib_shutdown
    rtexit2.o(.ARM.Collect$$rtexit$$00000004) refers to sys_exit.o(.text) for _sys_exit
    rtexit2.o(.ARM.exidx) refers to rtexit2.o(.ARM.Collect$$rtexit$$00000001) for .ARM.Collect$$rtexit$$00000001
    rtexit2.o(.ARM.exidx) refers to rtexit2.o(.ARM.Collect$$rtexit$$00000003) for .ARM.Collect$$rtexit$$00000003
    rtexit2.o(.ARM.exidx) refers to rtexit2.o(.ARM.Collect$$rtexit$$00000004) for .ARM.Collect$$rtexit$$00000004
    argv_veneer.o(.emb_text) refers to no_argv.o(.text) for __ARM_get_argv
    sys_exit.o(.text) refers (Special) to use_no_semi.o(.text) for __I$use$semihosting
    sys_exit.o(.text) refers (Special) to indicate_semi.o(.text) for __semihosting_library_function
    sys_exit_hlt.o(.text) refers (Special) to use_no_semi.o(.text) for __I$use$semihosting
    sys_exit_hlt.o(.text) refers (Special) to indicate_semi.o(.text) for __semihosting_library_function
    _get_argv_nomalloc.o(.text) refers (Special) to hrguard.o(.text) for __heap_region$guard
    _get_argv_nomalloc.o(.text) refers to defsig_rtmem_outer.o(.text) for __rt_SIGRTMEM
    _get_argv_nomalloc.o(.text) refers to sys_command.o(.text) for _sys_command_string
    libshutdown.o(.ARM.Collect$$libshutdown$$00000000) refers (Special) to libshutdown2.o(.ARM.Collect$$libshutdown$$00000002) for __rt_lib_shutdown_cpp_1
    libshutdown.o(.ARM.Collect$$libshutdown$$00000000) refers (Special) to libshutdown2.o(.ARM.Collect$$libshutdown$$00000007) for __rt_lib_shutdown_fp_trap_1
    libshutdown.o(.ARM.Collect$$libshutdown$$00000000) refers (Special) to libshutdown2.o(.ARM.Collect$$libshutdown$$0000000F) for __rt_lib_shutdown_heap_1
    libshutdown.o(.ARM.Collect$$libshutdown$$00000000) refers (Special) to libshutdown2.o(.ARM.Collect$$libshutdown$$00000010) for __rt_lib_shutdown_return
    libshutdown.o(.ARM.Collect$$libshutdown$$00000000) refers (Special) to libshutdown2.o(.ARM.Collect$$libshutdown$$0000000A) for __rt_lib_shutdown_signal_1
    libshutdown.o(.ARM.Collect$$libshutdown$$00000000) refers (Special) to libshutdown2.o(.ARM.Collect$$libshutdown$$00000004) for __rt_lib_shutdown_stdio_1
    libshutdown.o(.ARM.Collect$$libshutdown$$00000000) refers (Special) to libshutdown2.o(.ARM.Collect$$libshutdown$$0000000C) for __rt_lib_shutdown_user_alloc_1
    sys_command.o(.text) refers (Special) to use_no_semi.o(.text) for __I$use$semihosting
    sys_command.o(.text) refers (Special) to indicate_semi.o(.text) for __semihosting_library_function
    sys_command_hlt.o(.text) refers (Special) to use_no_semi.o(.text) for __I$use$semihosting
    sys_command_hlt.o(.text) refers (Special) to indicate_semi.o(.text) for __semihosting_library_function
    defsig_rtmem_outer.o(.text) refers to defsig_rtmem_inner.o(.text) for __rt_SIGRTMEM_inner
    defsig_rtmem_outer.o(.text) refers to defsig_exit.o(.text) for __sig_exit
    defsig_rtmem_formal.o(.text) refers to rt_raise.o(.text) for __rt_raise
    rt_raise.o(.text) refers to __raise.o(.text) for __raise
    rt_raise.o(.text) refers to sys_exit.o(.text) for _sys_exit
    defsig_exit.o(.text) refers to sys_exit.o(.text) for _sys_exit
    defsig_rtmem_inner.o(.text) refers to defsig_general.o(.text) for __default_signal_display
    __raise.o(.text) refers to defsig.o(CL$$defsig) for __default_signal_handler
    defsig_general.o(.text) refers to sys_wrch.o(.text) for _ttywrch
    sys_wrch.o(.text) refers (Special) to use_no_semi.o(.text) for __I$use$semihosting
    sys_wrch.o(.text) refers (Special) to indicate_semi.o(.text) for __semihosting_library_function
    sys_wrch_hlt.o(.text) refers (Special) to use_no_semi.o(.text) for __I$use$semihosting
    sys_wrch_hlt.o(.text) refers (Special) to indicate_semi.o(.text) for __semihosting_library_function
    defsig.o(CL$$defsig) refers to defsig_rtmem_inner.o(.text) for __rt_SIGRTMEM_inner
    defsig_abrt_inner.o(.text) refers to defsig_general.o(.text) for __default_signal_display
    defsig_fpe_inner.o(.text) refers to defsig_general.o(.text) for __default_signal_display
    defsig_rtred_inner.o(.text) refers to defsig_general.o(.text) for __default_signal_display
    defsig_stak_inner.o(.text) refers to defsig_general.o(.text) for __default_signal_display
    defsig_pvfn_inner.o(.text) refers to defsig_general.o(.text) for __default_signal_display
    defsig_cppl_inner.o(.text) refers to defsig_general.o(.text) for __default_signal_display
    defsig_segv_inner.o(.text) refers to defsig_general.o(.text) for __default_signal_display
    defsig_other.o(.text) refers to defsig_general.o(.text) for __default_signal_display


==============================================================================

Removing Unused input sections from the image.

    Removing math_helper.o(.ARM.exidx), (112 bytes).
    Removing arm_fir_data.o(.text), (0 bytes).
    Removing arm_fir_example_f32.o(.ARM.exidx), (8 bytes).
    Removing arm_fir_example_f32.o(.ARM.use_no_argv), (4 bytes).
    Removing system_stm32f4xx.o(.ARM.exidx), (16 bytes).
    Removing system_stm32f4xx.o(.rodata.APBPrescTable), (8 bytes).
    Removing arm_fir_f32.o(.ARM.exidx), (8 bytes).
    Removing arm_fir_init_f32.o(.ARM.exidx), (8 bytes).

8 unused section(s) (total 164 bytes) removed from the image.

==============================================================================

Image Symbol Table

    Local Symbols

    Symbol Name                              Value     Ov Type        Size  Object(Section)

    ../clib/angel/boardlib.s                 0x00000000   Number         0  boardinit1.o ABSOLUTE
    ../clib/angel/boardlib.s                 0x00000000   Number         0  boardinit2.o ABSOLUTE
    ../clib/angel/boardlib.s                 0x00000000   Number         0  boardinit3.o ABSOLUTE
    ../clib/angel/boardlib.s                 0x00000000   Number         0  boardshut.o ABSOLUTE
    ../clib/angel/dclz77c.s                  0x00000000   Number         0  __dclz77c.o ABSOLUTE
    ../clib/angel/handlers.s                 0x00000000   Number         0  __scatter_zi.o ABSOLUTE
    ../clib/angel/kernel.s                   0x00000000   Number         0  __rtentry.o ABSOLUTE
    ../clib/angel/kernel.s                   0x00000000   Number         0  __rtentry2.o ABSOLUTE
    ../clib/angel/kernel.s                   0x00000000   Number         0  __rtentry4.o ABSOLUTE
    ../clib/angel/kernel.s                   0x00000000   Number         0  rtexit.o ABSOLUTE
    ../clib/angel/kernel.s                   0x00000000   Number         0  rtexit2.o ABSOLUTE
    ../clib/angel/rt.s                       0x00000000   Number         0  rt_errno_addr.o ABSOLUTE
    ../clib/angel/rt.s                       0x00000000   Number         0  rt_errno_addr_intlibspace.o ABSOLUTE
    ../clib/angel/rt.s                       0x00000000   Number         0  rt_raise.o ABSOLUTE
    ../clib/angel/scatter.s                  0x00000000   Number         0  __scatter.o ABSOLUTE
    ../clib/angel/startup.s                  0x00000000   Number         0  __main.o ABSOLUTE
    ../clib/angel/sys.s                      0x00000000   Number         0  libspace.o ABSOLUTE
    ../clib/angel/sys.s                      0x00000000   Number         0  sys_stackheap_outer.o ABSOLUTE
    ../clib/angel/sys.s                      0x00000000   Number         0  use_no_semi.o ABSOLUTE
    ../clib/angel/sys.s                      0x00000000   Number         0  indicate_semi.o ABSOLUTE
    ../clib/angel/sysapp.c                   0x00000000   Number         0  sys_exit.o ABSOLUTE
    ../clib/angel/sysapp.c                   0x00000000   Number         0  sys_exit_hlt.o ABSOLUTE
    ../clib/angel/sysapp.c                   0x00000000   Number         0  sys_command.o ABSOLUTE
    ../clib/angel/sysapp.c                   0x00000000   Number         0  sys_command_hlt.o ABSOLUTE
    ../clib/angel/sysapp.c                   0x00000000   Number         0  sys_wrch.o ABSOLUTE
    ../clib/angel/sysapp.c                   0x00000000   Number         0  sys_wrch_hlt.o ABSOLUTE
    ../clib/armsys.c                         0x00000000   Number         0  argv_veneer.o ABSOLUTE
    ../clib/armsys.c                         0x00000000   Number         0  argv_veneer.o ABSOLUTE
    ../clib/armsys.c                         0x00000000   Number         0  _get_argv_nomalloc.o ABSOLUTE
    ../clib/armsys.c                         0x00000000   Number         0  no_argv.o ABSOLUTE
    ../clib/fenv.c                           0x00000000   Number         0  _rserrno.o ABSOLUTE
    ../clib/heapalloc.c                      0x00000000   Number         0  hrguard.o ABSOLUTE
    ../clib/heapaux.c                        0x00000000   Number         0  heapauxi.o ABSOLUTE
    ../clib/libinit.s                        0x00000000   Number         0  libinit.o ABSOLUTE
    ../clib/libinit.s                        0x00000000   Number         0  libinit2.o ABSOLUTE
    ../clib/libinit.s                        0x00000000   Number         0  libshutdown.o ABSOLUTE
    ../clib/libinit.s                        0x00000000   Number         0  libshutdown2.o ABSOLUTE
    ../clib/memcpset.s                       0x00000000   Number         0  rt_memclr_w.o ABSOLUTE
    ../clib/signal.c                         0x00000000   Number         0  defsig_rtmem_outer.o ABSOLUTE
    ../clib/signal.c                         0x00000000   Number         0  defsig_rtmem_formal.o ABSOLUTE
    ../clib/signal.c                         0x00000000   Number         0  defsig_exit.o ABSOLUTE
    ../clib/signal.c                         0x00000000   Number         0  defsig_rtmem_inner.o ABSOLUTE
    ../clib/signal.c                         0x00000000   Number         0  __raise.o ABSOLUTE
    ../clib/signal.c                         0x00000000   Number         0  defsig_general.o ABSOLUTE
    ../clib/signal.c                         0x00000000   Number         0  defsig_abrt_inner.o ABSOLUTE
    ../clib/signal.c                         0x00000000   Number         0  defsig_fpe_inner.o ABSOLUTE
    ../clib/signal.c                         0x00000000   Number         0  defsig_rtred_inner.o ABSOLUTE
    ../clib/signal.c                         0x00000000   Number         0  defsig_stak_inner.o ABSOLUTE
    ../clib/signal.c                         0x00000000   Number         0  defsig_pvfn_inner.o ABSOLUTE
    ../clib/signal.c                         0x00000000   Number         0  defsig_cppl_inner.o ABSOLUTE
    ../clib/signal.c                         0x00000000   Number         0  defsig_segv_inner.o ABSOLUTE
    ../clib/signal.c                         0x00000000   Number         0  defsig_other.o ABSOLUTE
    ../clib/signal.s                         0x00000000   Number         0  defsig.o ABSOLUTE
    ../clib/stdlib.c                         0x00000000   Number         0  exit.o ABSOLUTE
    ../fplib/basic.s                         0x00000000   Number         0  basic.o ABSOLUTE
    ../fplib/d2f.s                           0x00000000   Number         0  d2f.o ABSOLUTE
    ../fplib/daddsub.s                       0x00000000   Number         0  daddsub_clz.o ABSOLUTE
    ../fplib/dcmpi.s                         0x00000000   Number         0  dcmpi.o ABSOLUTE
    ../fplib/ddiv.s                          0x00000000   Number         0  ddiv.o ABSOLUTE
    ../fplib/deqf.s                          0x00000000   Number         0  deqf.o ABSOLUTE
    ../fplib/dfix.s                          0x00000000   Number         0  dfix.o ABSOLUTE
    ../fplib/dflt.s                          0x00000000   Number         0  dflt_clz.o ABSOLUTE
    ../fplib/dmul.s                          0x00000000   Number         0  dmul.o ABSOLUTE
    ../fplib/dnaninf.s                       0x00000000   Number         0  dnaninf.o ABSOLUTE
    ../fplib/dretinf.s                       0x00000000   Number         0  dretinf.o ABSOLUTE
    ../fplib/f2d.s                           0x00000000   Number         0  f2d.o ABSOLUTE
    ../fplib/fnaninf.s                       0x00000000   Number         0  fnaninf.o ABSOLUTE
    ../fplib/fpinit.s                        0x00000000   Number         0  fpinit.o ABSOLUTE
    ../fplib/fretinf.s                       0x00000000   Number         0  fretinf.o ABSOLUTE
    ../fplib/usenofp.s                       0x00000000   Number         0  usenofp.o ABSOLUTE
    ../mathlib/dunder.c                      0x00000000   Number         0  dunder.o ABSOLUTE
    ../mathlib/log.c                         0x00000000   Number         0  log.o ABSOLUTE
    ../mathlib/log10.c                       0x00000000   Number         0  log10.o ABSOLUTE
    ../mathlib/poly.c                        0x00000000   Number         0  poly.o ABSOLUTE
    ../mathlib/qnan.c                        0x00000000   Number         0  qnan.o ABSOLUTE
    arm_fir_data.c                           0x00000000   Number         0  arm_fir_data.o ABSOLUTE
    arm_fir_example_f32.c                    0x00000000   Number         0  arm_fir_example_f32.o ABSOLUTE
    arm_fir_f32.c                            0x00000000   Number         0  arm_fir_f32.o ABSOLUTE
    arm_fir_init_f32.c                       0x00000000   Number         0  arm_fir_init_f32.o ABSOLUTE
    dc.s                                     0x00000000   Number         0  dc.o ABSOLUTE
    math_helper.c                            0x00000000   Number         0  math_helper.o ABSOLUTE
    startup_stm32f407xx.s                    0x00000000   Number         0  startup_stm32f407xx.o ABSOLUTE
    system_stm32f4xx.c                       0x00000000   Number         0  system_stm32f4xx.o ABSOLUTE
    RESET                                    0x00000000   Section      392  startup_stm32f407xx.o(RESET)
    !!!main                                  0x00000188   Section        8  __main.o(!!!main)
    !!!scatter                               0x00000190   Section       52  __scatter.o(!!!scatter)
    !!dclz77c                                0x000001c4   Section      100  __dclz77c.o(!!dclz77c)
    !!handler_zi                             0x00000228   Section       28  __scatter_zi.o(!!handler_zi)
    .ARM.Collect$$libinit$$00000000          0x00000244   Section        2  libinit.o(.ARM.Collect$$libinit$$00000000)
    .ARM.Collect$$libinit$$00000001          0x00000246   Section        4  libinit2.o(.ARM.Collect$$libinit$$00000001)
    .ARM.Collect$$libinit$$00000004          0x0000024a   Section        0  libinit2.o(.ARM.Collect$$libinit$$00000004)
    .ARM.Collect$$libinit$$0000000A          0x0000024a   Section        0  libinit2.o(.ARM.Collect$$libinit$$0000000A)
    .ARM.Collect$$libinit$$0000000C          0x0000024a   Section        0  libinit2.o(.ARM.Collect$$libinit$$0000000C)
    .ARM.Collect$$libinit$$0000000E          0x0000024a   Section        0  libinit2.o(.ARM.Collect$$libinit$$0000000E)
    .ARM.Collect$$libinit$$00000011          0x0000024a   Section        0  libinit2.o(.ARM.Collect$$libinit$$00000011)
    .ARM.Collect$$libinit$$00000013          0x0000024a   Section        0  libinit2.o(.ARM.Collect$$libinit$$00000013)
    .ARM.Collect$$libinit$$00000015          0x0000024a   Section        0  libinit2.o(.ARM.Collect$$libinit$$00000015)
    .ARM.Collect$$libinit$$00000017          0x0000024a   Section        0  libinit2.o(.ARM.Collect$$libinit$$00000017)
    .ARM.Collect$$libinit$$00000019          0x0000024a   Section        0  libinit2.o(.ARM.Collect$$libinit$$00000019)
    .ARM.Collect$$libinit$$0000001B          0x0000024a   Section        0  libinit2.o(.ARM.Collect$$libinit$$0000001B)
    .ARM.Collect$$libinit$$0000001D          0x0000024a   Section        0  libinit2.o(.ARM.Collect$$libinit$$0000001D)
    .ARM.Collect$$libinit$$0000001F          0x0000024a   Section        0  libinit2.o(.ARM.Collect$$libinit$$0000001F)
    .ARM.Collect$$libinit$$00000021          0x0000024a   Section        0  libinit2.o(.ARM.Collect$$libinit$$00000021)
    .ARM.Collect$$libinit$$00000023          0x0000024a   Section        0  libinit2.o(.ARM.Collect$$libinit$$00000023)
    .ARM.Collect$$libinit$$00000025          0x0000024a   Section        0  libinit2.o(.ARM.Collect$$libinit$$00000025)
    .ARM.Collect$$libinit$$0000002C          0x0000024a   Section        0  libinit2.o(.ARM.Collect$$libinit$$0000002C)
    .ARM.Collect$$libinit$$0000002E          0x0000024a   Section        0  libinit2.o(.ARM.Collect$$libinit$$0000002E)
    .ARM.Collect$$libinit$$00000030          0x0000024a   Section        0  libinit2.o(.ARM.Collect$$libinit$$00000030)
    .ARM.Collect$$libinit$$00000032          0x0000024a   Section        0  libinit2.o(.ARM.Collect$$libinit$$00000032)
    .ARM.Collect$$libinit$$00000033          0x0000024a   Section        2  libinit2.o(.ARM.Collect$$libinit$$00000033)
    .ARM.Collect$$libshutdown$$00000000      0x0000024c   Section        2  libshutdown.o(.ARM.Collect$$libshutdown$$00000000)
    .ARM.Collect$$libshutdown$$00000002      0x0000024e   Section        0  libshutdown2.o(.ARM.Collect$$libshutdown$$00000002)
    .ARM.Collect$$libshutdown$$00000004      0x0000024e   Section        0  libshutdown2.o(.ARM.Collect$$libshutdown$$00000004)
    .ARM.Collect$$libshutdown$$00000007      0x0000024e   Section        0  libshutdown2.o(.ARM.Collect$$libshutdown$$00000007)
    .ARM.Collect$$libshutdown$$0000000A      0x0000024e   Section        0  libshutdown2.o(.ARM.Collect$$libshutdown$$0000000A)
    .ARM.Collect$$libshutdown$$0000000C      0x0000024e   Section        0  libshutdown2.o(.ARM.Collect$$libshutdown$$0000000C)
    .ARM.Collect$$libshutdown$$0000000F      0x0000024e   Section        0  libshutdown2.o(.ARM.Collect$$libshutdown$$0000000F)
    .ARM.Collect$$libshutdown$$00000010      0x0000024e   Section        2  libshutdown2.o(.ARM.Collect$$libshutdown$$00000010)
    .ARM.Collect$$rtentry$$00000000          0x00000250   Section        0  __rtentry.o(.ARM.Collect$$rtentry$$00000000)
    .ARM.Collect$$rtentry$$00000002          0x00000250   Section        0  __rtentry2.o(.ARM.Collect$$rtentry$$00000002)
    .ARM.Collect$$rtentry$$00000004          0x00000250   Section        6  __rtentry4.o(.ARM.Collect$$rtentry$$00000004)
    .ARM.Collect$$rtentry$$00000009          0x00000256   Section        0  __rtentry2.o(.ARM.Collect$$rtentry$$00000009)
    .ARM.Collect$$rtentry$$0000000A          0x00000256   Section        4  __rtentry2.o(.ARM.Collect$$rtentry$$0000000A)
    .ARM.Collect$$rtentry$$0000000C          0x0000025a   Section        0  __rtentry2.o(.ARM.Collect$$rtentry$$0000000C)
    .ARM.Collect$$rtentry$$0000000D          0x0000025a   Section        8  __rtentry2.o(.ARM.Collect$$rtentry$$0000000D)
    .ARM.Collect$$rtexit$$00000000           0x00000262   Section        2  rtexit.o(.ARM.Collect$$rtexit$$00000000)
    .ARM.Collect$$rtexit$$00000002           0x00000264   Section        0  rtexit2.o(.ARM.Collect$$rtexit$$00000002)
    .ARM.Collect$$rtexit$$00000003           0x00000264   Section        4  rtexit2.o(.ARM.Collect$$rtexit$$00000003)
    .ARM.Collect$$rtexit$$00000004           0x00000268   Section        6  rtexit2.o(.ARM.Collect$$rtexit$$00000004)
    [Anonymous Symbol]                       0x00000270   Section        0  math_helper.o(.text)
    [Anonymous Symbol]                       0x000006f4   Section        0  arm_fir_example_f32.o(.text)
    $v0                                      0x000007a0   Number         0  startup_stm32f407xx.o(.text)
    .text                                    0x000007a0   Section       64  startup_stm32f407xx.o(.text)
    [Anonymous Symbol]                       0x000007e0   Section        0  system_stm32f4xx.o(.text)
    [Anonymous Symbol]                       0x00000874   Section        0  arm_fir_f32.o(.text)
    [Anonymous Symbol]                       0x00000d34   Section        0  arm_fir_init_f32.o(.text)
    .text                                    0x00000d54   Section       78  rt_memclr_w.o(.text)
    .text                                    0x00000da2   Section        0  heapauxi.o(.text)
    .text                                    0x00000da8   Section        0  _rserrno.o(.text)
    .text                                    0x00000dc0   Section        8  rt_errno_addr_intlibspace.o(.text)
    .text                                    0x00000dc8   Section        8  libspace.o(.text)
    .text                                    0x00000dd0   Section       74  sys_stackheap_outer.o(.text)
    .text                                    0x00000e1a   Section        0  exit.o(.text)
    .text                                    0x00000e2c   Section        0  sys_exit.o(.text)
    .text                                    0x00000e38   Section        2  use_no_semi.o(.text)
    .text                                    0x00000e3a   Section        0  indicate_semi.o(.text)
    i.__hardfp_log                           0x00000e40   Section        0  log.o(i.__hardfp_log)
    i.__hardfp_log10                         0x00001208   Section        0  log10.o(i.__hardfp_log10)
    i.__kernel_poly                          0x00001338   Section        0  poly.o(i.__kernel_poly)
    i.__mathlib_dbl_divzero                  0x00001430   Section        0  dunder.o(i.__mathlib_dbl_divzero)
    i.__mathlib_dbl_infnan                   0x00001460   Section        0  dunder.o(i.__mathlib_dbl_infnan)
    i.__mathlib_dbl_invalid                  0x00001478   Section        0  dunder.o(i.__mathlib_dbl_invalid)
    i.log                                    0x00001498   Section        0  log.o(i.log)
    $v0                                      0x000014a8   Number         0  basic.o(x$fpl$basic)
    x$fpl$basic                              0x000014a8   Section       24  basic.o(x$fpl$basic)
    $v0                                      0x000014c0   Number         0  d2f.o(x$fpl$d2f)
    x$fpl$d2f                                0x000014c0   Section       98  d2f.o(x$fpl$d2f)
    $v0                                      0x00001524   Number         0  daddsub_clz.o(x$fpl$dadd)
    x$fpl$dadd                               0x00001524   Section      336  daddsub_clz.o(x$fpl$dadd)
    _dadd1                                   0x00001535   Thumb Code     0  daddsub_clz.o(x$fpl$dadd)
    $v0                                      0x00001674   Number         0  dcmpi.o(x$fpl$dcmpinf)
    x$fpl$dcmpinf                            0x00001674   Section       24  dcmpi.o(x$fpl$dcmpinf)
    $v0                                      0x0000168c   Number         0  ddiv.o(x$fpl$ddiv)
    x$fpl$ddiv                               0x0000168c   Section      692  ddiv.o(x$fpl$ddiv)
    ddiv_entry                               0x00001693   Thumb Code     0  ddiv.o(x$fpl$ddiv)
    $v0                                      0x00001940   Number         0  deqf.o(x$fpl$deqf)
    x$fpl$deqf                               0x00001940   Section      120  deqf.o(x$fpl$deqf)
    $v0                                      0x000019b8   Number         0  dfix.o(x$fpl$dfix)
    x$fpl$dfix                               0x000019b8   Section       94  dfix.o(x$fpl$dfix)
    $v0                                      0x00001a16   Number         0  dflt_clz.o(x$fpl$dflt)
    x$fpl$dflt                               0x00001a16   Section       46  dflt_clz.o(x$fpl$dflt)
    $v0                                      0x00001a44   Number         0  dmul.o(x$fpl$dmul)
    x$fpl$dmul                               0x00001a44   Section      340  dmul.o(x$fpl$dmul)
    $v0                                      0x00001b98   Number         0  dnaninf.o(x$fpl$dnaninf)
    x$fpl$dnaninf                            0x00001b98   Section      156  dnaninf.o(x$fpl$dnaninf)
    $v0                                      0x00001c34   Number         0  dretinf.o(x$fpl$dretinf)
    x$fpl$dretinf                            0x00001c34   Section       12  dretinf.o(x$fpl$dretinf)
    $v0                                      0x00001c40   Number         0  daddsub_clz.o(x$fpl$drsb)
    x$fpl$drsb                               0x00001c40   Section       22  daddsub_clz.o(x$fpl$drsb)
    $v0                                      0x00001c58   Number         0  daddsub_clz.o(x$fpl$dsub)
    x$fpl$dsub                               0x00001c58   Section      476  daddsub_clz.o(x$fpl$dsub)
    _dsub1                                   0x00001c69   Thumb Code     0  daddsub_clz.o(x$fpl$dsub)
    $v0                                      0x00001e34   Number         0  f2d.o(x$fpl$f2d)
    x$fpl$f2d                                0x00001e34   Section       86  f2d.o(x$fpl$f2d)
    $v0                                      0x00001e8a   Number         0  fnaninf.o(x$fpl$fnaninf)
    x$fpl$fnaninf                            0x00001e8a   Section      140  fnaninf.o(x$fpl$fnaninf)
    $v0                                      0x00001f16   Number         0  fpinit.o(x$fpl$fpinit)
    x$fpl$fpinit                             0x00001f16   Section       26  fpinit.o(x$fpl$fpinit)
    $v0                                      0x00001f30   Number         0  fretinf.o(x$fpl$fretinf)
    x$fpl$fretinf                            0x00001f30   Section       10  fretinf.o(x$fpl$fretinf)
    x$fpl$usenofp                            0x00001f3a   Section        0  usenofp.o(x$fpl$usenofp)
    Lg2                                      0x00001f40   Data          24  log.o(.constdata)
    .constdata                               0x00001f40   Section       56  log.o(.constdata)
    Lg                                       0x00001f58   Data          32  log.o(.constdata)
    .constdata                               0x00001f78   Section        8  qnan.o(.constdata)
    .bss                                     0x20000a10   Section       96  libspace.o(.bss)
    firStateF32                              0x20000a70   Data         240  arm_fir_example_f32.o(.bss.firStateF32)
    [Anonymous Symbol]                       0x20000a70   Section        0  arm_fir_example_f32.o(.bss.firStateF32)
    testOutput                               0x20000b64   Data        1280  arm_fir_example_f32.o(.bss.testOutput)
    [Anonymous Symbol]                       0x20000b64   Section        0  arm_fir_example_f32.o(.bss.testOutput)
    Heap_Mem                                 0x20001068   Data       57344  startup_stm32f407xx.o(HEAP)
    HEAP                                     0x20001068   Section    57344  startup_stm32f407xx.o(HEAP)
    Stack_Mem                                0x2000f068   Data       65536  startup_stm32f407xx.o(STACK)
    STACK                                    0x2000f068   Section    65536  startup_stm32f407xx.o(STACK)
    __initial_sp                             0x2001f068   Data           0  startup_stm32f407xx.o(STACK)

    Global Symbols

    Symbol Name                              Value     Ov Type        Size  Object(Section)

    BuildAttributes$$THM_ISAv4$E$P$D$K$B$S$7EM$VFPi3$EXTD16$VFPS$VFMA$PE$A:L22UL41UL21$X:L11$S22US41US21$IEEE1$IW$~IW$USESV6$~STKCKD$USESV7$~SHL$OTIME$ROPI$IEEEX$EBA8$UX$STANDARDLIB$REQ8$PRES8$EABIv2 0x00000000   Number         0  anon$$obj.o ABSOLUTE
    __Vectors                                0x00000000   Data           4  startup_stm32f407xx.o(RESET)
    __ARM_exceptions_init                     - Undefined Weak Reference
    __alloca_initialize                       - Undefined Weak Reference
    __arm_preinit_                            - Undefined Weak Reference
    __cpp_initialize__aeabi_                  - Undefined Weak Reference
    __cxa_finalize                            - Undefined Weak Reference
    __rt_locale                               - Undefined Weak Reference
    __sigvec_lookup                           - Undefined Weak Reference
    _atexit_init                              - Undefined Weak Reference
    _call_atexit_fns                          - Undefined Weak Reference
    _clock_init                               - Undefined Weak Reference
    _fp_trap_init                             - Undefined Weak Reference
    _fp_trap_shutdown                         - Undefined Weak Reference
    _get_lc_collate                           - Undefined Weak Reference
    _get_lc_ctype                             - Undefined Weak Reference
    _get_lc_monetary                          - Undefined Weak Reference
    _get_lc_numeric                           - Undefined Weak Reference
    _get_lc_time                              - Undefined Weak Reference
    _getenv_init                              - Undefined Weak Reference
    _handle_redirection                       - Undefined Weak Reference
    _init_alloc                               - Undefined Weak Reference
    _init_user_alloc                          - Undefined Weak Reference
    _initio                                   - Undefined Weak Reference
    _rand_init                                - Undefined Weak Reference
    _signal_finish                            - Undefined Weak Reference
    _signal_init                              - Undefined Weak Reference
    _terminate_alloc                          - Undefined Weak Reference
    _terminate_user_alloc                     - Undefined Weak Reference
    _terminateio                              - Undefined Weak Reference
    __Vectors_End                            0x00000188   Data           0  startup_stm32f407xx.o(RESET)
    __Vectors_Size                           0x00000188   Number         0  startup_stm32f407xx.o ABSOLUTE
    __main                                   0x00000189   Thumb Code     8  __main.o(!!!main)
    __scatterload                            0x00000191   Thumb Code     0  __scatter.o(!!!scatter)
    __scatterload_rt2                        0x00000191   Thumb Code    44  __scatter.o(!!!scatter)
    __scatterload_rt2_thumb_only             0x00000191   Thumb Code     0  __scatter.o(!!!scatter)
    __scatterload_null                       0x0000019f   Thumb Code     0  __scatter.o(!!!scatter)
    __decompress                             0x000001c5   Thumb Code   100  __dclz77c.o(!!dclz77c)
    __decompress2                            0x000001c5   Thumb Code     0  __dclz77c.o(!!dclz77c)
    __scatterload_zeroinit                   0x00000229   Thumb Code    28  __scatter_zi.o(!!handler_zi)
    __rt_lib_init                            0x00000245   Thumb Code     0  libinit.o(.ARM.Collect$$libinit$$00000000)
    __rt_lib_init_fp_1                       0x00000247   Thumb Code     0  libinit2.o(.ARM.Collect$$libinit$$00000001)
    __rt_lib_init_alloca_1                   0x0000024b   Thumb Code     0  libinit2.o(.ARM.Collect$$libinit$$0000002E)
    __rt_lib_init_argv_1                     0x0000024b   Thumb Code     0  libinit2.o(.ARM.Collect$$libinit$$0000002C)
    __rt_lib_init_atexit_1                   0x0000024b   Thumb Code     0  libinit2.o(.ARM.Collect$$libinit$$0000001B)
    __rt_lib_init_clock_1                    0x0000024b   Thumb Code     0  libinit2.o(.ARM.Collect$$libinit$$00000021)
    __rt_lib_init_cpp_1                      0x0000024b   Thumb Code     0  libinit2.o(.ARM.Collect$$libinit$$00000032)
    __rt_lib_init_exceptions_1               0x0000024b   Thumb Code     0  libinit2.o(.ARM.Collect$$libinit$$00000030)
    __rt_lib_init_fp_trap_1                  0x0000024b   Thumb Code     0  libinit2.o(.ARM.Collect$$libinit$$0000001F)
    __rt_lib_init_getenv_1                   0x0000024b   Thumb Code     0  libinit2.o(.ARM.Collect$$libinit$$00000023)
    __rt_lib_init_heap_1                     0x0000024b   Thumb Code     0  libinit2.o(.ARM.Collect$$libinit$$0000000A)
    __rt_lib_init_lc_collate_1               0x0000024b   Thumb Code     0  libinit2.o(.ARM.Collect$$libinit$$00000011)
    __rt_lib_init_lc_ctype_1                 0x0000024b   Thumb Code     0  libinit2.o(.ARM.Collect$$libinit$$00000013)
    __rt_lib_init_lc_monetary_1              0x0000024b   Thumb Code     0  libinit2.o(.ARM.Collect$$libinit$$00000015)
    __rt_lib_init_lc_numeric_1               0x0000024b   Thumb Code     0  libinit2.o(.ARM.Collect$$libinit$$00000017)
    __rt_lib_init_lc_time_1                  0x0000024b   Thumb Code     0  libinit2.o(.ARM.Collect$$libinit$$00000019)
    __rt_lib_init_preinit_1                  0x0000024b   Thumb Code     0  libinit2.o(.ARM.Collect$$libinit$$00000004)
    __rt_lib_init_rand_1                     0x0000024b   Thumb Code     0  libinit2.o(.ARM.Collect$$libinit$$0000000E)
    __rt_lib_init_return                     0x0000024b   Thumb Code     0  libinit2.o(.ARM.Collect$$libinit$$00000033)
    __rt_lib_init_signal_1                   0x0000024b   Thumb Code     0  libinit2.o(.ARM.Collect$$libinit$$0000001D)
    __rt_lib_init_stdio_1                    0x0000024b   Thumb Code     0  libinit2.o(.ARM.Collect$$libinit$$00000025)
    __rt_lib_init_user_alloc_1               0x0000024b   Thumb Code     0  libinit2.o(.ARM.Collect$$libinit$$0000000C)
    __rt_lib_shutdown                        0x0000024d   Thumb Code     0  libshutdown.o(.ARM.Collect$$libshutdown$$00000000)
    __rt_lib_shutdown_cpp_1                  0x0000024f   Thumb Code     0  libshutdown2.o(.ARM.Collect$$libshutdown$$00000002)
    __rt_lib_shutdown_fp_trap_1              0x0000024f   Thumb Code     0  libshutdown2.o(.ARM.Collect$$libshutdown$$00000007)
    __rt_lib_shutdown_heap_1                 0x0000024f   Thumb Code     0  libshutdown2.o(.ARM.Collect$$libshutdown$$0000000F)
    __rt_lib_shutdown_return                 0x0000024f   Thumb Code     0  libshutdown2.o(.ARM.Collect$$libshutdown$$00000010)
    __rt_lib_shutdown_signal_1               0x0000024f   Thumb Code     0  libshutdown2.o(.ARM.Collect$$libshutdown$$0000000A)
    __rt_lib_shutdown_stdio_1                0x0000024f   Thumb Code     0  libshutdown2.o(.ARM.Collect$$libshutdown$$00000004)
    __rt_lib_shutdown_user_alloc_1           0x0000024f   Thumb Code     0  libshutdown2.o(.ARM.Collect$$libshutdown$$0000000C)
    __rt_entry                               0x00000251   Thumb Code     0  __rtentry.o(.ARM.Collect$$rtentry$$00000000)
    __rt_entry_presh_1                       0x00000251   Thumb Code     0  __rtentry2.o(.ARM.Collect$$rtentry$$00000002)
    __rt_entry_sh                            0x00000251   Thumb Code     0  __rtentry4.o(.ARM.Collect$$rtentry$$00000004)
    __rt_entry_li                            0x00000257   Thumb Code     0  __rtentry2.o(.ARM.Collect$$rtentry$$0000000A)
    __rt_entry_postsh_1                      0x00000257   Thumb Code     0  __rtentry2.o(.ARM.Collect$$rtentry$$00000009)
    __rt_entry_main                          0x0000025b   Thumb Code     0  __rtentry2.o(.ARM.Collect$$rtentry$$0000000D)
    __rt_entry_postli_1                      0x0000025b   Thumb Code     0  __rtentry2.o(.ARM.Collect$$rtentry$$0000000C)
    __rt_exit                                0x00000263   Thumb Code     0  rtexit.o(.ARM.Collect$$rtexit$$00000000)
    __rt_exit_ls                             0x00000265   Thumb Code     0  rtexit2.o(.ARM.Collect$$rtexit$$00000003)
    __rt_exit_prels_1                        0x00000265   Thumb Code     0  rtexit2.o(.ARM.Collect$$rtexit$$00000002)
    __rt_exit_exit                           0x00000269   Thumb Code     0  rtexit2.o(.ARM.Collect$$rtexit$$00000004)
    arm_snr_f32                              0x00000271   Thumb Code   164  math_helper.o(.text)
    arm_provide_guard_bits_q15               0x00000315   Thumb Code    24  math_helper.o(.text)
    arm_float_to_q12_20                      0x00000331   Thumb Code   140  math_helper.o(.text)
    arm_compare_fixed_q15                    0x000003bd   Thumb Code    48  math_helper.o(.text)
    arm_compare_fixed_q31                    0x000003ed   Thumb Code    48  math_helper.o(.text)
    arm_provide_guard_bits_q31               0x0000041d   Thumb Code    24  math_helper.o(.text)
    arm_provide_guard_bits_q7                0x00000435   Thumb Code    24  math_helper.o(.text)
    arm_calc_guard_bits                      0x0000044d   Thumb Code    30  math_helper.o(.text)
    arm_apply_guard_bits                     0x0000046d   Thumb Code    50  math_helper.o(.text)
    arm_calc_2pow                            0x000004a1   Thumb Code    22  math_helper.o(.text)
    arm_float_to_q14                         0x000004b9   Thumb Code   140  math_helper.o(.text)
    arm_float_to_q30                         0x00000549   Thumb Code   140  math_helper.o(.text)
    arm_float_to_q29                         0x000005d9   Thumb Code   140  math_helper.o(.text)
    arm_float_to_q28                         0x00000669   Thumb Code   140  math_helper.o(.text)
    main                                     0x000006f5   Thumb Code   172  arm_fir_example_f32.o(.text)
    Reset_Handler                            0x000007a1   Thumb Code     8  startup_stm32f407xx.o(.text)
    NMI_Handler                              0x000007a9   Thumb Code     2  startup_stm32f407xx.o(.text)
    HardFault_Handler                        0x000007ab   Thumb Code     2  startup_stm32f407xx.o(.text)
    MemManage_Handler                        0x000007ad   Thumb Code     2  startup_stm32f407xx.o(.text)
    BusFault_Handler                         0x000007af   Thumb Code     2  startup_stm32f407xx.o(.text)
    UsageFault_Handler                       0x000007b1   Thumb Code     2  startup_stm32f407xx.o(.text)
    SVC_Handler                              0x000007b3   Thumb Code     2  startup_stm32f407xx.o(.text)
    DebugMon_Handler                         0x000007b5   Thumb Code     2  startup_stm32f407xx.o(.text)
    PendSV_Handler                           0x000007b7   Thumb Code     2  startup_stm32f407xx.o(.text)
    SysTick_Handler                          0x000007b9   Thumb Code     2  startup_stm32f407xx.o(.text)
    ADC_IRQHandler                           0x000007bb   Thumb Code     0  startup_stm32f407xx.o(.text)
    CAN1_RX0_IRQHandler                      0x000007bb   Thumb Code     0  startup_stm32f407xx.o(.text)
    CAN1_RX1_IRQHandler                      0x000007bb   Thumb Code     0  startup_stm32f407xx.o(.text)
    CAN1_SCE_IRQHandler                      0x000007bb   Thumb Code     0  startup_stm32f407xx.o(.text)
    CAN1_TX_IRQHandler                       0x000007bb   Thumb Code     0  startup_stm32f407xx.o(.text)
    CAN2_RX0_IRQHandler                      0x000007bb   Thumb Code     0  startup_stm32f407xx.o(.text)
    CAN2_RX1_IRQHandler                      0x000007bb   Thumb Code     0  startup_stm32f407xx.o(.text)
    CAN2_SCE_IRQHandler                      0x000007bb   Thumb Code     0  startup_stm32f407xx.o(.text)
    CAN2_TX_IRQHandler                       0x000007bb   Thumb Code     0  startup_stm32f407xx.o(.text)
    DCMI_IRQHandler                          0x000007bb   Thumb Code     0  startup_stm32f407xx.o(.text)
    DMA1_Stream0_IRQHandler                  0x000007bb   Thumb Code     0  startup_stm32f407xx.o(.text)
    DMA1_Stream1_IRQHandler                  0x000007bb   Thumb Code     0  startup_stm32f407xx.o(.text)
    DMA1_Stream2_IRQHandler                  0x000007bb   Thumb Code     0  startup_stm32f407xx.o(.text)
    DMA1_Stream3_IRQHandler                  0x000007bb   Thumb Code     0  startup_stm32f407xx.o(.text)
    DMA1_Stream4_IRQHandler                  0x000007bb   Thumb Code     0  startup_stm32f407xx.o(.text)
    DMA1_Stream5_IRQHandler                  0x000007bb   Thumb Code     0  startup_stm32f407xx.o(.text)
    DMA1_Stream6_IRQHandler                  0x000007bb   Thumb Code     0  startup_stm32f407xx.o(.text)
    DMA1_Stream7_IRQHandler                  0x000007bb   Thumb Code     0  startup_stm32f407xx.o(.text)
    DMA2_Stream0_IRQHandler                  0x000007bb   Thumb Code     0  startup_stm32f407xx.o(.text)
    DMA2_Stream1_IRQHandler                  0x000007bb   Thumb Code     0  startup_stm32f407xx.o(.text)
    DMA2_Stream2_IRQHandler                  0x000007bb   Thumb Code     0  startup_stm32f407xx.o(.text)
    DMA2_Stream3_IRQHandler                  0x000007bb   Thumb Code     0  startup_stm32f407xx.o(.text)
    DMA2_Stream4_IRQHandler                  0x000007bb   Thumb Code     0  startup_stm32f407xx.o(.text)
    DMA2_Stream5_IRQHandler                  0x000007bb   Thumb Code     0  startup_stm32f407xx.o(.text)
    DMA2_Stream6_IRQHandler                  0x000007bb   Thumb Code     0  startup_stm32f407xx.o(.text)
    DMA2_Stream7_IRQHandler                  0x000007bb   Thumb Code     0  startup_stm32f407xx.o(.text)
    ETH_IRQHandler                           0x000007bb   Thumb Code     0  startup_stm32f407xx.o(.text)
    ETH_WKUP_IRQHandler                      0x000007bb   Thumb Code     0  startup_stm32f407xx.o(.text)
    EXTI0_IRQHandler                         0x000007bb   Thumb Code     0  startup_stm32f407xx.o(.text)
    EXTI15_10_IRQHandler                     0x000007bb   Thumb Code     0  startup_stm32f407xx.o(.text)
    EXTI1_IRQHandler                         0x000007bb   Thumb Code     0  startup_stm32f407xx.o(.text)
    EXTI2_IRQHandler                         0x000007bb   Thumb Code     0  startup_stm32f407xx.o(.text)
    EXTI3_IRQHandler                         0x000007bb   Thumb Code     0  startup_stm32f407xx.o(.text)
    EXTI4_IRQHandler                         0x000007bb   Thumb Code     0  startup_stm32f407xx.o(.text)
    EXTI9_5_IRQHandler                       0x000007bb   Thumb Code     0  startup_stm32f407xx.o(.text)
    FLASH_IRQHandler                         0x000007bb   Thumb Code     0  startup_stm32f407xx.o(.text)
    FMC_IRQHandler                           0x000007bb   Thumb Code     0  startup_stm32f407xx.o(.text)
    FPU_IRQHandler                           0x000007bb   Thumb Code     0  startup_stm32f407xx.o(.text)
    HASH_RNG_IRQHandler                      0x000007bb   Thumb Code     0  startup_stm32f407xx.o(.text)
    I2C1_ER_IRQHandler                       0x000007bb   Thumb Code     0  startup_stm32f407xx.o(.text)
    I2C1_EV_IRQHandler                       0x000007bb   Thumb Code     0  startup_stm32f407xx.o(.text)
    I2C2_ER_IRQHandler                       0x000007bb   Thumb Code     0  startup_stm32f407xx.o(.text)
    I2C2_EV_IRQHandler                       0x000007bb   Thumb Code     0  startup_stm32f407xx.o(.text)
    I2C3_ER_IRQHandler                       0x000007bb   Thumb Code     0  startup_stm32f407xx.o(.text)
    I2C3_EV_IRQHandler                       0x000007bb   Thumb Code     0  startup_stm32f407xx.o(.text)
    OTG_FS_IRQHandler                        0x000007bb   Thumb Code     0  startup_stm32f407xx.o(.text)
    OTG_FS_WKUP_IRQHandler                   0x000007bb   Thumb Code     0  startup_stm32f407xx.o(.text)
    OTG_HS_EP1_IN_IRQHandler                 0x000007bb   Thumb Code     0  startup_stm32f407xx.o(.text)
    OTG_HS_EP1_OUT_IRQHandler                0x000007bb   Thumb Code     0  startup_stm32f407xx.o(.text)
    OTG_HS_IRQHandler                        0x000007bb   Thumb Code     0  startup_stm32f407xx.o(.text)
    OTG_HS_WKUP_IRQHandler                   0x000007bb   Thumb Code     0  startup_stm32f407xx.o(.text)
    PVD_IRQHandler                           0x000007bb   Thumb Code     0  startup_stm32f407xx.o(.text)
    RCC_IRQHandler                           0x000007bb   Thumb Code     0  startup_stm32f407xx.o(.text)
    RTC_Alarm_IRQHandler                     0x000007bb   Thumb Code     0  startup_stm32f407xx.o(.text)
    RTC_WKUP_IRQHandler                      0x000007bb   Thumb Code     0  startup_stm32f407xx.o(.text)
    SDIO_IRQHandler                          0x000007bb   Thumb Code     0  startup_stm32f407xx.o(.text)
    SPI1_IRQHandler                          0x000007bb   Thumb Code     0  startup_stm32f407xx.o(.text)
    SPI2_IRQHandler                          0x000007bb   Thumb Code     0  startup_stm32f407xx.o(.text)
    SPI3_IRQHandler                          0x000007bb   Thumb Code     0  startup_stm32f407xx.o(.text)
    TAMP_STAMP_IRQHandler                    0x000007bb   Thumb Code     0  startup_stm32f407xx.o(.text)
    TIM1_BRK_TIM9_IRQHandler                 0x000007bb   Thumb Code     0  startup_stm32f407xx.o(.text)
    TIM1_CC_IRQHandler                       0x000007bb   Thumb Code     0  startup_stm32f407xx.o(.text)
    TIM1_TRG_COM_TIM11_IRQHandler            0x000007bb   Thumb Code     0  startup_stm32f407xx.o(.text)
    TIM1_UP_TIM10_IRQHandler                 0x000007bb   Thumb Code     0  startup_stm32f407xx.o(.text)
    TIM2_IRQHandler                          0x000007bb   Thumb Code     0  startup_stm32f407xx.o(.text)
    TIM3_IRQHandler                          0x000007bb   Thumb Code     0  startup_stm32f407xx.o(.text)
    TIM4_IRQHandler                          0x000007bb   Thumb Code     0  startup_stm32f407xx.o(.text)
    TIM5_IRQHandler                          0x000007bb   Thumb Code     0  startup_stm32f407xx.o(.text)
    TIM6_DAC_IRQHandler                      0x000007bb   Thumb Code     0  startup_stm32f407xx.o(.text)
    TIM7_IRQHandler                          0x000007bb   Thumb Code     0  startup_stm32f407xx.o(.text)
    TIM8_BRK_TIM12_IRQHandler                0x000007bb   Thumb Code     0  startup_stm32f407xx.o(.text)
    TIM8_CC_IRQHandler                       0x000007bb   Thumb Code     0  startup_stm32f407xx.o(.text)
    TIM8_TRG_COM_TIM14_IRQHandler            0x000007bb   Thumb Code     0  startup_stm32f407xx.o(.text)
    TIM8_UP_TIM13_IRQHandler                 0x000007bb   Thumb Code     0  startup_stm32f407xx.o(.text)
    UART4_IRQHandler                         0x000007bb   Thumb Code     0  startup_stm32f407xx.o(.text)
    UART5_IRQHandler                         0x000007bb   Thumb Code     0  startup_stm32f407xx.o(.text)
    USART1_IRQHandler                        0x000007bb   Thumb Code     0  startup_stm32f407xx.o(.text)
    USART2_IRQHandler                        0x000007bb   Thumb Code     0  startup_stm32f407xx.o(.text)
    USART3_IRQHandler                        0x000007bb   Thumb Code     0  startup_stm32f407xx.o(.text)
    USART6_IRQHandler                        0x000007bb   Thumb Code     0  startup_stm32f407xx.o(.text)
    WWDG_IRQHandler                          0x000007bb   Thumb Code     0  startup_stm32f407xx.o(.text)
    __user_initial_stackheap                 0x000007bd   Thumb Code     0  startup_stm32f407xx.o(.text)
    SystemInit                               0x000007e1   Thumb Code    18  system_stm32f4xx.o(.text)
    SystemCoreClockUpdate                    0x000007f5   Thumb Code   126  system_stm32f4xx.o(.text)
    arm_fir_f32                              0x00000875   Thumb Code  1216  arm_fir_f32.o(.text)
    arm_fir_init_f32                         0x00000d35   Thumb Code    32  arm_fir_init_f32.o(.text)
    __aeabi_memclr4                          0x00000d55   Thumb Code     0  rt_memclr_w.o(.text)
    __aeabi_memclr8                          0x00000d55   Thumb Code     0  rt_memclr_w.o(.text)
    __rt_memclr_w                            0x00000d55   Thumb Code     0  rt_memclr_w.o(.text)
    _memset_w                                0x00000d59   Thumb Code    74  rt_memclr_w.o(.text)
    __use_two_region_memory                  0x00000da3   Thumb Code     2  heapauxi.o(.text)
    __rt_heap_escrow$2region                 0x00000da5   Thumb Code     2  heapauxi.o(.text)
    __rt_heap_expand$2region                 0x00000da7   Thumb Code     2  heapauxi.o(.text)
    __read_errno                             0x00000da9   Thumb Code    10  _rserrno.o(.text)
    __set_errno                              0x00000db3   Thumb Code    12  _rserrno.o(.text)
    __aeabi_errno_addr                       0x00000dc1   Thumb Code     8  rt_errno_addr_intlibspace.o(.text)
    __errno$intlibspace                      0x00000dc1   Thumb Code     0  rt_errno_addr_intlibspace.o(.text)
    __rt_errno_addr$intlibspace              0x00000dc1   Thumb Code     0  rt_errno_addr_intlibspace.o(.text)
    __user_libspace                          0x00000dc9   Thumb Code     8  libspace.o(.text)
    __user_perproc_libspace                  0x00000dc9   Thumb Code     0  libspace.o(.text)
    __user_perthread_libspace                0x00000dc9   Thumb Code     0  libspace.o(.text)
    __user_setup_stackheap                   0x00000dd1   Thumb Code    74  sys_stackheap_outer.o(.text)
    exit                                     0x00000e1b   Thumb Code    18  exit.o(.text)
    _sys_exit                                0x00000e2d   Thumb Code     8  sys_exit.o(.text)
    __I$use$semihosting                      0x00000e39   Thumb Code     0  use_no_semi.o(.text)
    __use_no_semihosting_swi                 0x00000e39   Thumb Code     2  use_no_semi.o(.text)
    __semihosting_library_function           0x00000e3b   Thumb Code     0  indicate_semi.o(.text)
    __hardfp_log                             0x00000e41   Thumb Code   872  log.o(i.__hardfp_log)
    __hardfp_log10                           0x00001209   Thumb Code   260  log10.o(i.__hardfp_log10)
    __kernel_poly                            0x00001339   Thumb Code   248  poly.o(i.__kernel_poly)
    __mathlib_dbl_divzero                    0x00001431   Thumb Code    28  dunder.o(i.__mathlib_dbl_divzero)
    __mathlib_dbl_infnan                     0x00001461   Thumb Code    20  dunder.o(i.__mathlib_dbl_infnan)
    __mathlib_dbl_invalid                    0x00001479   Thumb Code    24  dunder.o(i.__mathlib_dbl_invalid)
    log                                      0x00001499   Thumb Code    16  log.o(i.log)
    __aeabi_dneg                             0x000014a9   Thumb Code     0  basic.o(x$fpl$basic)
    _dneg                                    0x000014a9   Thumb Code     6  basic.o(x$fpl$basic)
    __aeabi_fneg                             0x000014af   Thumb Code     0  basic.o(x$fpl$basic)
    _fneg                                    0x000014af   Thumb Code     6  basic.o(x$fpl$basic)
    _dabs                                    0x000014b5   Thumb Code     6  basic.o(x$fpl$basic)
    _fabs                                    0x000014bb   Thumb Code     6  basic.o(x$fpl$basic)
    __aeabi_d2f                              0x000014c1   Thumb Code     0  d2f.o(x$fpl$d2f)
    _d2f                                     0x000014c1   Thumb Code    98  d2f.o(x$fpl$d2f)
    __aeabi_dadd                             0x00001525   Thumb Code     0  daddsub_clz.o(x$fpl$dadd)
    _dadd                                    0x00001525   Thumb Code   332  daddsub_clz.o(x$fpl$dadd)
    __fpl_dcmp_Inf                           0x00001675   Thumb Code    24  dcmpi.o(x$fpl$dcmpinf)
    __aeabi_ddiv                             0x0000168d   Thumb Code     0  ddiv.o(x$fpl$ddiv)
    _ddiv                                    0x0000168d   Thumb Code   556  ddiv.o(x$fpl$ddiv)
    __aeabi_cdcmpeq                          0x00001941   Thumb Code     0  deqf.o(x$fpl$deqf)
    _dcmpeq                                  0x00001941   Thumb Code   120  deqf.o(x$fpl$deqf)
    __aeabi_d2iz                             0x000019b9   Thumb Code     0  dfix.o(x$fpl$dfix)
    _dfix                                    0x000019b9   Thumb Code    94  dfix.o(x$fpl$dfix)
    __aeabi_i2d                              0x00001a17   Thumb Code     0  dflt_clz.o(x$fpl$dflt)
    _dflt                                    0x00001a17   Thumb Code    46  dflt_clz.o(x$fpl$dflt)
    __aeabi_dmul                             0x00001a45   Thumb Code     0  dmul.o(x$fpl$dmul)
    _dmul                                    0x00001a45   Thumb Code   332  dmul.o(x$fpl$dmul)
    __fpl_dnaninf                            0x00001b99   Thumb Code   156  dnaninf.o(x$fpl$dnaninf)
    __fpl_dretinf                            0x00001c35   Thumb Code    12  dretinf.o(x$fpl$dretinf)
    __aeabi_drsub                            0x00001c41   Thumb Code     0  daddsub_clz.o(x$fpl$drsb)
    _drsb                                    0x00001c41   Thumb Code    22  daddsub_clz.o(x$fpl$drsb)
    __aeabi_dsub                             0x00001c59   Thumb Code     0  daddsub_clz.o(x$fpl$dsub)
    _dsub                                    0x00001c59   Thumb Code   472  daddsub_clz.o(x$fpl$dsub)
    __aeabi_f2d                              0x00001e35   Thumb Code     0  f2d.o(x$fpl$f2d)
    _f2d                                     0x00001e35   Thumb Code    86  f2d.o(x$fpl$f2d)
    __fpl_fnaninf                            0x00001e8b   Thumb Code   140  fnaninf.o(x$fpl$fnaninf)
    _fp_init                                 0x00001f17   Thumb Code    26  fpinit.o(x$fpl$fpinit)
    __fplib_config_fpu_vfp                   0x00001f2f   Thumb Code     0  fpinit.o(x$fpl$fpinit)
    __fplib_config_pureend_doubles           0x00001f2f   Thumb Code     0  fpinit.o(x$fpl$fpinit)
    __fpl_fretinf                            0x00001f31   Thumb Code    10  fretinf.o(x$fpl$fretinf)
    __I$use$fp                               0x00001f3a   Number         0  usenofp.o(x$fpl$usenofp)
    __mathlib_zero                           0x00001f78   Data           8  qnan.o(.constdata)
    AHBPrescTable                            0x00001f80   Data          16  system_stm32f4xx.o(.rodata.AHBPrescTable)
    firCoeffs32                              0x00001f90   Data         116  arm_fir_example_f32.o(.rodata.firCoeffs32)
    Region$$Table$$Base                      0x00002004   Number         0  anon$$obj.o(Region$$Table)
    Region$$Table$$Limit                     0x00002024   Number         0  anon$$obj.o(Region$$Table)
    SystemCoreClock                          0x20000000   Data           4  system_stm32f4xx.o(.data.SystemCoreClock)
    blockSize                                0x20000004   Data           4  arm_fir_example_f32.o(.data.blockSize)
    numBlocks                                0x20000008   Data           4  arm_fir_example_f32.o(.data.numBlocks)
    refOutput                                0x2000000c   Data        1280  arm_fir_data.o(.data.refOutput)
    testInput_f32_1kHz_15kHz                 0x2000050c   Data        1280  arm_fir_data.o(.data.testInput_f32_1kHz_15kHz)
    __libspace_start                         0x20000a10   Data          96  libspace.o(.bss)
    __temporary_stack_top$libspace           0x20000a70   Data           0  libspace.o(.bss)
    snr                                      0x20000b60   Data           4  arm_fir_example_f32.o(.bss.snr)



==============================================================================

Memory Map of the image

  Image Entry point : 0x000007a1

  Load Region LR_1 (Base: 0x00000000, Size: 0x00002a30, Max: 0xffffffff, ABSOLUTE, COMPRESSED[0x000021d0])

    Execution Region ER_RO (Exec base: 0x00000000, Load base: 0x00000000, Size: 0x00002024, Max: 0xffffffff, ABSOLUTE)

    Exec Addr    Load Addr    Size         Type   Attr      Idx    E Section Name        Object

    0x00000000   0x00000000   0x00000188   Data   RO           33    RESET               startup_stm32f407xx.o
    0x00000188   0x00000188   0x00000008   Code   RO           73  * !!!main             c_w.l(__main.o)
    0x00000190   0x00000190   0x00000034   Code   RO          316    !!!scatter          c_w.l(__scatter.o)
    0x000001c4   0x000001c4   0x00000064   Code   RO          314    !!dclz77c           c_w.l(__dclz77c.o)
    0x00000228   0x00000228   0x0000001c   Code   RO          318    !!handler_zi        c_w.l(__scatter_zi.o)
    0x00000244   0x00000244   0x00000002   Code   RO          179    .ARM.Collect$$libinit$$00000000  c_w.l(libinit.o)
    0x00000246   0x00000246   0x00000004   Code   RO          184    .ARM.Collect$$libinit$$00000001  c_w.l(libinit2.o)
    0x0000024a   0x0000024a   0x00000000   Code   RO          187    .ARM.Collect$$libinit$$00000004  c_w.l(libinit2.o)
    0x0000024a   0x0000024a   0x00000000   Code   RO          190    .ARM.Collect$$libinit$$0000000A  c_w.l(libinit2.o)
    0x0000024a   0x0000024a   0x00000000   Code   RO          192    .ARM.Collect$$libinit$$0000000C  c_w.l(libinit2.o)
    0x0000024a   0x0000024a   0x00000000   Code   RO          194    .ARM.Collect$$libinit$$0000000E  c_w.l(libinit2.o)
    0x0000024a   0x0000024a   0x00000000   Code   RO          197    .ARM.Collect$$libinit$$00000011  c_w.l(libinit2.o)
    0x0000024a   0x0000024a   0x00000000   Code   RO          199    .ARM.Collect$$libinit$$00000013  c_w.l(libinit2.o)
    0x0000024a   0x0000024a   0x00000000   Code   RO          201    .ARM.Collect$$libinit$$00000015  c_w.l(libinit2.o)
    0x0000024a   0x0000024a   0x00000000   Code   RO          203    .ARM.Collect$$libinit$$00000017  c_w.l(libinit2.o)
    0x0000024a   0x0000024a   0x00000000   Code   RO          205    .ARM.Collect$$libinit$$00000019  c_w.l(libinit2.o)
    0x0000024a   0x0000024a   0x00000000   Code   RO          207    .ARM.Collect$$libinit$$0000001B  c_w.l(libinit2.o)
    0x0000024a   0x0000024a   0x00000000   Code   RO          209    .ARM.Collect$$libinit$$0000001D  c_w.l(libinit2.o)
    0x0000024a   0x0000024a   0x00000000   Code   RO          211    .ARM.Collect$$libinit$$0000001F  c_w.l(libinit2.o)
    0x0000024a   0x0000024a   0x00000000   Code   RO          213    .ARM.Collect$$libinit$$00000021  c_w.l(libinit2.o)
    0x0000024a   0x0000024a   0x00000000   Code   RO          215    .ARM.Collect$$libinit$$00000023  c_w.l(libinit2.o)
    0x0000024a   0x0000024a   0x00000000   Code   RO          217    .ARM.Collect$$libinit$$00000025  c_w.l(libinit2.o)
    0x0000024a   0x0000024a   0x00000000   Code   RO          221    .ARM.Collect$$libinit$$0000002C  c_w.l(libinit2.o)
    0x0000024a   0x0000024a   0x00000000   Code   RO          223    .ARM.Collect$$libinit$$0000002E  c_w.l(libinit2.o)
    0x0000024a   0x0000024a   0x00000000   Code   RO          225    .ARM.Collect$$libinit$$00000030  c_w.l(libinit2.o)
    0x0000024a   0x0000024a   0x00000000   Code   RO          227    .ARM.Collect$$libinit$$00000032  c_w.l(libinit2.o)
    0x0000024a   0x0000024a   0x00000002   Code   RO          228    .ARM.Collect$$libinit$$00000033  c_w.l(libinit2.o)
    0x0000024c   0x0000024c   0x00000002   Code   RO          250    .ARM.Collect$$libshutdown$$00000000  c_w.l(libshutdown.o)
    0x0000024e   0x0000024e   0x00000000   Code   RO          265    .ARM.Collect$$libshutdown$$00000002  c_w.l(libshutdown2.o)
    0x0000024e   0x0000024e   0x00000000   Code   RO          267    .ARM.Collect$$libshutdown$$00000004  c_w.l(libshutdown2.o)
    0x0000024e   0x0000024e   0x00000000   Code   RO          270    .ARM.Collect$$libshutdown$$00000007  c_w.l(libshutdown2.o)
    0x0000024e   0x0000024e   0x00000000   Code   RO          273    .ARM.Collect$$libshutdown$$0000000A  c_w.l(libshutdown2.o)
    0x0000024e   0x0000024e   0x00000000   Code   RO          275    .ARM.Collect$$libshutdown$$0000000C  c_w.l(libshutdown2.o)
    0x0000024e   0x0000024e   0x00000000   Code   RO          278    .ARM.Collect$$libshutdown$$0000000F  c_w.l(libshutdown2.o)
    0x0000024e   0x0000024e   0x00000002   Code   RO          279    .ARM.Collect$$libshutdown$$00000010  c_w.l(libshutdown2.o)
    0x00000250   0x00000250   0x00000000   Code   RO          103    .ARM.Collect$$rtentry$$00000000  c_w.l(__rtentry.o)
    0x00000250   0x00000250   0x00000000   Code   RO          139    .ARM.Collect$$rtentry$$00000002  c_w.l(__rtentry2.o)
    0x00000250   0x00000250   0x00000006   Code   RO          151    .ARM.Collect$$rtentry$$00000004  c_w.l(__rtentry4.o)
    0x00000256   0x00000256   0x00000000   Code   RO          141    .ARM.Collect$$rtentry$$00000009  c_w.l(__rtentry2.o)
    0x00000256   0x00000256   0x00000004   Code   RO          142    .ARM.Collect$$rtentry$$0000000A  c_w.l(__rtentry2.o)
    0x0000025a   0x0000025a   0x00000000   Code   RO          144    .ARM.Collect$$rtentry$$0000000C  c_w.l(__rtentry2.o)
    0x0000025a   0x0000025a   0x00000008   Code   RO          145    .ARM.Collect$$rtentry$$0000000D  c_w.l(__rtentry2.o)
    0x00000262   0x00000262   0x00000002   Code   RO          182    .ARM.Collect$$rtexit$$00000000  c_w.l(rtexit.o)
    0x00000264   0x00000264   0x00000000   Code   RO          230    .ARM.Collect$$rtexit$$00000002  c_w.l(rtexit2.o)
    0x00000264   0x00000264   0x00000004   Code   RO          231    .ARM.Collect$$rtexit$$00000003  c_w.l(rtexit2.o)
    0x00000268   0x00000268   0x00000006   Code   RO          232    .ARM.Collect$$rtexit$$00000004  c_w.l(rtexit2.o)
    0x0000026e   0x0000026e   0x00000002   PAD
    0x00000270   0x00000270   0x00000484   Code   RO            1    .text               math_helper.o
    0x000006f4   0x000006f4   0x000000ac   Code   RO           16    .text               arm_fir_example_f32.o
    0x000007a0   0x000007a0   0x00000040   Code   RO           34  * .text               startup_stm32f407xx.o
    0x000007e0   0x000007e0   0x00000092   Code   RO           40    .text               system_stm32f4xx.o
    0x00000872   0x00000872   0x00000002   PAD
    0x00000874   0x00000874   0x000004c0   Code   RO           51    .text               arm_fir_f32.o
    0x00000d34   0x00000d34   0x00000020   Code   RO           59    .text               arm_fir_init_f32.o
    0x00000d54   0x00000d54   0x0000004e   Code   RO           69    .text               c_w.l(rt_memclr_w.o)
    0x00000da2   0x00000da2   0x00000006   Code   RO           71    .text               c_w.l(heapauxi.o)
    0x00000da8   0x00000da8   0x00000016   Code   RO          104    .text               c_w.l(_rserrno.o)
    0x00000dbe   0x00000dbe   0x00000002   PAD
    0x00000dc0   0x00000dc0   0x00000008   Code   RO          156    .text               c_w.l(rt_errno_addr_intlibspace.o)
    0x00000dc8   0x00000dc8   0x00000008   Code   RO          167    .text               c_w.l(libspace.o)
    0x00000dd0   0x00000dd0   0x0000004a   Code   RO          170    .text               c_w.l(sys_stackheap_outer.o)
    0x00000e1a   0x00000e1a   0x00000012   Code   RO          172    .text               c_w.l(exit.o)
    0x00000e2c   0x00000e2c   0x0000000c   Code   RO          240    .text               c_w.l(sys_exit.o)
    0x00000e38   0x00000e38   0x00000002   Code   RO          255    .text               c_w.l(use_no_semi.o)
    0x00000e3a   0x00000e3a   0x00000000   Code   RO          257    .text               c_w.l(indicate_semi.o)
    0x00000e3a   0x00000e3a   0x00000006   PAD
    0x00000e40   0x00000e40   0x000003c4   Code   RO          131    i.__hardfp_log      m_wm.l(log.o)
    0x00001204   0x00001204   0x00000004   PAD
    0x00001208   0x00001208   0x00000130   Code   RO           97    i.__hardfp_log10    m_wm.l(log10.o)
    0x00001338   0x00001338   0x000000f8   Code   RO          164    i.__kernel_poly     m_wm.l(poly.o)
    0x00001430   0x00001430   0x00000030   Code   RO          117    i.__mathlib_dbl_divzero  m_wm.l(dunder.o)
    0x00001460   0x00001460   0x00000014   Code   RO          118    i.__mathlib_dbl_infnan  m_wm.l(dunder.o)
    0x00001474   0x00001474   0x00000004   PAD
    0x00001478   0x00001478   0x00000020   Code   RO          120    i.__mathlib_dbl_invalid  m_wm.l(dunder.o)
    0x00001498   0x00001498   0x00000010   Code   RO          133    i.log               m_wm.l(log.o)
    0x000014a8   0x000014a8   0x00000018   Code   RO          106    x$fpl$basic         fz_wm.l(basic.o)
    0x000014c0   0x000014c0   0x00000062   Code   RO           75    x$fpl$d2f           fz_wm.l(d2f.o)
    0x00001522   0x00001522   0x00000002   PAD
    0x00001524   0x00001524   0x00000150   Code   RO           77    x$fpl$dadd          fz_wm.l(daddsub_clz.o)
    0x00001674   0x00001674   0x00000018   Code   RO          180    x$fpl$dcmpinf       fz_wm.l(dcmpi.o)
    0x0000168c   0x0000168c   0x000002b4   Code   RO          159    x$fpl$ddiv          fz_wm.l(ddiv.o)
    0x00001940   0x00001940   0x00000078   Code   RO          162    x$fpl$deqf          fz_wm.l(deqf.o)
    0x000019b8   0x000019b8   0x0000005e   Code   RO           83    x$fpl$dfix          fz_wm.l(dfix.o)
    0x00001a16   0x00001a16   0x0000002e   Code   RO           88    x$fpl$dflt          fz_wm.l(dflt_clz.o)
    0x00001a44   0x00001a44   0x00000154   Code   RO           93    x$fpl$dmul          fz_wm.l(dmul.o)
    0x00001b98   0x00001b98   0x0000009c   Code   RO          108    x$fpl$dnaninf       fz_wm.l(dnaninf.o)
    0x00001c34   0x00001c34   0x0000000c   Code   RO          110    x$fpl$dretinf       fz_wm.l(dretinf.o)
    0x00001c40   0x00001c40   0x00000016   Code   RO           78    x$fpl$drsb          fz_wm.l(daddsub_clz.o)
    0x00001c56   0x00001c56   0x00000002   PAD
    0x00001c58   0x00001c58   0x000001dc   Code   RO           79    x$fpl$dsub          fz_wm.l(daddsub_clz.o)
    0x00001e34   0x00001e34   0x00000056   Code   RO           95    x$fpl$f2d           fz_wm.l(f2d.o)
    0x00001e8a   0x00001e8a   0x0000008c   Code   RO          112    x$fpl$fnaninf       fz_wm.l(fnaninf.o)
    0x00001f16   0x00001f16   0x0000001a   Code   RO          238    x$fpl$fpinit        fz_wm.l(fpinit.o)
    0x00001f30   0x00001f30   0x0000000a   Code   RO          114    x$fpl$fretinf       fz_wm.l(fretinf.o)
    0x00001f3a   0x00001f3a   0x00000000   Code   RO          116    x$fpl$usenofp       fz_wm.l(usenofp.o)
    0x00001f3a   0x00001f3a   0x00000006   PAD
    0x00001f40   0x00001f40   0x00000038   Data   RO          134    .constdata          m_wm.l(log.o)
    0x00001f78   0x00001f78   0x00000008   Data   RO          166    .constdata          m_wm.l(qnan.o)
    0x00001f80   0x00001f80   0x00000010   Data   RO           43    .rodata.AHBPrescTable  system_stm32f4xx.o
    0x00001f90   0x00001f90   0x00000074   Data   RO           18    .rodata.firCoeffs32  arm_fir_example_f32.o
    0x00002004   0x00002004   0x00000020   Data   RO          313    Region$$Table       anon$$obj.o


    Execution Region ER_RW (Exec base: 0x20000000, Load base: 0x00002024, Size: 0x00000a0c, Max: 0xffffffff, ABSOLUTE, COMPRESSED[0x000001ac])

    Exec Addr    Load Addr    Size         Type   Attr      Idx    E Section Name        Object

    0x20000000   COMPRESSED   0x00000004   Data   RW           42    .data.SystemCoreClock  system_stm32f4xx.o
    0x20000004   COMPRESSED   0x00000004   Data   RW           19    .data.blockSize     arm_fir_example_f32.o
    0x20000008   COMPRESSED   0x00000004   Data   RW           20    .data.numBlocks     arm_fir_example_f32.o
    0x2000000c   COMPRESSED   0x00000500   Data   RW           11    .data.refOutput     arm_fir_data.o
    0x2000050c   COMPRESSED   0x00000500   Data   RW           10    .data.testInput_f32_1kHz_15kHz  arm_fir_data.o


    Execution Region ER_ZI (Exec base: 0x20000a10, Load base: 0x000021d0, Size: 0x0001e658, Max: 0xffffffff, ABSOLUTE)

    Exec Addr    Load Addr    Size         Type   Attr      Idx    E Section Name        Object

    0x20000a10        -       0x00000060   Zero   RW          168    .bss                c_w.l(libspace.o)
    0x20000a70        -       0x000000f0   Zero   RW           22    .bss.firStateF32    arm_fir_example_f32.o
    0x20000b60        -       0x00000004   Zero   RW           23    .bss.snr            arm_fir_example_f32.o
    0x20000b64        -       0x00000500   Zero   RW           21    .bss.testOutput     arm_fir_example_f32.o
    0x20001064   0x000021d0   0x00000004   PAD
    0x20001068        -       0x0000e000   Zero   RW           32    HEAP                startup_stm32f407xx.o
    0x2000f068        -       0x00010000   Zero   RW           31    STACK               startup_stm32f407xx.o


==============================================================================

Image component sizes


      Code (inc. data)   RO Data    RW Data    ZI Data      Debug   Object Name

         0          0          0       2560          0        486   arm_fir_data.o
       172          4        116          8       1524       1624   arm_fir_example_f32.o
      1216          8          0          0          0       6447   arm_fir_f32.o
        32          0          0          0          0       1179   arm_fir_init_f32.o
      1156        124          0          0          0       5917   math_helper.o
        64         26        392          0     122880        820   startup_stm32f407xx.o
       146          0         16          4          0       2564   system_stm32f4xx.o

    ----------------------------------------------------------------------
      2788        162        556       2572     124408      19037   Object Totals
         0          0         32          0          0          0   (incl. Generated)
         2          0          0          0          4          0   (incl. Padding)

    ----------------------------------------------------------------------

      Code (inc. data)   RO Data    RW Data    ZI Data      Debug   Library Member Name

       100          0          0          0          0          0   __dclz77c.o
         8          0          0          0          0         68   __main.o
         0          0          0          0          0          0   __rtentry.o
        12          0          0          0          0          0   __rtentry2.o
         6          0          0          0          0          0   __rtentry4.o
        52          8          0          0          0          0   __scatter.o
        28          0          0          0          0          0   __scatter_zi.o
        22          0          0          0          0        100   _rserrno.o
        18          0          0          0          0         80   exit.o
         6          0          0          0          0        152   heapauxi.o
         0          0          0          0          0          0   indicate_semi.o
         2          0          0          0          0          0   libinit.o
         6          0          0          0          0          0   libinit2.o
         2          0          0          0          0          0   libshutdown.o
         2          0          0          0          0          0   libshutdown2.o
         8          4          0          0         96         68   libspace.o
         8          4          0          0          0         68   rt_errno_addr_intlibspace.o
        78          0          0          0          0         80   rt_memclr_w.o
         2          0          0          0          0          0   rtexit.o
        10          0          0          0          0          0   rtexit2.o
        12          4          0          0          0         68   sys_exit.o
        74          0          0          0          0         80   sys_stackheap_outer.o
         2          0          0          0          0         68   use_no_semi.o
        24          0          0          0          0        164   basic.o
        98          4          0          0          0        140   d2f.o
       834         16          0          0          0        516   daddsub_clz.o
        24          0          0          0          0        116   dcmpi.o
       692        140          0          0          0        264   ddiv.o
       120          4          0          0          0        140   deqf.o
        94          4          0          0          0        140   dfix.o
        46          0          0          0          0        116   dflt_clz.o
       340         12          0          0          0        152   dmul.o
       156          4          0          0          0        140   dnaninf.o
        12          0          0          0          0        116   dretinf.o
        86          4          0          0          0        132   f2d.o
       140          4          0          0          0        132   fnaninf.o
        26          0          0          0          0        116   fpinit.o
        10          0          0          0          0        116   fretinf.o
         0          0          0          0          0          0   usenofp.o
       100         28          0          0          0        372   dunder.o
       980         92         56          0          0        440   log.o
       304         44          0          0          0        200   log10.o
       248          0          0          0          0        152   poly.o
         0          0          8          0          0          0   qnan.o

    ----------------------------------------------------------------------
      4820        380         64          0         96       4496   Library Totals
        28          4          0          0          0          0   (incl. Padding)

    ----------------------------------------------------------------------

      Code (inc. data)   RO Data    RW Data    ZI Data      Debug   Library Name

       458         20          0          0         96        832   c_w.l
      2702        192          0          0          0       2500   fz_wm.l
      1632        164         64          0          0       1164   m_wm.l

    ----------------------------------------------------------------------
      4820        380         64          0         96       4496   Library Totals

    ----------------------------------------------------------------------

==============================================================================


      Code (inc. data)   RO Data    RW Data    ZI Data      Debug   

      7608        542        620       2572     124504      20941   Grand Totals
      7608        542        620        428     124504      20941   ELF Image Totals (compressed)
      7608        542        620        428          0          0   ROM Totals

==============================================================================

    Total RO  Size (Code + RO Data)                 8228 (   8.04kB)
    Total RW  Size (RW Data + ZI Data)            127076 ( 124.10kB)
    Total ROM Size (Code + RO Data + RW Data)       8656 (   8.45kB)

==============================================================================

